Archive member included to satisfy reference by file (symbol)

C:/ST/STM32CubeIDE_1.17.0/STM32CubeIDE/plugins/com.st.stm32cube.ide.mcu.externaltools.gnu-tools-for-stm32.12.3.rel1.win32_1.1.0.202410251130/tools/bin/../lib/gcc/arm-none-eabi/12.3.1/../../../../arm-none-eabi/lib/thumb/v7e-m+fp/hard\libc_nano.a(libc_a-exit.o)
                              C:/ST/STM32CubeIDE_1.17.0/STM32CubeIDE/plugins/com.st.stm32cube.ide.mcu.externaltools.gnu-tools-for-stm32.12.3.rel1.win32_1.1.0.202410251130/tools/bin/../lib/gcc/arm-none-eabi/12.3.1/../../../../arm-none-eabi/lib/thumb/v7e-m+fp/hard/crt0.o (exit)
C:/ST/STM32CubeIDE_1.17.0/STM32CubeIDE/plugins/com.st.stm32cube.ide.mcu.externaltools.gnu-tools-for-stm32.12.3.rel1.win32_1.1.0.202410251130/tools/bin/../lib/gcc/arm-none-eabi/12.3.1/../../../../arm-none-eabi/lib/thumb/v7e-m+fp/hard\libc_nano.a(libc_a-nano-vfprintf_float.o)
                              (_printf_float)
C:/ST/STM32CubeIDE_1.17.0/STM32CubeIDE/plugins/com.st.stm32cube.ide.mcu.externaltools.gnu-tools-for-stm32.12.3.rel1.win32_1.1.0.202410251130/tools/bin/../lib/gcc/arm-none-eabi/12.3.1/../../../../arm-none-eabi/lib/thumb/v7e-m+fp/hard\libc_nano.a(libc_a-nano-vfprintf_i.o)
                              C:/ST/STM32CubeIDE_1.17.0/STM32CubeIDE/plugins/com.st.stm32cube.ide.mcu.externaltools.gnu-tools-for-stm32.12.3.rel1.win32_1.1.0.202410251130/tools/bin/../lib/gcc/arm-none-eabi/12.3.1/../../../../arm-none-eabi/lib/thumb/v7e-m+fp/hard\libc_nano.a(libc_a-nano-vfprintf_float.o) (_printf_common)
C:/ST/STM32CubeIDE_1.17.0/STM32CubeIDE/plugins/com.st.stm32cube.ide.mcu.externaltools.gnu-tools-for-stm32.12.3.rel1.win32_1.1.0.202410251130/tools/bin/../lib/gcc/arm-none-eabi/12.3.1/../../../../arm-none-eabi/lib/thumb/v7e-m+fp/hard\libc_nano.a(libc_a-nano-vfscanf_float.o)
                              (_scanf_float)
C:/ST/STM32CubeIDE_1.17.0/STM32CubeIDE/plugins/com.st.stm32cube.ide.mcu.externaltools.gnu-tools-for-stm32.12.3.rel1.win32_1.1.0.202410251130/tools/bin/../lib/gcc/arm-none-eabi/12.3.1/../../../../arm-none-eabi/lib/thumb/v7e-m+fp/hard\libc_nano.a(libc_a-findfp.o)
                              C:/ST/STM32CubeIDE_1.17.0/STM32CubeIDE/plugins/com.st.stm32cube.ide.mcu.externaltools.gnu-tools-for-stm32.12.3.rel1.win32_1.1.0.202410251130/tools/bin/../lib/gcc/arm-none-eabi/12.3.1/../../../../arm-none-eabi/lib/thumb/v7e-m+fp/hard\libc_nano.a(libc_a-exit.o) (__stdio_exit_handler)
C:/ST/STM32CubeIDE_1.17.0/STM32CubeIDE/plugins/com.st.stm32cube.ide.mcu.externaltools.gnu-tools-for-stm32.12.3.rel1.win32_1.1.0.202410251130/tools/bin/../lib/gcc/arm-none-eabi/12.3.1/../../../../arm-none-eabi/lib/thumb/v7e-m+fp/hard\libc_nano.a(libc_a-fwalk.o)
                              C:/ST/STM32CubeIDE_1.17.0/STM32CubeIDE/plugins/com.st.stm32cube.ide.mcu.externaltools.gnu-tools-for-stm32.12.3.rel1.win32_1.1.0.202410251130/tools/bin/../lib/gcc/arm-none-eabi/12.3.1/../../../../arm-none-eabi/lib/thumb/v7e-m+fp/hard\libc_nano.a(libc_a-findfp.o) (_fwalk_sglue)
C:/ST/STM32CubeIDE_1.17.0/STM32CubeIDE/plugins/com.st.stm32cube.ide.mcu.externaltools.gnu-tools-for-stm32.12.3.rel1.win32_1.1.0.202410251130/tools/bin/../lib/gcc/arm-none-eabi/12.3.1/../../../../arm-none-eabi/lib/thumb/v7e-m+fp/hard\libc_nano.a(libc_a-printf.o)
                              ./Application/User/main.o (printf)
C:/ST/STM32CubeIDE_1.17.0/STM32CubeIDE/plugins/com.st.stm32cube.ide.mcu.externaltools.gnu-tools-for-stm32.12.3.rel1.win32_1.1.0.202410251130/tools/bin/../lib/gcc/arm-none-eabi/12.3.1/../../../../arm-none-eabi/lib/thumb/v7e-m+fp/hard\libc_nano.a(libc_a-puts.o)
                              ./Application/User/main.o (puts)
C:/ST/STM32CubeIDE_1.17.0/STM32CubeIDE/plugins/com.st.stm32cube.ide.mcu.externaltools.gnu-tools-for-stm32.12.3.rel1.win32_1.1.0.202410251130/tools/bin/../lib/gcc/arm-none-eabi/12.3.1/../../../../arm-none-eabi/lib/thumb/v7e-m+fp/hard\libc_nano.a(libc_a-snprintf.o)
                              ./Application/User/main.o (snprintf)
C:/ST/STM32CubeIDE_1.17.0/STM32CubeIDE/plugins/com.st.stm32cube.ide.mcu.externaltools.gnu-tools-for-stm32.12.3.rel1.win32_1.1.0.202410251130/tools/bin/../lib/gcc/arm-none-eabi/12.3.1/../../../../arm-none-eabi/lib/thumb/v7e-m+fp/hard\libc_nano.a(libc_a-sprintf.o)
                              ./Application/WIFI/es_wifi.o (sprintf)
C:/ST/STM32CubeIDE_1.17.0/STM32CubeIDE/plugins/com.st.stm32cube.ide.mcu.externaltools.gnu-tools-for-stm32.12.3.rel1.win32_1.1.0.202410251130/tools/bin/../lib/gcc/arm-none-eabi/12.3.1/../../../../arm-none-eabi/lib/thumb/v7e-m+fp/hard\libc_nano.a(libc_a-stdio.o)
                              C:/ST/STM32CubeIDE_1.17.0/STM32CubeIDE/plugins/com.st.stm32cube.ide.mcu.externaltools.gnu-tools-for-stm32.12.3.rel1.win32_1.1.0.202410251130/tools/bin/../lib/gcc/arm-none-eabi/12.3.1/../../../../arm-none-eabi/lib/thumb/v7e-m+fp/hard\libc_nano.a(libc_a-findfp.o) (__sread)
[...]
Memory Configuration

Name             Origin             Length             Attributes
RAM              0x20000000         0x00018000         xrw
SRAM2            0x10000000         0x00008000         xrw
ROM              0x08000000         0x00100000         xr
*default*        0x00000000         0xffffffff

Linker script and memory map

LOAD C:/ST/STM32CubeIDE_1.17.0/STM32CubeIDE/plugins/com.st.stm32cube.ide.mcu.externaltools.gnu-tools-for-stm32.12.3.rel1.win32_1.1.0.202410251130/tools/bin/../lib/gcc/arm-none-eabi/12.3.1/thumb/v7e-m+fp/hard/crti.o
LOAD C:/ST/STM32CubeIDE_1.17.0/STM32CubeIDE/plugins/com.st.stm32cube.ide.mcu.externaltools.gnu-tools-for-stm32.12.3.rel1.win32_1.1.0.202410251130/tools/bin/../lib/gcc/arm-none-eabi/12.3.1/thumb/v7e-m+fp/hard/crtbegin.o
LOAD C:/ST/STM32CubeIDE_1.17.0/STM32CubeIDE/plugins/com.st.stm32cube.ide.mcu.externaltools.gnu-tools-for-stm32.12.3.rel1.win32_1.1.0.202410251130/tools/bin/../lib/gcc/arm-none-eabi/12.3.1/../../../../arm-none-eabi/lib/thumb/v7e-m+fp/hard/crt0.o
LOAD ./Application/Startup/startup_stm32l475vgtx.o
LOAD ./Application/User/main.o
LOAD ./Application/User/stm32l4xx_it.o
LOAD ./Application/User/syscalls.o
LOAD ./Application/User/sysmem.o
LOAD ./Application/WIFI/es_wifi.o
LOAD ./Application/WIFI/es_wifi_io.o
LOAD ./Application/WIFI/wifi.o
LOAD ./Drivers/BSP/B-L475E-IOT01/stm32l475e_iot01.o
LOAD ./Drivers/BSP/B-L475E-IOT01/stm32l475e_iot01_accelero.o
LOAD ./Drivers/BSP/Components/lsm6dsl/lsm6dsl.o
LOAD ./Drivers/CMSIS/system_stm32l4xx.o
LOAD ./Drivers/STM32L4xx_HAL_Driver/stm32l4xx_hal.o
LOAD ./Drivers/STM32L4xx_HAL_Driver/stm32l4xx_hal_cortex.o
LOAD ./Drivers/STM32L4xx_HAL_Driver/stm32l4xx_hal_dma.o
LOAD ./Drivers/STM32L4xx_HAL_Driver/stm32l4xx_hal_flash.o
LOAD ./Drivers/STM32L4xx_HAL_Driver/stm32l4xx_hal_flash_ex.o
LOAD ./Drivers/STM32L4xx_HAL_Driver/stm32l4xx_hal_gpio.o
LOAD ./Drivers/STM32L4xx_HAL_Driver/stm32l4xx_hal_i2c.o
LOAD ./Drivers/STM32L4xx_HAL_Driver/stm32l4xx_hal_i2c_ex.o
LOAD ./Drivers/STM32L4xx_HAL_Driver/stm32l4xx_hal_pwr.o
LOAD ./Drivers/STM32L4xx_HAL_Driver/stm32l4xx_hal_pwr_ex.o
LOAD ./Drivers/STM32L4xx_HAL_Driver/stm32l4xx_hal_rcc.o
LOAD ./Drivers/STM32L4xx_HAL_Driver/stm32l4xx_hal_rcc_ex.o
LOAD ./Drivers/STM32L4xx_HAL_Driver/stm32l4xx_hal_spi.o
LOAD ./Drivers/STM32L4xx_HAL_Driver/stm32l4xx_hal_spi_ex.o
LOAD ./Drivers/STM32L4xx_HAL_Driver/stm32l4xx_hal_uart.o
LOAD ./Drivers/STM32L4xx_HAL_Driver/stm32l4xx_hal_uart_ex.o
START GROUP
LOAD C:/ST/STM32CubeIDE_1.17.0/STM32CubeIDE/plugins/com.st.stm32cube.ide.mcu.externaltools.gnu-tools-for-stm32.12.3.rel1.win32_1.1.0.202410251130/tools/bin/../lib/gcc/arm-none-eabi/12.3.1/../../../../arm-none-eabi/lib/thumb/v7e-m+fp/hard\libc_nano.a
LOAD C:/ST/STM32CubeIDE_1.17.0/STM32CubeIDE/plugins/com.st.stm32cube.ide.mcu.externaltools.gnu-tools-for-stm32.12.3.rel1.win32_1.1.0.202410251130/tools/bin/../lib/gcc/arm-none-eabi/12.3.1/../../../../arm-none-eabi/lib/thumb/v7e-m+fp/hard\libm.a
END GROUP
START GROUP
LOAD C:/ST/STM32CubeIDE_1.17.0/STM32CubeIDE/plugins/com.st.stm32cube.ide.mcu.externaltools.gnu-tools-for-stm32.12.3.rel1.win32_1.1.0.202410251130/tools/bin/../lib/gcc/arm-none-eabi/12.3.1/thumb/v7e-m+fp/hard\libgcc.a
LOAD C:/ST/STM32CubeIDE_1.17.0/STM32CubeIDE/plugins/com.st.stm32cube.ide.mcu.externaltools.gnu-tools-for-stm32.12.3.rel1.win32_1.1.0.202410251130/tools/bin/../lib/gcc/arm-none-eabi/12.3.1/../../../../arm-none-eabi/lib/thumb/v7e-m+fp/hard\libc_nano.a
END GROUP
START GROUP
LOAD C:/ST/STM32CubeIDE_1.17.0/STM32CubeIDE/plugins/com.st.stm32cube.ide.mcu.externaltools.gnu-tools-for-stm32.12.3.rel1.win32_1.1.0.202410251130/tools/bin/../lib/gcc/arm-none-eabi/12.3.1/thumb/v7e-m+fp/hard\libgcc.a
LOAD C:/ST/STM32CubeIDE_1.17.0/STM32CubeIDE/plugins/com.st.stm32cube.ide.mcu.externaltools.gnu-tools-for-stm32.12.3.rel1.win32_1.1.0.202410251130/tools/bin/../lib/gcc/arm-none-eabi/12.3.1/../../../../arm-none-eabi/lib/thumb/v7e-m+fp/hard\libc_nano.a
LOAD C:/ST/STM32CubeIDE_1.17.0/STM32CubeIDE/plugins/com.st.stm32cube.ide.mcu.externaltools.gnu-tools-for-stm32.12.3.rel1.win32_1.1.0.202410251130/tools/bin/../lib/gcc/arm-none-eabi/12.3.1/../../../../arm-none-eabi/lib/thumb/v7e-m+fp/hard\libnosys.a
END GROUP
START GROUP
LOAD C:/ST/STM32CubeIDE_1.17.0/STM32CubeIDE/plugins/com.st.stm32cube.ide.mcu.externaltools.gnu-tools-for-stm32.12.3.rel1.win32_1.1.0.202410251130/tools/bin/../lib/gcc/arm-none-eabi/12.3.1/thumb/v7e-m+fp/hard\libgcc.a
LOAD C:/ST/STM32CubeIDE_1.17.0/STM32CubeIDE/plugins/com.st.stm32cube.ide.mcu.externaltools.gnu-tools-for-stm32.12.3.rel1.win32_1.1.0.202410251130/tools/bin/../lib/gcc/arm-none-eabi/12.3.1/../../../../arm-none-eabi/lib/thumb/v7e-m+fp/hard\libc_nano.a
LOAD C:/ST/STM32CubeIDE_1.17.0/STM32CubeIDE/plugins/com.st.stm32cube.ide.mcu.externaltools.gnu-tools-for-stm32.12.3.rel1.win32_1.1.0.202410251130/tools/bin/../lib/gcc/arm-none-eabi/12.3.1/../../../../arm-none-eabi/lib/thumb/v7e-m+fp/hard\libnosys.a
END GROUP
LOAD C:/ST/STM32CubeIDE_1.17.0/STM32CubeIDE/plugins/com.st.stm32cube.ide.mcu.externaltools.gnu-tools-for-stm32.12.3.rel1.win32_1.1.0.202410251130/tools/bin/../lib/gcc/arm-none-eabi/12.3.1/thumb/v7e-m+fp/hard/crtend.o
LOAD C:/ST/STM32CubeIDE_1.17.0/STM32CubeIDE/plugins/com.st.stm32cube.ide.mcu.externaltools.gnu-tools-for-stm32.12.3.rel1.win32_1.1.0.202410251130/tools/bin/../lib/gcc/arm-none-eabi/12.3.1/thumb/v7e-m+fp/hard/crtn.o
                0x20018000                        _estack = (ORIGIN (RAM) + LENGTH (RAM))
                0x00010000                        _Min_Heap_Size = 0x10000
                0x00007000                        _Min_Stack_Size = 0x7000

.isr_vector     0x08000000      0x188
                0x08000000                        . = ALIGN (0x4)
 *(.isr_vector)
 .isr_vector    0x08000000      0x188 ./Application/Startup/startup_stm32l475vgtx.o
                0x08000000                g_pfnVectors
                0x08000188                        . = ALIGN (0x4)

.text           0x08000190     0xc870
                0x08000190                        . = ALIGN (0x4)
 *(.text)
 .text          0x08000190       0x40 C:/ST/STM32CubeIDE_1.17.0/STM32CubeIDE/plugins/com.st.stm32cube.ide.mcu.externaltools.gnu-tools-for-stm32.12.3.rel1.win32_1.1.0.202410251130/tools/bin/../lib/gcc/arm-none-eabi/12.3.1/thumb/v7e-m+fp/hard/crtbegin.o
 .text          0x080001d0       0xa0 C:/ST/STM32CubeIDE_1.17.0/STM32CubeIDE/plugins/com.st.stm32cube.ide.mcu.externaltools.gnu-tools-for-stm32.12.3.rel1.win32_1.1.0.202410251130/tools/bin/../lib/gcc/arm-none-eabi/12.3.1/../../../../arm-none-eabi/lib/thumb/v7e-m+fp/hard\libc_nano.a(libc_a-memchr.o)
                0x080001d0                memchr
 .text          0x08000270       0x10 C:/ST/STM32CubeIDE_1.17.0/STM32CubeIDE/plugins/com.st.stm32cube.ide.mcu.externaltools.gnu-tools-for-stm32.12.3.rel1.win32_1.1.0.202410251130/tools/bin/../lib/gcc/arm-none-eabi/12.3.1/../../../../arm-none-eabi/lib/thumb/v7e-m+fp/hard\libc_nano.a(libc_a-strlen.o)
                0x08000270                strlen
 .text          0x08000280      0x378 C:/ST/STM32CubeIDE_1.17.0/STM32CubeIDE/plugins/com.st.stm32cube.ide.mcu.externaltools.gnu-tools-for-stm32.12.3.rel1.win32_1.1.0.202410251130/tools/bin/../lib/gcc/arm-none-eabi/12.3.1/thumb/v7e-m+fp/hard\libgcc.a(_arm_addsubdf3.o)
                0x08000280                __aeabi_drsub
                0x08000288                __aeabi_dsub
                0x08000288                __subdf3
                0x0800028c                __aeabi_dadd
                0x0800028c                __adddf3
                0x08000504                __floatunsidf
                0x08000504                __aeabi_ui2d
                0x08000524                __floatsidf
                0x08000524                __aeabi_i2d
                0x08000548                __aeabi_f2d
                0x08000548                __extendsfdf2
                0x0800058c                __floatundidf
                0x0800058c                __aeabi_ul2d
                0x0800059c                __floatdidf
                0x0800059c                __aeabi_l2d
 .text          0x080005f8      0x424 C:/ST/STM32CubeIDE_1.17.0/STM32CubeIDE/plugins/com.st.stm32cube.ide.mcu.externaltools.gnu-tools-for-stm32.12.3.rel1.win32_1.1.0.202410251130/tools/bin/../lib/gcc/arm-none-eabi/12.3.1/thumb/v7e-m+fp/hard\libgcc.a(_arm_muldivdf3.o)
                0x080005f8                __aeabi_dmul
                0x080005f8                __muldf3
                0x0800084c                __divdf3
                0x0800084c                __aeabi_ddiv
 .text          0x08000a1c      0x110 C:/ST/STM32CubeIDE_1.17.0/STM32CubeIDE/plugins/com.st.stm32cube.ide.mcu.externaltools.gnu-tools-for-stm32.12.3.rel1.win32_1.1.0.202410251130/tools/bin/../lib/gcc/arm-none-eabi/12.3.1/thumb/v7e-m+fp/hard\libgcc.a(_arm_cmpdf2.o)
                0x08000a1c                __gtdf2
                0x08000a1c                __gedf2
                0x08000a24                __ltdf2
                0x08000a24                __ledf2
                0x08000a2c                __nedf2
                0x08000a2c                __eqdf2
                0x08000a2c                __cmpdf2
                0x08000aa8                __aeabi_cdrcmple
                0x08000ab8                __aeabi_cdcmpeq
                0x08000ab8                __aeabi_cdcmple
                0x08000ac8                __aeabi_dcmpeq
                0x08000adc                __aeabi_dcmplt
                0x08000af0                __aeabi_dcmple
                0x08000b04                __aeabi_dcmpge
                0x08000b18                __aeabi_dcmpgt
 .text          0x08000b2c       0x2c C:/ST/STM32CubeIDE_1.17.0/STM32CubeIDE/plugins/com.st.stm32cube.ide.mcu.externaltools.gnu-tools-for-stm32.12.3.rel1.win32_1.1.0.202410251130/tools/bin/../lib/gcc/arm-none-eabi/12.3.1/thumb/v7e-m+fp/hard\libgcc.a(_arm_unorddf2.o)
                0x08000b2c                __unorddf2
                0x08000b2c                __aeabi_dcmpun
 .text          0x08000b58       0x50 C:/ST/STM32CubeIDE_1.17.0/STM32CubeIDE/plugins/com.st.stm32cube.ide.mcu.externaltools.gnu-tools-for-stm32.12.3.rel1.win32_1.1.0.202410251130/tools/bin/../lib/gcc/arm-none-eabi/12.3.1/thumb/v7e-m+fp/hard\libgcc.a(_arm_fixdfsi.o)
                0x08000b58                __aeabi_d2iz
                0x08000b58                __fixdfsi
 .text          0x08000ba8       0x40 C:/ST/STM32CubeIDE_1.17.0/STM32CubeIDE/plugins/com.st.stm32cube.ide.mcu.externaltools.gnu-tools-for-stm32.12.3.rel1.win32_1.1.0.202410251130/tools/bin/../lib/gcc/arm-none-eabi/12.3.1/thumb/v7e-m+fp/hard\libgcc.a(_arm_fixunsdfsi.o)
                0x08000ba8                __aeabi_d2uiz
                0x08000ba8                __fixunsdfsi
 .text          0x08000be8       0xa0 C:/ST/STM32CubeIDE_1.17.0/STM32CubeIDE/plugins/com.st.stm32cube.ide.mcu.externaltools.gnu-tools-for-stm32.12.3.rel1.win32_1.1.0.202410251130/tools/bin/../lib/gcc/arm-none-eabi/12.3.1/thumb/v7e-m+fp/hard\libgcc.a(_arm_truncdfsf2.o)
                0x08000be8                __truncdfsf2
                0x08000be8                __aeabi_d2f
 .text          0x08000c88       0x30 C:/ST/STM32CubeIDE_1.17.0/STM32CubeIDE/plugins/com.st.stm32cube.ide.mcu.externaltools.gnu-tools-for-stm32.12.3.rel1.win32_1.1.0.202410251130/tools/bin/../lib/gcc/arm-none-eabi/12.3.1/thumb/v7e-m+fp/hard\libgcc.a(_aeabi_uldivmod.o)
                0x08000c88                __aeabi_uldivmod
 .text          0x08000cb8       0x30 C:/ST/STM32CubeIDE_1.17.0/STM32CubeIDE/plugins/com.st.stm32cube.ide.mcu.externaltools.gnu-tools-for-stm32.12.3.rel1.win32_1.1.0.202410251130/tools/bin/../lib/gcc/arm-none-eabi/12.3.1/thumb/v7e-m+fp/hard\libgcc.a(_fixdfdi.o)
                0x08000cb8                __fixdfdi
                0x08000cb8                __aeabi_d2lz
 .text          0x08000ce8       0x3c C:/ST/STM32CubeIDE_1.17.0/STM32CubeIDE/plugins/com.st.stm32cube.ide.mcu.externaltools.gnu-tools-for-stm32.12.3.rel1.win32_1.1.0.202410251130/tools/bin/../lib/gcc/arm-none-eabi/12.3.1/thumb/v7e-m+fp/hard\libgcc.a(_fixunsdfdi.o)
                0x08000ce8                __fixunsdfdi
                0x08000ce8                __aeabi_d2ulz
 .text          0x08000d24      0x2bc C:/ST/STM32CubeIDE_1.17.0/STM32CubeIDE/plugins/com.st.stm32cube.ide.mcu.externaltools.gnu-tools-for-stm32.12.3.rel1.win32_1.1.0.202410251130/tools/bin/../lib/gcc/arm-none-eabi/12.3.1/thumb/v7e-m+fp/hard\libgcc.a(_udivmoddi4.o)
                0x08000d24                __udivmoddi4
 .text          0x08000fe0        0x4 C:/ST/STM32CubeIDE_1.17.0/STM32CubeIDE/plugins/com.st.stm32cube.ide.mcu.externaltools.gnu-tools-for-stm32.12.3.rel1.win32_1.1.0.202410251130/tools/bin/../lib/gcc/arm-none-eabi/12.3.1/thumb/v7e-m+fp/hard\libgcc.a(_dvmd_tls.o)
                0x08000fe0                __aeabi_idiv0
                0x08000fe0                __aeabi_ldiv0
 *(.text*)
 .text.Reset_Handler
                0x08000fe4       0x50 ./Application/Startup/startup_stm32l475vgtx.o
                0x08000fe4                Reset_Handler
 .text.Default_Handler
                0x08001034        0x2 ./Application/Startup/startup_stm32l475vgtx.o
                0x08001034                RTC_Alarm_IRQHandler
                0x08001034                EXTI2_IRQHandler
                0x08001034                TIM8_TRG_COM_IRQHandler
                0x08001034                TIM8_CC_IRQHandler
                0x08001034                TIM1_CC_IRQHandler
                0x08001034                TSC_IRQHandler
                0x08001034                TAMP_STAMP_IRQHandler
                0x08001034                EXTI3_IRQHandler
                0x08001034                LPTIM2_IRQHandler
                0x08001034                DFSDM1_FLT1_IRQHandler
                0x08001034                I2C3_ER_IRQHandler
                0x08001034                DFSDM1_FLT2_IRQHandler
                0x08001034                EXTI0_IRQHandler
                0x08001034                I2C2_EV_IRQHandler
                0x08001034                CAN1_RX0_IRQHandler
                0x08001034                FPU_IRQHandler
                0x08001034                TIM1_UP_TIM16_IRQHandler
                0x08001034                ADC1_2_IRQHandler
                0x08001034                SPI1_IRQHandler
                0x08001034                TIM6_DAC_IRQHandler
                0x08001034                TIM8_UP_IRQHandler
                0x08001034                DMA2_Channel2_IRQHandler
                0x08001034                DMA1_Channel4_IRQHandler
                0x08001034                SAI2_IRQHandler
                0x08001034                DFSDM1_FLT3_IRQHandler
                0x08001034                USART3_IRQHandler
                0x08001034                DMA1_Channel7_IRQHandler
                0x08001034                CAN1_RX1_IRQHandler
                0x08001034                UART5_IRQHandler
                0x08001034                ADC3_IRQHandler
                0x08001034                TIM4_IRQHandler
                0x08001034                DMA2_Channel1_IRQHandler
                0x08001034                QUADSPI_IRQHandler
                0x08001034                I2C1_EV_IRQHandler
                0x08001034                DMA1_Channel6_IRQHandler
                0x08001034                UART4_IRQHandler
                0x08001034                DMA2_Channel4_IRQHandler
                0x08001034                TIM3_IRQHandler
                0x08001034                RCC_IRQHandler
                0x08001034                DMA1_Channel1_IRQHandler
                0x08001034                Default_Handler
                0x08001034                DMA2_Channel7_IRQHandler
                0x08001034                EXTI15_10_IRQHandler
                0x08001034                TIM7_IRQHandler
                0x08001034                SDMMC1_IRQHandler
                0x08001034                TIM5_IRQHandler
                0x08001034                I2C3_EV_IRQHandler
                0x08001034                EXTI9_5_IRQHandler
                0x08001034                RTC_WKUP_IRQHandler
                0x08001034                PVD_PVM_IRQHandler
                0x08001034                SPI2_IRQHandler
                0x08001034                CAN1_TX_IRQHandler
                0x08001034                DMA2_Channel5_IRQHandler
                0x08001034                DMA1_Channel5_IRQHandler
                0x08001034                EXTI4_IRQHandler
                0x08001034                RNG_IRQHandler
                0x08001034                TIM1_TRG_COM_TIM17_IRQHandler
                0x08001034                DMA1_Channel3_IRQHandler
                0x08001034                COMP_IRQHandler
                0x08001034                WWDG_IRQHandler
                0x08001034                LPUART1_IRQHandler
                0x08001034                DMA2_Channel6_IRQHandler
                0x08001034                TIM2_IRQHandler
                0x08001034                USART2_IRQHandler
                0x08001034                DFSDM1_FLT0_IRQHandler
                0x08001034                I2C2_ER_IRQHandler
                0x08001034                DMA1_Channel2_IRQHandler
                0x08001034                TIM8_BRK_IRQHandler
                0x08001034                CAN1_SCE_IRQHandler
                0x08001034                FLASH_IRQHandler
                0x08001034                USART1_IRQHandler
                0x08001034                OTG_FS_IRQHandler
                0x08001034                I2C1_ER_IRQHandler
                0x08001034                FMC_IRQHandler
                0x08001034                SWPMI1_IRQHandler
                0x08001034                LPTIM1_IRQHandler
                0x08001034                SAI1_IRQHandler
                0x08001034                DMA2_Channel3_IRQHandler
                0x08001034                TIM1_BRK_TIM15_IRQHandler
 *fill*         0x08001036        0x2 
 .text.main     0x08001038      0x338 ./Application/User/main.o
                0x08001038                main
 .text.SystemClock_Config
                0x08001370       0x76 ./Application/User/main.o
 *fill*         0x080013e6        0x2 
 .text.__io_putchar
                0x080013e8       0x24 ./Application/User/main.o
                0x080013e8                __io_putchar
 .text.HAL_GPIO_EXTI_Callback
                0x0800140c       0x26 ./Application/User/main.o
                0x0800140c                HAL_GPIO_EXTI_Callback
 *fill*         0x08001432        0x2 
 .text.SPI3_IRQHandler
                0x08001434       0x14 ./Application/User/main.o
                0x08001434                SPI3_IRQHandler
 .text.NMI_Handler
                0x08001448        0xe ./Application/User/stm32l4xx_it.o
                0x08001448                NMI_Handler
 .text.HardFault_Handler
                0x08001456        0x8 ./Application/User/stm32l4xx_it.o
                0x08001456                HardFault_Handler
 .text.MemManage_Handler
                0x0800145e        0x8 ./Application/User/stm32l4xx_it.o
                0x0800145e                MemManage_Handler
 .text.BusFault_Handler
                0x08001466        0x8 ./Application/User/stm32l4xx_it.o
                0x08001466                BusFault_Handler
 .text.UsageFault_Handler
                0x0800146e        0x8 ./Application/User/stm32l4xx_it.o
                0x0800146e                UsageFault_Handler
 .text.SVC_Handler
                0x08001476        0xe ./Application/User/stm32l4xx_it.o
                0x08001476                SVC_Handler
 .text.DebugMon_Handler
                0x08001484        0xe ./Application/User/stm32l4xx_it.o
                0x08001484                DebugMon_Handler
 .text.PendSV_Handler
                0x08001492        0xe ./Application/User/stm32l4xx_it.o
                0x08001492                PendSV_Handler
 .text.SysTick_Handler
                0x080014a0        0xc ./Application/User/stm32l4xx_it.o
                0x080014a0                SysTick_Handler
 .text.EXTI1_IRQHandler
                0x080014ac        0xe ./Application/User/stm32l4xx_it.o
                0x080014ac                EXTI1_IRQHandler
 .text._getpid  0x080014ba       0x10 ./Application/User/syscalls.o
                0x080014ba                _getpid
 .text._kill    0x080014ca       0x20 ./Application/User/syscalls.o
                0x080014ca                _kill
 .text._exit    0x080014ea       0x16 ./Application/User/syscalls.o
                0x080014ea                _exit
 .text._read    0x08001500       0x3a ./Application/User/syscalls.o
                0x08001500                _read
 .text._write   0x0800153a       0x38 ./Application/User/syscalls.o
                0x0800153a                _write
 .text._close   0x08001572       0x18 ./Application/User/syscalls.o
                0x08001572                _close
 .text._fstat   0x0800158a       0x20 ./Application/User/syscalls.o
                0x0800158a                _fstat
 .text._isatty  0x080015aa       0x16 ./Application/User/syscalls.o
                0x080015aa                _isatty
 .text._lseek   0x080015c0       0x1a ./Application/User/syscalls.o
                0x080015c0                _lseek
 *fill*         0x080015da        0x2 
 .text._sbrk    0x080015dc       0x6c ./Application/User/sysmem.o
                0x080015dc                _sbrk
 .text.Hex2Num  0x08001648       0x54 ./Application/WIFI/es_wifi.o
 .text.ParseHexNumber
                0x0800169c       0x86 ./Application/WIFI/es_wifi.o
 .text.ParseNumber
                0x08001722       0x88 ./Application/WIFI/es_wifi.o
 .text.ParseMAC
                0x080017aa       0x6e ./Application/WIFI/es_wifi.o
 .text.ParseIP  0x08001818       0x6e ./Application/WIFI/es_wifi.o
 *fill*         0x08001886        0x2 
 .text.AT_ParseInfo
                0x08001888      0x11c ./Application/WIFI/es_wifi.o
 .text.AT_ParseConnSettings
                0x080019a4      0x17c ./Application/WIFI/es_wifi.o
 .text.AT_ExecuteCommand
                0x08001b20       0xe0 ./Application/WIFI/es_wifi.o
 .text.AT_RequestSendData
                0x08001c00      0x100 ./Application/WIFI/es_wifi.o
 .text.AT_RequestReceiveData
                0x08001d00      0x144 ./Application/WIFI/es_wifi.o
 .text.ES_WIFI_Init
                0x08001e44       0x68 ./Application/WIFI/es_wifi.o
                0x08001e44                ES_WIFI_Init
 .text.ES_WIFI_RegisterBusIO
                0x08001eac       0x66 ./Application/WIFI/es_wifi.o
                0x08001eac                ES_WIFI_RegisterBusIO
 *fill*         0x08001f12        0x2 
 .text.ES_WIFI_Connect
                0x08001f14       0xf0 ./Application/WIFI/es_wifi.o
                0x08001f14                ES_WIFI_Connect
 .text.ES_WIFI_IsConnected
                0x08002004       0x60 ./Application/WIFI/es_wifi.o
                0x08002004                ES_WIFI_IsConnected
 .text.ES_WIFI_GetNetworkSettings
                0x08002064       0x54 ./Application/WIFI/es_wifi.o
                0x08002064                ES_WIFI_GetNetworkSettings
 .text.ES_WIFI_GetMACAddress
                0x080020b8       0x6c ./Application/WIFI/es_wifi.o
                0x080020b8                ES_WIFI_GetMACAddress
 .text.ES_WIFI_StartClientConnection
                0x08002124      0x1d4 ./Application/WIFI/es_wifi.o
                0x08002124                ES_WIFI_StartClientConnection
 .text.ES_WIFI_SendData
                0x080022f8      0x178 ./Application/WIFI/es_wifi.o
                0x080022f8                ES_WIFI_SendData
 .text.ES_WIFI_ReceiveData
                0x08002470      0x180 ./Application/WIFI/es_wifi.o
                0x08002470                ES_WIFI_ReceiveData
 .text.SPI_WIFI_MspInit
                0x080025f0      0x178 ./Application/WIFI/es_wifi_io.o
                0x080025f0                SPI_WIFI_MspInit
 .text.SPI_WIFI_Init
                0x08002768       0xbc ./Application/WIFI/es_wifi_io.o
                0x08002768                SPI_WIFI_Init
 .text.SPI_WIFI_ResetModule
                0x08002824       0xf4 ./Application/WIFI/es_wifi_io.o
                0x08002824                SPI_WIFI_ResetModule
 .text.SPI_WIFI_DeInit
                0x08002918       0x14 ./Application/WIFI/es_wifi_io.o
                0x08002918                SPI_WIFI_DeInit
 .text.wait_cmddata_rdy_high
                0x0800292c       0x44 ./Application/WIFI/es_wifi_io.o
 .text.wait_cmddata_rdy_rising_event
                0x08002970       0x40 ./Application/WIFI/es_wifi_io.o
 .text.wait_spi_rx_event
                0x080029b0       0x40 ./Application/WIFI/es_wifi_io.o
 .text.wait_spi_tx_event
                0x080029f0       0x40 ./Application/WIFI/es_wifi_io.o
 .text.SPI_WIFI_ReceiveData
                0x08002a30       0xf4 ./Application/WIFI/es_wifi_io.o
                0x08002a30                SPI_WIFI_ReceiveData
 .text.SPI_WIFI_SendData
                0x08002b24       0xdc ./Application/WIFI/es_wifi_io.o
                0x08002b24                SPI_WIFI_SendData
 .text.SPI_WIFI_Delay
                0x08002c00       0x16 ./Application/WIFI/es_wifi_io.o
                0x08002c00                SPI_WIFI_Delay
 *fill*         0x08002c16        0x2 
 .text.SPI_WIFI_DelayUs
                0x08002c18       0xa4 ./Application/WIFI/es_wifi_io.o
 .text.HAL_SPI_RxCpltCallback
                0x08002cbc       0x28 ./Application/WIFI/es_wifi_io.o
                0x08002cbc                HAL_SPI_RxCpltCallback
 .text.HAL_SPI_TxCpltCallback
                0x08002ce4       0x28 ./Application/WIFI/es_wifi_io.o
                0x08002ce4                HAL_SPI_TxCpltCallback
 .text.SPI_WIFI_ISR
                0x08002d0c       0x20 ./Application/WIFI/es_wifi_io.o
                0x08002d0c                SPI_WIFI_ISR
 .text.WIFI_Init
                0x08002d2c       0x58 ./Application/WIFI/wifi.o
                0x08002d2c                WIFI_Init
 .text.WIFI_Connect
                0x08002d84       0x44 ./Application/WIFI/wifi.o
                0x08002d84                WIFI_Connect
 .text.WIFI_GetMAC_Address
                0x08002dc8       0x40 ./Application/WIFI/wifi.o
                0x08002dc8                WIFI_GetMAC_Address
 .text.WIFI_GetIP_Address
                0x08002e08       0x48 ./Application/WIFI/wifi.o
                0x08002e08                WIFI_GetIP_Address
 .text.WIFI_OpenClientConnection
                0x08002e50       0x78 ./Application/WIFI/wifi.o
                0x08002e50                WIFI_OpenClientConnection
 .text.WIFI_SendData
                0x08002ec8       0x44 ./Application/WIFI/wifi.o
                0x08002ec8                WIFI_SendData
 .text.WIFI_ReceiveData
                0x08002f0c       0x44 ./Application/WIFI/wifi.o
                0x08002f0c                WIFI_ReceiveData
 .text.BSP_LED_Init
                0x08002f50       0x60 ./Drivers/BSP/B-L475E-IOT01/stm32l475e_iot01.o
                0x08002f50                BSP_LED_Init
 .text.BSP_LED_On
                0x08002fb0       0x2c ./Drivers/BSP/B-L475E-IOT01/stm32l475e_iot01.o
                0x08002fb0                BSP_LED_On
 .text.BSP_LED_Off
                0x08002fdc       0x2c ./Drivers/BSP/B-L475E-IOT01/stm32l475e_iot01.o
                0x08002fdc                BSP_LED_Off
 .text.BSP_LED_Toggle
                0x08003008       0x2c ./Drivers/BSP/B-L475E-IOT01/stm32l475e_iot01.o
                0x08003008                BSP_LED_Toggle
 .text.BSP_COM_Init
                0x08003034       0xd8 ./Drivers/BSP/B-L475E-IOT01/stm32l475e_iot01.o
                0x08003034                BSP_COM_Init
 .text.I2Cx_MspInit
                0x0800310c       0xb0 ./Drivers/BSP/B-L475E-IOT01/stm32l475e_iot01.o
 .text.I2Cx_Init
                0x080031bc       0x5c ./Drivers/BSP/B-L475E-IOT01/stm32l475e_iot01.o
 .text.I2Cx_ReadMultiple
                0x08003218       0x5a ./Drivers/BSP/B-L475E-IOT01/stm32l475e_iot01.o
 .text.I2Cx_WriteMultiple
                0x08003272       0x5a ./Drivers/BSP/B-L475E-IOT01/stm32l475e_iot01.o
 .text.I2Cx_Error
                0x080032cc       0x20 ./Drivers/BSP/B-L475E-IOT01/stm32l475e_iot01.o
 .text.SENSOR_IO_Init
                0x080032ec       0x14 ./Drivers/BSP/B-L475E-IOT01/stm32l475e_iot01.o
                0x080032ec                SENSOR_IO_Init
 .text.SENSOR_IO_Write
                0x08003300       0x34 ./Drivers/BSP/B-L475E-IOT01/stm32l475e_iot01.o
                0x08003300                SENSOR_IO_Write
 .text.SENSOR_IO_Read
                0x08003334       0x3c ./Drivers/BSP/B-L475E-IOT01/stm32l475e_iot01.o
                0x08003334                SENSOR_IO_Read
 .text.SENSOR_IO_ReadMultiple
                0x08003370       0x3c ./Drivers/BSP/B-L475E-IOT01/stm32l475e_iot01.o
                0x08003370                SENSOR_IO_ReadMultiple
 .text.BSP_ACCELERO_Init
                0x080033ac       0x7c ./Drivers/BSP/B-L475E-IOT01/stm32l475e_iot01_accelero.o
                0x080033ac                BSP_ACCELERO_Init
 .text.BSP_ACCELERO_AccGetXYZ
                0x08003428       0x30 ./Drivers/BSP/B-L475E-IOT01/stm32l475e_iot01_accelero.o
                0x08003428                BSP_ACCELERO_AccGetXYZ
 .text.LSM6DSL_AccInit
                0x08003458       0x72 ./Drivers/BSP/Components/lsm6dsl/lsm6dsl.o
                0x08003458                LSM6DSL_AccInit
 .text.LSM6DSL_AccDeInit
                0x080034ca       0x32 ./Drivers/BSP/Components/lsm6dsl/lsm6dsl.o
                0x080034ca                LSM6DSL_AccDeInit
 .text.LSM6DSL_AccReadID
                0x080034fc       0x16 ./Drivers/BSP/Components/lsm6dsl/lsm6dsl.o
                0x080034fc                LSM6DSL_AccReadID
 .text.LSM6DSL_AccLowPower
                0x08003512       0x44 ./Drivers/BSP/Components/lsm6dsl/lsm6dsl.o
                0x08003512                LSM6DSL_AccLowPower
 *fill*         0x08003556        0x2 
 .text.LSM6DSL_AccReadXYZ
                0x08003558      0x12c ./Drivers/BSP/Components/lsm6dsl/lsm6dsl.o
                0x08003558                LSM6DSL_AccReadXYZ
 .text.SystemInit
                0x08003684       0x6c ./Drivers/CMSIS/system_stm32l4xx.o
                0x08003684                SystemInit
 .text.HAL_Init
                0x080036f0       0x30 ./Drivers/STM32L4xx_HAL_Driver/stm32l4xx_hal.o
                0x080036f0                HAL_Init
 .text.HAL_MspInit
                0x08003720        0xe ./Drivers/STM32L4xx_HAL_Driver/stm32l4xx_hal.o
                0x08003720                HAL_MspInit
 *fill*         0x0800372e        0x2 
 .text.HAL_InitTick
                0x08003730       0x78 ./Drivers/STM32L4xx_HAL_Driver/stm32l4xx_hal.o
                0x08003730                HAL_InitTick
 .text.HAL_IncTick
                0x080037a8       0x28 ./Drivers/STM32L4xx_HAL_Driver/stm32l4xx_hal.o
                0x080037a8                HAL_IncTick
 .text.HAL_GetTick
                0x080037d0       0x18 ./Drivers/STM32L4xx_HAL_Driver/stm32l4xx_hal.o
                0x080037d0                HAL_GetTick
 .text.HAL_Delay
                0x080037e8       0x48 ./Drivers/STM32L4xx_HAL_Driver/stm32l4xx_hal.o
                0x080037e8                HAL_Delay
 .text.__NVIC_SetPriorityGrouping
                0x08003830       0x48 ./Drivers/STM32L4xx_HAL_Driver/stm32l4xx_hal_cortex.o
 .text.__NVIC_GetPriorityGrouping
                0x08003878       0x1c ./Drivers/STM32L4xx_HAL_Driver/stm32l4xx_hal_cortex.o
 .text.__NVIC_EnableIRQ
                0x08003894       0x3c ./Drivers/STM32L4xx_HAL_Driver/stm32l4xx_hal_cortex.o
 .text.__NVIC_SetPriority
                0x080038d0       0x54 ./Drivers/STM32L4xx_HAL_Driver/stm32l4xx_hal_cortex.o
 .text.NVIC_EncodePriority
                0x08003924       0x66 ./Drivers/STM32L4xx_HAL_Driver/stm32l4xx_hal_cortex.o
 *fill*         0x0800398a        0x2 
 .text.SysTick_Config
                0x0800398c       0x44 ./Drivers/STM32L4xx_HAL_Driver/stm32l4xx_hal_cortex.o
 .text.HAL_NVIC_SetPriorityGrouping
                0x080039d0       0x16 ./Drivers/STM32L4xx_HAL_Driver/stm32l4xx_hal_cortex.o
                0x080039d0                HAL_NVIC_SetPriorityGrouping
 .text.HAL_NVIC_SetPriority
                0x080039e6       0x38 ./Drivers/STM32L4xx_HAL_Driver/stm32l4xx_hal_cortex.o
                0x080039e6                HAL_NVIC_SetPriority
 .text.HAL_NVIC_EnableIRQ
                0x08003a1e       0x1c ./Drivers/STM32L4xx_HAL_Driver/stm32l4xx_hal_cortex.o
                0x08003a1e                HAL_NVIC_EnableIRQ
 .text.HAL_SYSTICK_Config
                0x08003a3a       0x18 ./Drivers/STM32L4xx_HAL_Driver/stm32l4xx_hal_cortex.o
                0x08003a3a                HAL_SYSTICK_Config
 .text.HAL_DMA_Abort_IT
                0x08003a52       0x82 ./Drivers/STM32L4xx_HAL_Driver/stm32l4xx_hal_dma.o
                0x08003a52                HAL_DMA_Abort_IT
 .text.HAL_GPIO_Init
                0x08003ad4      0x354 ./Drivers/STM32L4xx_HAL_Driver/stm32l4xx_hal_gpio.o
                0x08003ad4                HAL_GPIO_Init
 .text.HAL_GPIO_ReadPin
                0x08003e28       0x30 ./Drivers/STM32L4xx_HAL_Driver/stm32l4xx_hal_gpio.o
                0x08003e28                HAL_GPIO_ReadPin
 .text.HAL_GPIO_WritePin
                0x08003e58       0x30 ./Drivers/STM32L4xx_HAL_Driver/stm32l4xx_hal_gpio.o
                0x08003e58                HAL_GPIO_WritePin
 .text.HAL_GPIO_TogglePin
                0x08003e88       0x34 ./Drivers/STM32L4xx_HAL_Driver/stm32l4xx_hal_gpio.o
                0x08003e88                HAL_GPIO_TogglePin
 .text.HAL_GPIO_EXTI_IRQHandler
                0x08003ebc       0x30 ./Drivers/STM32L4xx_HAL_Driver/stm32l4xx_hal_gpio.o
                0x08003ebc                HAL_GPIO_EXTI_IRQHandler
 .text.HAL_I2C_Init
                0x08003eec      0x136 ./Drivers/STM32L4xx_HAL_Driver/stm32l4xx_hal_i2c.o
                0x08003eec                HAL_I2C_Init
 .text.HAL_I2C_DeInit
                0x08004022       0x5e ./Drivers/STM32L4xx_HAL_Driver/stm32l4xx_hal_i2c.o
                0x08004022                HAL_I2C_DeInit
 .text.HAL_I2C_MspInit
                0x08004080       0x14 ./Drivers/STM32L4xx_HAL_Driver/stm32l4xx_hal_i2c.o
                0x08004080                HAL_I2C_MspInit
 .text.HAL_I2C_MspDeInit
                0x08004094       0x14 ./Drivers/STM32L4xx_HAL_Driver/stm32l4xx_hal_i2c.o
                0x08004094                HAL_I2C_MspDeInit
 .text.HAL_I2C_Mem_Write
                0x080040a8      0x228 ./Drivers/STM32L4xx_HAL_Driver/stm32l4xx_hal_i2c.o
                0x080040a8                HAL_I2C_Mem_Write
 .text.HAL_I2C_Mem_Read
                0x080042d0      0x234 ./Drivers/STM32L4xx_HAL_Driver/stm32l4xx_hal_i2c.o
                0x080042d0                HAL_I2C_Mem_Read
 .text.I2C_RequestMemoryWrite
                0x08004504       0xa8 ./Drivers/STM32L4xx_HAL_Driver/stm32l4xx_hal_i2c.o
 .text.I2C_RequestMemoryRead
                0x080045ac       0xa8 ./Drivers/STM32L4xx_HAL_Driver/stm32l4xx_hal_i2c.o
 .text.I2C_Flush_TXDR
                0x08004654       0x48 ./Drivers/STM32L4xx_HAL_Driver/stm32l4xx_hal_i2c.o
 .text.I2C_WaitOnFlagUntilTimeout
                0x0800469c       0xb2 ./Drivers/STM32L4xx_HAL_Driver/stm32l4xx_hal_i2c.o
 .text.I2C_WaitOnTXISFlagUntilTimeout
                0x0800474e       0x8e ./Drivers/STM32L4xx_HAL_Driver/stm32l4xx_hal_i2c.o
 .text.I2C_WaitOnSTOPFlagUntilTimeout
                0x080047dc       0x86 ./Drivers/STM32L4xx_HAL_Driver/stm32l4xx_hal_i2c.o
 *fill*         0x08004862        0x2 
 .text.I2C_IsErrorOccurred
                0x08004864      0x1c0 ./Drivers/STM32L4xx_HAL_Driver/stm32l4xx_hal_i2c.o
 .text.I2C_TransferConfig
                0x08004a24       0x64 ./Drivers/STM32L4xx_HAL_Driver/stm32l4xx_hal_i2c.o
 .text.HAL_I2CEx_ConfigAnalogFilter
                0x08004a88       0x96 ./Drivers/STM32L4xx_HAL_Driver/stm32l4xx_hal_i2c_ex.o
                0x08004a88                HAL_I2CEx_ConfigAnalogFilter
 *fill*         0x08004b1e        0x2 
 .text.HAL_PWREx_GetVoltageRange
                0x08004b20       0x1c ./Drivers/STM32L4xx_HAL_Driver/stm32l4xx_hal_pwr_ex.o
                0x08004b20                HAL_PWREx_GetVoltageRange
 .text.HAL_RCC_OscConfig
                0x08004b3c      0x7b8 ./Drivers/STM32L4xx_HAL_Driver/stm32l4xx_hal_rcc.o
                0x08004b3c                HAL_RCC_OscConfig
 .text.HAL_RCC_ClockConfig
                0x080052f4      0x200 ./Drivers/STM32L4xx_HAL_Driver/stm32l4xx_hal_rcc.o
                0x080052f4                HAL_RCC_ClockConfig
 .text.HAL_RCC_GetSysClockFreq
                0x080054f4      0x118 ./Drivers/STM32L4xx_HAL_Driver/stm32l4xx_hal_rcc.o
                0x080054f4                HAL_RCC_GetSysClockFreq
 .text.HAL_RCC_GetHCLKFreq
                0x0800560c       0x18 ./Drivers/STM32L4xx_HAL_Driver/stm32l4xx_hal_rcc.o
                0x0800560c                HAL_RCC_GetHCLKFreq
 .text.HAL_RCC_GetPCLK1Freq
                0x08005624       0x2c ./Drivers/STM32L4xx_HAL_Driver/stm32l4xx_hal_rcc.o
                0x08005624                HAL_RCC_GetPCLK1Freq
 .text.HAL_RCC_GetPCLK2Freq
                0x08005650       0x2c ./Drivers/STM32L4xx_HAL_Driver/stm32l4xx_hal_rcc.o
                0x08005650                HAL_RCC_GetPCLK2Freq
 .text.RCC_SetFlashLatencyFromMSIRange
                0x0800567c       0xc0 ./Drivers/STM32L4xx_HAL_Driver/stm32l4xx_hal_rcc.o
 .text.HAL_SPI_Init
                0x0800573c      0x198 ./Drivers/STM32L4xx_HAL_Driver/stm32l4xx_hal_spi.o
                0x0800573c                HAL_SPI_Init
 .text.HAL_SPI_DeInit
                0x080058d4       0x50 ./Drivers/STM32L4xx_HAL_Driver/stm32l4xx_hal_spi.o
                0x080058d4                HAL_SPI_DeInit
 .text.HAL_SPI_MspInit
                0x08005924       0x14 ./Drivers/STM32L4xx_HAL_Driver/stm32l4xx_hal_spi.o
                0x08005924                HAL_SPI_MspInit
 .text.HAL_SPI_MspDeInit
                0x08005938       0x14 ./Drivers/STM32L4xx_HAL_Driver/stm32l4xx_hal_spi.o
                0x08005938                HAL_SPI_MspDeInit
 .text.HAL_SPI_Receive
                0x0800594c      0x3f2 ./Drivers/STM32L4xx_HAL_Driver/stm32l4xx_hal_spi.o
                0x0800594c                HAL_SPI_Receive
 .text.HAL_SPI_TransmitReceive
                0x08005d3e      0x694 ./Drivers/STM32L4xx_HAL_Driver/stm32l4xx_hal_spi.o
                0x08005d3e                HAL_SPI_TransmitReceive
 *fill*         0x080063d2        0x2 
 .text.HAL_SPI_Transmit_IT
                0x080063d4      0x138 ./Drivers/STM32L4xx_HAL_Driver/stm32l4xx_hal_spi.o
                0x080063d4                HAL_SPI_Transmit_IT
 .text.HAL_SPI_Receive_IT
                0x0800650c      0x1a4 ./Drivers/STM32L4xx_HAL_Driver/stm32l4xx_hal_spi.o
                0x0800650c                HAL_SPI_Receive_IT
 .text.HAL_SPI_TransmitReceive_IT
                0x080066b0      0x1a4 ./Drivers/STM32L4xx_HAL_Driver/stm32l4xx_hal_spi.o
                0x080066b0                HAL_SPI_TransmitReceive_IT
 .text.HAL_SPI_IRQHandler
                0x08006854      0x1e8 ./Drivers/STM32L4xx_HAL_Driver/stm32l4xx_hal_spi.o
                0x08006854                HAL_SPI_IRQHandler
 .text.HAL_SPI_TxRxCpltCallback
                0x08006a3c       0x14 ./Drivers/STM32L4xx_HAL_Driver/stm32l4xx_hal_spi.o
                0x08006a3c                HAL_SPI_TxRxCpltCallback
 .text.HAL_SPI_ErrorCallback
                0x08006a50       0x14 ./Drivers/STM32L4xx_HAL_Driver/stm32l4xx_hal_spi.o
                0x08006a50                HAL_SPI_ErrorCallback
 .text.SPI_DMAAbortOnError
                0x08006a64       0x2a ./Drivers/STM32L4xx_HAL_Driver/stm32l4xx_hal_spi.o
 *fill*         0x08006a8e        0x2 
 .text.SPI_2linesRxISR_8BIT
                0x08006a90       0xe4 ./Drivers/STM32L4xx_HAL_Driver/stm32l4xx_hal_spi.o
 .text.SPI_2linesRxISR_8BITCRC
                0x08006b74       0x58 ./Drivers/STM32L4xx_HAL_Driver/stm32l4xx_hal_spi.o
 .text.SPI_2linesTxISR_8BIT
                0x08006bcc       0xbc ./Drivers/STM32L4xx_HAL_Driver/stm32l4xx_hal_spi.o
 .text.SPI_2linesRxISR_16BIT
                0x08006c88       0x7c ./Drivers/STM32L4xx_HAL_Driver/stm32l4xx_hal_spi.o
 .text.SPI_2linesRxISR_16BITCRC
                0x08006d04       0x34 ./Drivers/STM32L4xx_HAL_Driver/stm32l4xx_hal_spi.o
 .text.SPI_2linesTxISR_16BIT
                0x08006d38       0x8a ./Drivers/STM32L4xx_HAL_Driver/stm32l4xx_hal_spi.o
 .text.SPI_RxISR_8BITCRC
                0x08006dc2       0x3e ./Drivers/STM32L4xx_HAL_Driver/stm32l4xx_hal_spi.o
 .text.SPI_RxISR_8BIT
                0x08006e00       0x8c ./Drivers/STM32L4xx_HAL_Driver/stm32l4xx_hal_spi.o
 .text.SPI_RxISR_16BITCRC
                0x08006e8c       0x34 ./Drivers/STM32L4xx_HAL_Driver/stm32l4xx_hal_spi.o
 .text.SPI_RxISR_16BIT
                0x08006ec0       0x88 ./Drivers/STM32L4xx_HAL_Driver/stm32l4xx_hal_spi.o
 .text.SPI_TxISR_8BIT
                0x08006f48       0x60 ./Drivers/STM32L4xx_HAL_Driver/stm32l4xx_hal_spi.o
 .text.SPI_TxISR_16BIT
                0x08006fa8       0x5e ./Drivers/STM32L4xx_HAL_Driver/stm32l4xx_hal_spi.o
 *fill*         0x08007006        0x2 
 .text.SPI_WaitFlagStateUntilTimeout
                0x08007008      0x110 ./Drivers/STM32L4xx_HAL_Driver/stm32l4xx_hal_spi.o
 .text.SPI_WaitFifoStateUntilTimeout
                0x08007118      0x12c ./Drivers/STM32L4xx_HAL_Driver/stm32l4xx_hal_spi.o
 .text.SPI_EndRxTransaction
                0x08007244       0xb0 ./Drivers/STM32L4xx_HAL_Driver/stm32l4xx_hal_spi.o
 .text.SPI_EndRxTxTransaction
                0x080072f4       0x8c ./Drivers/STM32L4xx_HAL_Driver/stm32l4xx_hal_spi.o
 .text.SPI_CloseRxTx_ISR
                0x08007380       0xb8 ./Drivers/STM32L4xx_HAL_Driver/stm32l4xx_hal_spi.o
 .text.SPI_CloseRx_ISR
                0x08007438       0x8c ./Drivers/STM32L4xx_HAL_Driver/stm32l4xx_hal_spi.o
 .text.SPI_CloseTx_ISR
                0x080074c4       0x7e ./Drivers/STM32L4xx_HAL_Driver/stm32l4xx_hal_spi.o
 .text.HAL_UART_Init
                0x08007542       0x9c ./Drivers/STM32L4xx_HAL_Driver/stm32l4xx_hal_uart.o
                0x08007542                HAL_UART_Init
 .text.HAL_UART_MspInit
                0x080075de       0x14 ./Drivers/STM32L4xx_HAL_Driver/stm32l4xx_hal_uart.o
                0x080075de                HAL_UART_MspInit
 .text.HAL_UART_Transmit
                0x080075f2      0x112 ./Drivers/STM32L4xx_HAL_Driver/stm32l4xx_hal_uart.o
                0x080075f2                HAL_UART_Transmit
 .text.UART_SetConfig
                0x08007704      0x570 ./Drivers/STM32L4xx_HAL_Driver/stm32l4xx_hal_uart.o
                0x08007704                UART_SetConfig
 .text.UART_AdvFeatureConfig
                0x08007c74      0x144 ./Drivers/STM32L4xx_HAL_Driver/stm32l4xx_hal_uart.o
                0x08007c74                UART_AdvFeatureConfig
 .text.UART_CheckIdleState
                0x08007db8      0x150 ./Drivers/STM32L4xx_HAL_Driver/stm32l4xx_hal_uart.o
                0x08007db8                UART_CheckIdleState
 .text.UART_WaitOnFlagUntilTimeout
                0x08007f08       0xda ./Drivers/STM32L4xx_HAL_Driver/stm32l4xx_hal_uart.o
                0x08007f08                UART_WaitOnFlagUntilTimeout
 .text.UART_EndRxTransfer
                0x08007fe2       0xc8 ./Drivers/STM32L4xx_HAL_Driver/stm32l4xx_hal_uart.o
 .text.__cvt    0x080080aa       0xca C:/ST/STM32CubeIDE_1.17.0/STM32CubeIDE/plugins/com.st.stm32cube.ide.mcu.externaltools.gnu-tools-for-stm32.12.3.rel1.win32_1.1.0.202410251130/tools/bin/../lib/gcc/arm-none-eabi/12.3.1/../../../../arm-none-eabi/lib/thumb/v7e-m+fp/hard\libc_nano.a(libc_a-nano-vfprintf_float.o)
                0x080080aa                __cvt
 .text.__exponent
                0x08008174       0x74 C:/ST/STM32CubeIDE_1.17.0/STM32CubeIDE/plugins/com.st.stm32cube.ide.mcu.externaltools.gnu-tools-for-stm32.12.3.rel1.win32_1.1.0.202410251130/tools/bin/../lib/gcc/arm-none-eabi/12.3.1/../../../../arm-none-eabi/lib/thumb/v7e-m+fp/hard\libc_nano.a(libc_a-nano-vfprintf_float.o)
                0x08008174                __exponent
 .text._printf_float
                0x080081e8      0x454 C:/ST/STM32CubeIDE_1.17.0/STM32CubeIDE/plugins/com.st.stm32cube.ide.mcu.externaltools.gnu-tools-for-stm32.12.3.rel1.win32_1.1.0.202410251130/tools/bin/../lib/gcc/arm-none-eabi/12.3.1/../../../../arm-none-eabi/lib/thumb/v7e-m+fp/hard\libc_nano.a(libc_a-nano-vfprintf_float.o)
                0x080081e8                _printf_float
 .text._printf_common
                0x0800863c       0xda C:/ST/STM32CubeIDE_1.17.0/STM32CubeIDE/plugins/com.st.stm32cube.ide.mcu.externaltools.gnu-tools-for-stm32.12.3.rel1.win32_1.1.0.202410251130/tools/bin/../lib/gcc/arm-none-eabi/12.3.1/../../../../arm-none-eabi/lib/thumb/v7e-m+fp/hard\libc_nano.a(libc_a-nano-vfprintf_i.o)
                0x0800863c                _printf_common
 *fill*         0x08008716        0x2 
 .text._printf_i
                0x08008718      0x240 C:/ST/STM32CubeIDE_1.17.0/STM32CubeIDE/plugins/com.st.stm32cube.ide.mcu.externaltools.gnu-tools-for-stm32.12.3.rel1.win32_1.1.0.202410251130/tools/bin/../lib/gcc/arm-none-eabi/12.3.1/../../../../arm-none-eabi/lib/thumb/v7e-m+fp/hard\libc_nano.a(libc_a-nano-vfprintf_i.o)
                0x08008718                _printf_i
 .text._scanf_float
                0x08008958      0x428 C:/ST/STM32CubeIDE_1.17.0/STM32CubeIDE/plugins/com.st.stm32cube.ide.mcu.externaltools.gnu-tools-for-stm32.12.3.rel1.win32_1.1.0.202410251130/tools/bin/../lib/gcc/arm-none-eabi/12.3.1/../../../../arm-none-eabi/lib/thumb/v7e-m+fp/hard\libc_nano.a(libc_a-nano-vfscanf_float.o)
                0x08008958                _scanf_float
 .text.std      0x08008d80       0x6c C:/ST/STM32CubeIDE_1.17.0/STM32CubeIDE/plugins/com.st.stm32cube.ide.mcu.externaltools.gnu-tools-for-stm32.12.3.rel1.win32_1.1.0.202410251130/tools/bin/../lib/gcc/arm-none-eabi/12.3.1/../../../../arm-none-eabi/lib/thumb/v7e-m+fp/hard\libc_nano.a(libc_a-findfp.o)
 .text.stdio_exit_handler
                0x08008dec       0x18 C:/ST/STM32CubeIDE_1.17.0/STM32CubeIDE/plugins/com.st.stm32cube.ide.mcu.externaltools.gnu-tools-for-stm32.12.3.rel1.win32_1.1.0.202410251130/tools/bin/../lib/gcc/arm-none-eabi/12.3.1/../../../../arm-none-eabi/lib/thumb/v7e-m+fp/hard\libc_nano.a(libc_a-findfp.o)
 .text.cleanup_stdio
                0x08008e04       0x40 C:/ST/STM32CubeIDE_1.17.0/STM32CubeIDE/plugins/com.st.stm32cube.ide.mcu.externaltools.gnu-tools-for-stm32.12.3.rel1.win32_1.1.0.202410251130/tools/bin/../lib/gcc/arm-none-eabi/12.3.1/../../../../arm-none-eabi/lib/thumb/v7e-m+fp/hard\libc_nano.a(libc_a-findfp.o)
 .text.global_stdio_init.part.0
                0x08008e44       0x3c C:/ST/STM32CubeIDE_1.17.0/STM32CubeIDE/plugins/com.st.stm32cube.ide.mcu.externaltools.gnu-tools-for-stm32.12.3.rel1.win32_1.1.0.202410251130/tools/bin/../lib/gcc/arm-none-eabi/12.3.1/../../../../arm-none-eabi/lib/thumb/v7e-m+fp/hard\libc_nano.a(libc_a-findfp.o)
 .text.__sfp_lock_acquire
                0x08008e80        0xc C:/ST/STM32CubeIDE_1.17.0/STM32CubeIDE/plugins/com.st.stm32cube.ide.mcu.externaltools.gnu-tools-for-stm32.12.3.rel1.win32_1.1.0.202410251130/tools/bin/../lib/gcc/arm-none-eabi/12.3.1/../../../../arm-none-eabi/lib/thumb/v7e-m+fp/hard\libc_nano.a(libc_a-findfp.o)
                0x08008e80                __sfp_lock_acquire
 .text.__sfp_lock_release
                0x08008e8c        0xc C:/ST/STM32CubeIDE_1.17.0/STM32CubeIDE/plugins/com.st.stm32cube.ide.mcu.externaltools.gnu-tools-for-stm32.12.3.rel1.win32_1.1.0.202410251130/tools/bin/../lib/gcc/arm-none-eabi/12.3.1/../../../../arm-none-eabi/lib/thumb/v7e-m+fp/hard\libc_nano.a(libc_a-findfp.o)
                0x08008e8c                __sfp_lock_release
 .text.__sinit  0x08008e98       0x30 C:/ST/STM32CubeIDE_1.17.0/STM32CubeIDE/plugins/com.st.stm32cube.ide.mcu.externaltools.gnu-tools-for-stm32.12.3.rel1.win32_1.1.0.202410251130/tools/bin/../lib/gcc/arm-none-eabi/12.3.1/../../../../arm-none-eabi/lib/thumb/v7e-m+fp/hard\libc_nano.a(libc_a-findfp.o)
                0x08008e98                __sinit
 .text._fwalk_sglue
                0x08008ec8       0x3c C:/ST/STM32CubeIDE_1.17.0/STM32CubeIDE/plugins/com.st.stm32cube.ide.mcu.externaltools.gnu-tools-for-stm32.12.3.rel1.win32_1.1.0.202410251130/tools/bin/../lib/gcc/arm-none-eabi/12.3.1/../../../../arm-none-eabi/lib/thumb/v7e-m+fp/hard\libc_nano.a(libc_a-fwalk.o)
                0x08008ec8                _fwalk_sglue
 .text.printf   0x08008f04       0x24 C:/ST/STM32CubeIDE_1.17.0/STM32CubeIDE/plugins/com.st.stm32cube.ide.mcu.externaltools.gnu-tools-for-stm32.12.3.rel1.win32_1.1.0.202410251130/tools/bin/../lib/gcc/arm-none-eabi/12.3.1/../../../../arm-none-eabi/lib/thumb/v7e-m+fp/hard\libc_nano.a(libc_a-printf.o)
                0x08008f04                iprintf
                0x08008f04                printf
 .text._puts_r  0x08008f28       0xaa C:/ST/STM32CubeIDE_1.17.0/STM32CubeIDE/plugins/com.st.stm32cube.ide.mcu.externaltools.gnu-tools-for-stm32.12.3.rel1.win32_1.1.0.202410251130/tools/bin/../lib/gcc/arm-none-eabi/12.3.1/../../../../arm-none-eabi/lib/thumb/v7e-m+fp/hard\libc_nano.a(libc_a-puts.o)
                0x08008f28                _puts_r
 *fill*         0x08008fd2        0x2 
 .text.puts     0x08008fd4       0x10 C:/ST/STM32CubeIDE_1.17.0/STM32CubeIDE/plugins/com.st.stm32cube.ide.mcu.externaltools.gnu-tools-for-stm32.12.3.rel1.win32_1.1.0.202410251130/tools/bin/../lib/gcc/arm-none-eabi/12.3.1/../../../../arm-none-eabi/lib/thumb/v7e-m+fp/hard\libc_nano.a(libc_a-puts.o)
                0x08008fd4                puts
 .text.snprintf
                0x08008fe4       0x68 C:/ST/STM32CubeIDE_1.17.0/STM32CubeIDE/plugins/com.st.stm32cube.ide.mcu.externaltools.gnu-tools-for-stm32.12.3.rel1.win32_1.1.0.202410251130/tools/bin/../lib/gcc/arm-none-eabi/12.3.1/../../../../arm-none-eabi/lib/thumb/v7e-m+fp/hard\libc_nano.a(libc_a-snprintf.o)
                0x08008fe4                sniprintf
                0x08008fe4                snprintf
 .text.sprintf  0x0800904c       0x40 C:/ST/STM32CubeIDE_1.17.0/STM32CubeIDE/plugins/com.st.stm32cube.ide.mcu.externaltools.gnu-tools-for-stm32.12.3.rel1.win32_1.1.0.202410251130/tools/bin/../lib/gcc/arm-none-eabi/12.3.1/../../../../arm-none-eabi/lib/thumb/v7e-m+fp/hard\libc_nano.a(libc_a-sprintf.o)
                0x0800904c                siprintf
                0x0800904c                sprintf
 .text.__sread  0x0800908c       0x22 C:/ST/STM32CubeIDE_1.17.0/STM32CubeIDE/plugins/com.st.stm32cube.ide.mcu.externaltools.gnu-tools-for-stm32.12.3.rel1.win32_1.1.0.202410251130/tools/bin/../lib/gcc/arm-none-eabi/12.3.1/../../../../arm-none-eabi/lib/thumb/v7e-m+fp/hard\libc_nano.a(libc_a-stdio.o)
                0x0800908c                __sread
 .text.__swrite
                0x080090ae       0x38 C:/ST/STM32CubeIDE_1.17.0/STM32CubeIDE/plugins/com.st.stm32cube.ide.mcu.externaltools.gnu-tools-for-stm32.12.3.rel1.win32_1.1.0.202410251130/tools/bin/../lib/gcc/arm-none-eabi/12.3.1/../../../../arm-none-eabi/lib/thumb/v7e-m+fp/hard\libc_nano.a(libc_a-stdio.o)
                0x080090ae                __swrite
 .text.__sseek  0x080090e6       0x24 C:/ST/STM32CubeIDE_1.17.0/STM32CubeIDE/plugins/com.st.stm32cube.ide.mcu.externaltools.gnu-tools-for-stm32.12.3.rel1.win32_1.1.0.202410251130/tools/bin/../lib/gcc/arm-none-eabi/12.3.1/../../../../arm-none-eabi/lib/thumb/v7e-m+fp/hard\libc_nano.a(libc_a-stdio.o)
                0x080090e6                __sseek
 .text.__sclose
                0x0800910a        0x8 C:/ST/STM32CubeIDE_1.17.0/STM32CubeIDE/plugins/com.st.stm32cube.ide.mcu.externaltools.gnu-tools-for-stm32.12.3.rel1.win32_1.1.0.202410251130/tools/bin/../lib/gcc/arm-none-eabi/12.3.1/../../../../arm-none-eabi/lib/thumb/v7e-m+fp/hard\libc_nano.a(libc_a-stdio.o)
                0x0800910a                __sclose
 .text.__swbuf_r
                0x08009112       0x7c C:/ST/STM32CubeIDE_1.17.0/STM32CubeIDE/plugins/com.st.stm32cube.ide.mcu.externaltools.gnu-tools-for-stm32.12.3.rel1.win32_1.1.0.202410251130/tools/bin/../lib/gcc/arm-none-eabi/12.3.1/../../../../arm-none-eabi/lib/thumb/v7e-m+fp/hard\libc_nano.a(libc_a-wbuf.o)
                0x08009112                __swbuf_r
 *fill*         0x0800918e        0x2 
 .text.__swsetup_r
                0x08009190       0xac C:/ST/STM32CubeIDE_1.17.0/STM32CubeIDE/plugins/com.st.stm32cube.ide.mcu.externaltools.gnu-tools-for-stm32.12.3.rel1.win32_1.1.0.202410251130/tools/bin/../lib/gcc/arm-none-eabi/12.3.1/../../../../arm-none-eabi/lib/thumb/v7e-m+fp/hard\libc_nano.a(libc_a-wsetup.o)
                0x08009190                __swsetup_r
 .text.memcmp   0x0800923c       0x20 C:/ST/STM32CubeIDE_1.17.0/STM32CubeIDE/plugins/com.st.stm32cube.ide.mcu.externaltools.gnu-tools-for-stm32.12.3.rel1.win32_1.1.0.202410251130/tools/bin/../lib/gcc/arm-none-eabi/12.3.1/../../../../arm-none-eabi/lib/thumb/v7e-m+fp/hard\libc_nano.a(libc_a-memcmp.o)
                0x0800923c                memcmp
 .text.memset   0x0800925c       0x10 C:/ST/STM32CubeIDE_1.17.0/STM32CubeIDE/plugins/com.st.stm32cube.ide.mcu.externaltools.gnu-tools-for-stm32.12.3.rel1.win32_1.1.0.202410251130/tools/bin/../lib/gcc/arm-none-eabi/12.3.1/../../../../arm-none-eabi/lib/thumb/v7e-m+fp/hard\libc_nano.a(libc_a-memset.o)
                0x0800925c                memset
 .text.strncmp  0x0800926c       0x24 C:/ST/STM32CubeIDE_1.17.0/STM32CubeIDE/plugins/com.st.stm32cube.ide.mcu.externaltools.gnu-tools-for-stm32.12.3.rel1.win32_1.1.0.202410251130/tools/bin/../lib/gcc/arm-none-eabi/12.3.1/../../../../arm-none-eabi/lib/thumb/v7e-m+fp/hard\libc_nano.a(libc_a-strncmp.o)
                0x0800926c                strncmp
 .text.strncpy  0x08009290       0x26 C:/ST/STM32CubeIDE_1.17.0/STM32CubeIDE/plugins/com.st.stm32cube.ide.mcu.externaltools.gnu-tools-for-stm32.12.3.rel1.win32_1.1.0.202410251130/tools/bin/../lib/gcc/arm-none-eabi/12.3.1/../../../../arm-none-eabi/lib/thumb/v7e-m+fp/hard\libc_nano.a(libc_a-strncpy.o)
                0x08009290                strncpy
 *fill*         0x080092b6        0x2 
 .text.strtok   0x080092b8       0x68 C:/ST/STM32CubeIDE_1.17.0/STM32CubeIDE/plugins/com.st.stm32cube.ide.mcu.externaltools.gnu-tools-for-stm32.12.3.rel1.win32_1.1.0.202410251130/tools/bin/../lib/gcc/arm-none-eabi/12.3.1/../../../../arm-none-eabi/lib/thumb/v7e-m+fp/hard\libc_nano.a(libc_a-strtok.o)
                0x080092b8                strtok
 .text.__strtok_r
                0x08009320       0x50 C:/ST/STM32CubeIDE_1.17.0/STM32CubeIDE/plugins/com.st.stm32cube.ide.mcu.externaltools.gnu-tools-for-stm32.12.3.rel1.win32_1.1.0.202410251130/tools/bin/../lib/gcc/arm-none-eabi/12.3.1/../../../../arm-none-eabi/lib/thumb/v7e-m+fp/hard\libc_nano.a(libc_a-strtok_r.o)
                0x08009320                __strtok_r
 .text.strstr   0x08009370       0x2c C:/ST/STM32CubeIDE_1.17.0/STM32CubeIDE/plugins/com.st.stm32cube.ide.mcu.externaltools.gnu-tools-for-stm32.12.3.rel1.win32_1.1.0.202410251130/tools/bin/../lib/gcc/arm-none-eabi/12.3.1/../../../../arm-none-eabi/lib/thumb/v7e-m+fp/hard\libc_nano.a(libc_a-strstr.o)
                0x08009370                strstr
 .text._localeconv_r
                0x0800939c        0x8 C:/ST/STM32CubeIDE_1.17.0/STM32CubeIDE/plugins/com.st.stm32cube.ide.mcu.externaltools.gnu-tools-for-stm32.12.3.rel1.win32_1.1.0.202410251130/tools/bin/../lib/gcc/arm-none-eabi/12.3.1/../../../../arm-none-eabi/lib/thumb/v7e-m+fp/hard\libc_nano.a(libc_a-localeconv.o)
                0x0800939c                _localeconv_r
 .text._close_r
                0x080093a4       0x20 C:/ST/STM32CubeIDE_1.17.0/STM32CubeIDE/plugins/com.st.stm32cube.ide.mcu.externaltools.gnu-tools-for-stm32.12.3.rel1.win32_1.1.0.202410251130/tools/bin/../lib/gcc/arm-none-eabi/12.3.1/../../../../arm-none-eabi/lib/thumb/v7e-m+fp/hard\libc_nano.a(libc_a-closer.o)
                0x080093a4                _close_r
 .text._lseek_r
                0x080093c4       0x24 C:/ST/STM32CubeIDE_1.17.0/STM32CubeIDE/plugins/com.st.stm32cube.ide.mcu.externaltools.gnu-tools-for-stm32.12.3.rel1.win32_1.1.0.202410251130/tools/bin/../lib/gcc/arm-none-eabi/12.3.1/../../../../arm-none-eabi/lib/thumb/v7e-m+fp/hard\libc_nano.a(libc_a-lseekr.o)
                0x080093c4                _lseek_r
 .text._read_r  0x080093e8       0x24 C:/ST/STM32CubeIDE_1.17.0/STM32CubeIDE/plugins/com.st.stm32cube.ide.mcu.externaltools.gnu-tools-for-stm32.12.3.rel1.win32_1.1.0.202410251130/tools/bin/../lib/gcc/arm-none-eabi/12.3.1/../../../../arm-none-eabi/lib/thumb/v7e-m+fp/hard\libc_nano.a(libc_a-readr.o)
                0x080093e8                _read_r
 .text._write_r
                0x0800940c       0x24 C:/ST/STM32CubeIDE_1.17.0/STM32CubeIDE/plugins/com.st.stm32cube.ide.mcu.externaltools.gnu-tools-for-stm32.12.3.rel1.win32_1.1.0.202410251130/tools/bin/../lib/gcc/arm-none-eabi/12.3.1/../../../../arm-none-eabi/lib/thumb/v7e-m+fp/hard\libc_nano.a(libc_a-writer.o)
                0x0800940c                _write_r
 .text.__errno  0x08009430        0xc C:/ST/STM32CubeIDE_1.17.0/STM32CubeIDE/plugins/com.st.stm32cube.ide.mcu.externaltools.gnu-tools-for-stm32.12.3.rel1.win32_1.1.0.202410251130/tools/bin/../lib/gcc/arm-none-eabi/12.3.1/../../../../arm-none-eabi/lib/thumb/v7e-m+fp/hard\libc_nano.a(libc_a-errno.o)
                0x08009430                __errno
 .text.__libc_init_array
                0x0800943c       0x48 C:/ST/STM32CubeIDE_1.17.0/STM32CubeIDE/plugins/com.st.stm32cube.ide.mcu.externaltools.gnu-tools-for-stm32.12.3.rel1.win32_1.1.0.202410251130/tools/bin/../lib/gcc/arm-none-eabi/12.3.1/../../../../arm-none-eabi/lib/thumb/v7e-m+fp/hard\libc_nano.a(libc_a-init.o)
                0x0800943c                __libc_init_array
 .text.__retarget_lock_init_recursive
                0x08009484        0x2 C:/ST/STM32CubeIDE_1.17.0/STM32CubeIDE/plugins/com.st.stm32cube.ide.mcu.externaltools.gnu-tools-for-stm32.12.3.rel1.win32_1.1.0.202410251130/tools/bin/../lib/gcc/arm-none-eabi/12.3.1/../../../../arm-none-eabi/lib/thumb/v7e-m+fp/hard\libc_nano.a(libc_a-lock.o)
                0x08009484                __retarget_lock_init_recursive
 .text.__retarget_lock_acquire_recursive
                0x08009486        0x2 C:/ST/STM32CubeIDE_1.17.0/STM32CubeIDE/plugins/com.st.stm32cube.ide.mcu.externaltools.gnu-tools-for-stm32.12.3.rel1.win32_1.1.0.202410251130/tools/bin/../lib/gcc/arm-none-eabi/12.3.1/../../../../arm-none-eabi/lib/thumb/v7e-m+fp/hard\libc_nano.a(libc_a-lock.o)
                0x08009486                __retarget_lock_acquire_recursive
 .text.__retarget_lock_release_recursive
                0x08009488        0x2 C:/ST/STM32CubeIDE_1.17.0/STM32CubeIDE/plugins/com.st.stm32cube.ide.mcu.externaltools.gnu-tools-for-stm32.12.3.rel1.win32_1.1.0.202410251130/tools/bin/../lib/gcc/arm-none-eabi/12.3.1/../../../../arm-none-eabi/lib/thumb/v7e-m+fp/hard\libc_nano.a(libc_a-lock.o)
                0x08009488                __retarget_lock_release_recursive
 .text.memcpy   0x0800948a       0x1c C:/ST/STM32CubeIDE_1.17.0/STM32CubeIDE/plugins/com.st.stm32cube.ide.mcu.externaltools.gnu-tools-for-stm32.12.3.rel1.win32_1.1.0.202410251130/tools/bin/../lib/gcc/arm-none-eabi/12.3.1/../../../../arm-none-eabi/lib/thumb/v7e-m+fp/hard\libc_nano.a(libc_a-memcpy-stub.o)
                0x0800948a                memcpy
 *fill*         0x080094a6        0x2 
 .text.nanf     0x080094a8        0xc C:/ST/STM32CubeIDE_1.17.0/STM32CubeIDE/plugins/com.st.stm32cube.ide.mcu.externaltools.gnu-tools-for-stm32.12.3.rel1.win32_1.1.0.202410251130/tools/bin/../lib/gcc/arm-none-eabi/12.3.1/../../../../arm-none-eabi/lib/thumb/v7e-m+fp/hard\libc_nano.a(libm_a-sf_nan.o)
                0x080094a8                nanf
 .text.__assert_func
                0x080094b4       0x3c C:/ST/STM32CubeIDE_1.17.0/STM32CubeIDE/plugins/com.st.stm32cube.ide.mcu.externaltools.gnu-tools-for-stm32.12.3.rel1.win32_1.1.0.202410251130/tools/bin/../lib/gcc/arm-none-eabi/12.3.1/../../../../arm-none-eabi/lib/thumb/v7e-m+fp/hard\libc_nano.a(libc_a-assert.o)
                0x080094b4                __assert_func
 .text.quorem   0x080094f0      0x110 C:/ST/STM32CubeIDE_1.17.0/STM32CubeIDE/plugins/com.st.stm32cube.ide.mcu.externaltools.gnu-tools-for-stm32.12.3.rel1.win32_1.1.0.202410251130/tools/bin/../lib/gcc/arm-none-eabi/12.3.1/../../../../arm-none-eabi/lib/thumb/v7e-m+fp/hard\libc_nano.a(libc_a-dtoa.o)
 .text._dtoa_r  0x08009600      0xb88 C:/ST/STM32CubeIDE_1.17.0/STM32CubeIDE/plugins/com.st.stm32cube.ide.mcu.externaltools.gnu-tools-for-stm32.12.3.rel1.win32_1.1.0.202410251130/tools/bin/../lib/gcc/arm-none-eabi/12.3.1/../../../../arm-none-eabi/lib/thumb/v7e-m+fp/hard\libc_nano.a(libc_a-dtoa.o)
                0x08009600                _dtoa_r
 .text._free_r  0x0800a188       0x94 C:/ST/STM32CubeIDE_1.17.0/STM32CubeIDE/plugins/com.st.stm32cube.ide.mcu.externaltools.gnu-tools-for-stm32.12.3.rel1.win32_1.1.0.202410251130/tools/bin/../lib/gcc/arm-none-eabi/12.3.1/../../../../arm-none-eabi/lib/thumb/v7e-m+fp/hard\libc_nano.a(libc_a-freer.o)
                0x0800a188                _free_r
 .text.malloc   0x0800a21c       0x10 C:/ST/STM32CubeIDE_1.17.0/STM32CubeIDE/plugins/com.st.stm32cube.ide.mcu.externaltools.gnu-tools-for-stm32.12.3.rel1.win32_1.1.0.202410251130/tools/bin/../lib/gcc/arm-none-eabi/12.3.1/../../../../arm-none-eabi/lib/thumb/v7e-m+fp/hard\libc_nano.a(libc_a-malloc.o)
                0x0800a21c                malloc
 .text.sbrk_aligned
                0x0800a22c       0x44 C:/ST/STM32CubeIDE_1.17.0/STM32CubeIDE/plugins/com.st.stm32cube.ide.mcu.externaltools.gnu-tools-for-stm32.12.3.rel1.win32_1.1.0.202410251130/tools/bin/../lib/gcc/arm-none-eabi/12.3.1/../../../../arm-none-eabi/lib/thumb/v7e-m+fp/hard\libc_nano.a(libc_a-mallocr.o)
 .text._malloc_r
                0x0800a270      0x100 C:/ST/STM32CubeIDE_1.17.0/STM32CubeIDE/plugins/com.st.stm32cube.ide.mcu.externaltools.gnu-tools-for-stm32.12.3.rel1.win32_1.1.0.202410251130/tools/bin/../lib/gcc/arm-none-eabi/12.3.1/../../../../arm-none-eabi/lib/thumb/v7e-m+fp/hard\libc_nano.a(libc_a-mallocr.o)
                0x0800a270                _malloc_r
 .text.__malloc_lock
                0x0800a370        0xc C:/ST/STM32CubeIDE_1.17.0/STM32CubeIDE/plugins/com.st.stm32cube.ide.mcu.externaltools.gnu-tools-for-stm32.12.3.rel1.win32_1.1.0.202410251130/tools/bin/../lib/gcc/arm-none-eabi/12.3.1/../../../../arm-none-eabi/lib/thumb/v7e-m+fp/hard\libc_nano.a(libc_a-mlock.o)
                0x0800a370                __malloc_lock
 .text.__malloc_unlock
                0x0800a37c        0xc C:/ST/STM32CubeIDE_1.17.0/STM32CubeIDE/plugins/com.st.stm32cube.ide.mcu.externaltools.gnu-tools-for-stm32.12.3.rel1.win32_1.1.0.202410251130/tools/bin/../lib/gcc/arm-none-eabi/12.3.1/../../../../arm-none-eabi/lib/thumb/v7e-m+fp/hard\libc_nano.a(libc_a-mlock.o)
                0x0800a37c                __malloc_unlock
 .text._Balloc  0x0800a388       0x80 C:/ST/STM32CubeIDE_1.17.0/STM32CubeIDE/plugins/com.st.stm32cube.ide.mcu.externaltools.gnu-tools-for-stm32.12.3.rel1.win32_1.1.0.202410251130/tools/bin/../lib/gcc/arm-none-eabi/12.3.1/../../../../arm-none-eabi/lib/thumb/v7e-m+fp/hard\libc_nano.a(libc_a-mprec.o)
                0x0800a388                _Balloc
 .text._Bfree   0x0800a408       0x44 C:/ST/STM32CubeIDE_1.17.0/STM32CubeIDE/plugins/com.st.stm32cube.ide.mcu.externaltools.gnu-tools-for-stm32.12.3.rel1.win32_1.1.0.202410251130/tools/bin/../lib/gcc/arm-none-eabi/12.3.1/../../../../arm-none-eabi/lib/thumb/v7e-m+fp/hard\libc_nano.a(libc_a-mprec.o)
                0x0800a408                _Bfree
 .text.__multadd
                0x0800a44c       0x8c C:/ST/STM32CubeIDE_1.17.0/STM32CubeIDE/plugins/com.st.stm32cube.ide.mcu.externaltools.gnu-tools-for-stm32.12.3.rel1.win32_1.1.0.202410251130/tools/bin/../lib/gcc/arm-none-eabi/12.3.1/../../../../arm-none-eabi/lib/thumb/v7e-m+fp/hard\libc_nano.a(libc_a-mprec.o)
                0x0800a44c                __multadd
 .text.__s2b    0x0800a4d8       0x94 C:/ST/STM32CubeIDE_1.17.0/STM32CubeIDE/plugins/com.st.stm32cube.ide.mcu.externaltools.gnu-tools-for-stm32.12.3.rel1.win32_1.1.0.202410251130/tools/bin/../lib/gcc/arm-none-eabi/12.3.1/../../../../arm-none-eabi/lib/thumb/v7e-m+fp/hard\libc_nano.a(libc_a-mprec.o)
                0x0800a4d8                __s2b
 .text.__hi0bits
                0x0800a56c       0x3e C:/ST/STM32CubeIDE_1.17.0/STM32CubeIDE/plugins/com.st.stm32cube.ide.mcu.externaltools.gnu-tools-for-stm32.12.3.rel1.win32_1.1.0.202410251130/tools/bin/../lib/gcc/arm-none-eabi/12.3.1/../../../../arm-none-eabi/lib/thumb/v7e-m+fp/hard\libc_nano.a(libc_a-mprec.o)
                0x0800a56c                __hi0bits
 .text.__lo0bits
                0x0800a5aa       0x5a C:/ST/STM32CubeIDE_1.17.0/STM32CubeIDE/plugins/com.st.stm32cube.ide.mcu.externaltools.gnu-tools-for-stm32.12.3.rel1.win32_1.1.0.202410251130/tools/bin/../lib/gcc/arm-none-eabi/12.3.1/../../../../arm-none-eabi/lib/thumb/v7e-m+fp/hard\libc_nano.a(libc_a-mprec.o)
                0x0800a5aa                __lo0bits
 .text.__i2b    0x0800a604       0x2c C:/ST/STM32CubeIDE_1.17.0/STM32CubeIDE/plugins/com.st.stm32cube.ide.mcu.externaltools.gnu-tools-for-stm32.12.3.rel1.win32_1.1.0.202410251130/tools/bin/../lib/gcc/arm-none-eabi/12.3.1/../../../../arm-none-eabi/lib/thumb/v7e-m+fp/hard\libc_nano.a(libc_a-mprec.o)
                0x0800a604                __i2b
 .text.__multiply
                0x0800a630      0x154 C:/ST/STM32CubeIDE_1.17.0/STM32CubeIDE/plugins/com.st.stm32cube.ide.mcu.externaltools.gnu-tools-for-stm32.12.3.rel1.win32_1.1.0.202410251130/tools/bin/../lib/gcc/arm-none-eabi/12.3.1/../../../../arm-none-eabi/lib/thumb/v7e-m+fp/hard\libc_nano.a(libc_a-mprec.o)
                0x0800a630                __multiply
 .text.__pow5mult
                0x0800a784       0xb4 C:/ST/STM32CubeIDE_1.17.0/STM32CubeIDE/plugins/com.st.stm32cube.ide.mcu.externaltools.gnu-tools-for-stm32.12.3.rel1.win32_1.1.0.202410251130/tools/bin/../lib/gcc/arm-none-eabi/12.3.1/../../../../arm-none-eabi/lib/thumb/v7e-m+fp/hard\libc_nano.a(libc_a-mprec.o)
                0x0800a784                __pow5mult
 .text.__lshift
                0x0800a838       0xd8 C:/ST/STM32CubeIDE_1.17.0/STM32CubeIDE/plugins/com.st.stm32cube.ide.mcu.externaltools.gnu-tools-for-stm32.12.3.rel1.win32_1.1.0.202410251130/tools/bin/../lib/gcc/arm-none-eabi/12.3.1/../../../../arm-none-eabi/lib/thumb/v7e-m+fp/hard\libc_nano.a(libc_a-mprec.o)
                0x0800a838                __lshift
 .text.__mcmp   0x0800a910       0x36 C:/ST/STM32CubeIDE_1.17.0/STM32CubeIDE/plugins/com.st.stm32cube.ide.mcu.externaltools.gnu-tools-for-stm32.12.3.rel1.win32_1.1.0.202410251130/tools/bin/../lib/gcc/arm-none-eabi/12.3.1/../../../../arm-none-eabi/lib/thumb/v7e-m+fp/hard\libc_nano.a(libc_a-mprec.o)
                0x0800a910                __mcmp
 *fill*         0x0800a946        0x2 
 .text.__mdiff  0x0800a948      0x128 C:/ST/STM32CubeIDE_1.17.0/STM32CubeIDE/plugins/com.st.stm32cube.ide.mcu.externaltools.gnu-tools-for-stm32.12.3.rel1.win32_1.1.0.202410251130/tools/bin/../lib/gcc/arm-none-eabi/12.3.1/../../../../arm-none-eabi/lib/thumb/v7e-m+fp/hard\libc_nano.a(libc_a-mprec.o)
                0x0800a948                __mdiff
 .text.__ulp    0x0800aa70       0x4c C:/ST/STM32CubeIDE_1.17.0/STM32CubeIDE/plugins/com.st.stm32cube.ide.mcu.externaltools.gnu-tools-for-stm32.12.3.rel1.win32_1.1.0.202410251130/tools/bin/../lib/gcc/arm-none-eabi/12.3.1/../../../../arm-none-eabi/lib/thumb/v7e-m+fp/hard\libc_nano.a(libc_a-mprec.o)
                0x0800aa70                __ulp
 .text.__b2d    0x0800aabc       0x94 C:/ST/STM32CubeIDE_1.17.0/STM32CubeIDE/plugins/com.st.stm32cube.ide.mcu.externaltools.gnu-tools-for-stm32.12.3.rel1.win32_1.1.0.202410251130/tools/bin/../lib/gcc/arm-none-eabi/12.3.1/../../../../arm-none-eabi/lib/thumb/v7e-m+fp/hard\libc_nano.a(libc_a-mprec.o)
                0x0800aabc                __b2d
 .text.__d2b    0x0800ab50       0xb0 C:/ST/STM32CubeIDE_1.17.0/STM32CubeIDE/plugins/com.st.stm32cube.ide.mcu.externaltools.gnu-tools-for-stm32.12.3.rel1.win32_1.1.0.202410251130/tools/bin/../lib/gcc/arm-none-eabi/12.3.1/../../../../arm-none-eabi/lib/thumb/v7e-m+fp/hard\libc_nano.a(libc_a-mprec.o)
                0x0800ab50                __d2b
 .text.__ratio  0x0800ac00       0x64 C:/ST/STM32CubeIDE_1.17.0/STM32CubeIDE/plugins/com.st.stm32cube.ide.mcu.externaltools.gnu-tools-for-stm32.12.3.rel1.win32_1.1.0.202410251130/tools/bin/../lib/gcc/arm-none-eabi/12.3.1/../../../../arm-none-eabi/lib/thumb/v7e-m+fp/hard\libc_nano.a(libc_a-mprec.o)
                0x0800ac00                __ratio
 .text.__copybits
                0x0800ac64       0x46 C:/ST/STM32CubeIDE_1.17.0/STM32CubeIDE/plugins/com.st.stm32cube.ide.mcu.externaltools.gnu-tools-for-stm32.12.3.rel1.win32_1.1.0.202410251130/tools/bin/../lib/gcc/arm-none-eabi/12.3.1/../../../../arm-none-eabi/lib/thumb/v7e-m+fp/hard\libc_nano.a(libc_a-mprec.o)
                0x0800ac64                __copybits
 .text.__any_on
                0x0800acaa       0x42 C:/ST/STM32CubeIDE_1.17.0/STM32CubeIDE/plugins/com.st.stm32cube.ide.mcu.externaltools.gnu-tools-for-stm32.12.3.rel1.win32_1.1.0.202410251130/tools/bin/../lib/gcc/arm-none-eabi/12.3.1/../../../../arm-none-eabi/lib/thumb/v7e-m+fp/hard\libc_nano.a(libc_a-mprec.o)
                0x0800acaa                __any_on
 .text.sulp     0x0800acec       0x3c C:/ST/STM32CubeIDE_1.17.0/STM32CubeIDE/plugins/com.st.stm32cube.ide.mcu.externaltools.gnu-tools-for-stm32.12.3.rel1.win32_1.1.0.202410251130/tools/bin/../lib/gcc/arm-none-eabi/12.3.1/../../../../arm-none-eabi/lib/thumb/v7e-m+fp/hard\libc_nano.a(libc_a-strtod.o)
 .text._strtod_l
                0x0800ad28      0xbc8 C:/ST/STM32CubeIDE_1.17.0/STM32CubeIDE/plugins/com.st.stm32cube.ide.mcu.externaltools.gnu-tools-for-stm32.12.3.rel1.win32_1.1.0.202410251130/tools/bin/../lib/gcc/arm-none-eabi/12.3.1/../../../../arm-none-eabi/lib/thumb/v7e-m+fp/hard\libc_nano.a(libc_a-strtod.o)
                0x0800ad28                _strtod_l
 .text._strtod_r
                0x0800b8f0        0xc C:/ST/STM32CubeIDE_1.17.0/STM32CubeIDE/plugins/com.st.stm32cube.ide.mcu.externaltools.gnu-tools-for-stm32.12.3.rel1.win32_1.1.0.202410251130/tools/bin/../lib/gcc/arm-none-eabi/12.3.1/../../../../arm-none-eabi/lib/thumb/v7e-m+fp/hard\libc_nano.a(libc_a-strtod.o)
                0x0800b8f0                _strtod_r
 .text._strtol_l.constprop.0
                0x0800b8fc       0xf4 C:/ST/STM32CubeIDE_1.17.0/STM32CubeIDE/plugins/com.st.stm32cube.ide.mcu.externaltools.gnu-tools-for-stm32.12.3.rel1.win32_1.1.0.202410251130/tools/bin/../lib/gcc/arm-none-eabi/12.3.1/../../../../arm-none-eabi/lib/thumb/v7e-m+fp/hard\libc_nano.a(libc_a-strtol.o)
 .text._strtol_r
                0x0800b9f0        0x4 C:/ST/STM32CubeIDE_1.17.0/STM32CubeIDE/plugins/com.st.stm32cube.ide.mcu.externaltools.gnu-tools-for-stm32.12.3.rel1.win32_1.1.0.202410251130/tools/bin/../lib/gcc/arm-none-eabi/12.3.1/../../../../arm-none-eabi/lib/thumb/v7e-m+fp/hard\libc_nano.a(libc_a-strtol.o)
                0x0800b9f0                _strtol_r
 .text.__ssputs_r
                0x0800b9f4       0xb6 C:/ST/STM32CubeIDE_1.17.0/STM32CubeIDE/plugins/com.st.stm32cube.ide.mcu.externaltools.gnu-tools-for-stm32.12.3.rel1.win32_1.1.0.202410251130/tools/bin/../lib/gcc/arm-none-eabi/12.3.1/../../../../arm-none-eabi/lib/thumb/v7e-m+fp/hard\libc_nano.a(libc_a-nano-svfprintf.o)
                0x0800b9f4                __ssputs_r
 *fill*         0x0800baaa        0x2 
 .text._svfprintf_r
                0x0800baac      0x1f8 C:/ST/STM32CubeIDE_1.17.0/STM32CubeIDE/plugins/com.st.stm32cube.ide.mcu.externaltools.gnu-tools-for-stm32.12.3.rel1.win32_1.1.0.202410251130/tools/bin/../lib/gcc/arm-none-eabi/12.3.1/../../../../arm-none-eabi/lib/thumb/v7e-m+fp/hard\libc_nano.a(libc_a-nano-svfprintf.o)
                0x0800baac                _svfiprintf_r
                0x0800baac                _svfprintf_r
 .text.__sfputc_r
                0x0800bca4       0x2e C:/ST/STM32CubeIDE_1.17.0/STM32CubeIDE/plugins/com.st.stm32cube.ide.mcu.externaltools.gnu-tools-for-stm32.12.3.rel1.win32_1.1.0.202410251130/tools/bin/../lib/gcc/arm-none-eabi/12.3.1/../../../../arm-none-eabi/lib/thumb/v7e-m+fp/hard\libc_nano.a(libc_a-nano-vfprintf.o)
 .text.__sfputs_r
                0x0800bcd2       0x24 C:/ST/STM32CubeIDE_1.17.0/STM32CubeIDE/plugins/com.st.stm32cube.ide.mcu.externaltools.gnu-tools-for-stm32.12.3.rel1.win32_1.1.0.202410251130/tools/bin/../lib/gcc/arm-none-eabi/12.3.1/../../../../arm-none-eabi/lib/thumb/v7e-m+fp/hard\libc_nano.a(libc_a-nano-vfprintf.o)
                0x0800bcd2                __sfputs_r
 *fill*         0x0800bcf6        0x2 
 .text._vfprintf_r
                0x0800bcf8      0x230 C:/ST/STM32CubeIDE_1.17.0/STM32CubeIDE/plugins/com.st.stm32cube.ide.mcu.externaltools.gnu-tools-for-stm32.12.3.rel1.win32_1.1.0.202410251130/tools/bin/../lib/gcc/arm-none-eabi/12.3.1/../../../../arm-none-eabi/lib/thumb/v7e-m+fp/hard\libc_nano.a(libc_a-nano-vfprintf.o)
                0x0800bcf8                _vfprintf_r
                0x0800bcf8                _vfiprintf_r
 .text.__sflush_r
                0x0800bf28      0x108 C:/ST/STM32CubeIDE_1.17.0/STM32CubeIDE/plugins/com.st.stm32cube.ide.mcu.externaltools.gnu-tools-for-stm32.12.3.rel1.win32_1.1.0.202410251130/tools/bin/../lib/gcc/arm-none-eabi/12.3.1/../../../../arm-none-eabi/lib/thumb/v7e-m+fp/hard\libc_nano.a(libc_a-fflush.o)
                0x0800bf28                __sflush_r
 .text._fflush_r
                0x0800c030       0x50 C:/ST/STM32CubeIDE_1.17.0/STM32CubeIDE/plugins/com.st.stm32cube.ide.mcu.externaltools.gnu-tools-for-stm32.12.3.rel1.win32_1.1.0.202410251130/tools/bin/../lib/gcc/arm-none-eabi/12.3.1/../../../../arm-none-eabi/lib/thumb/v7e-m+fp/hard\libc_nano.a(libc_a-fflush.o)
                0x0800c030                _fflush_r
 .text.fprintf  0x0800c080       0x24 C:/ST/STM32CubeIDE_1.17.0/STM32CubeIDE/plugins/com.st.stm32cube.ide.mcu.externaltools.gnu-tools-for-stm32.12.3.rel1.win32_1.1.0.202410251130/tools/bin/../lib/gcc/arm-none-eabi/12.3.1/../../../../arm-none-eabi/lib/thumb/v7e-m+fp/hard\libc_nano.a(libc_a-fprintf.o)
                0x0800c080                fiprintf
                0x0800c080                fprintf
 .text.__swhatbuf_r
                0x0800c0a4       0x4c C:/ST/STM32CubeIDE_1.17.0/STM32CubeIDE/plugins/com.st.stm32cube.ide.mcu.externaltools.gnu-tools-for-stm32.12.3.rel1.win32_1.1.0.202410251130/tools/bin/../lib/gcc/arm-none-eabi/12.3.1/../../../../arm-none-eabi/lib/thumb/v7e-m+fp/hard\libc_nano.a(libc_a-makebuf.o)
                0x0800c0a4                __swhatbuf_r
 .text.__smakebuf_r
                0x0800c0f0       0x78 C:/ST/STM32CubeIDE_1.17.0/STM32CubeIDE/plugins/com.st.stm32cube.ide.mcu.externaltools.gnu-tools-for-stm32.12.3.rel1.win32_1.1.0.202410251130/tools/bin/../lib/gcc/arm-none-eabi/12.3.1/../../../../arm-none-eabi/lib/thumb/v7e-m+fp/hard\libc_nano.a(libc_a-makebuf.o)
                0x0800c0f0                __smakebuf_r
 .text.memmove  0x0800c168       0x34 C:/ST/STM32CubeIDE_1.17.0/STM32CubeIDE/plugins/com.st.stm32cube.ide.mcu.externaltools.gnu-tools-for-stm32.12.3.rel1.win32_1.1.0.202410251130/tools/bin/../lib/gcc/arm-none-eabi/12.3.1/../../../../arm-none-eabi/lib/thumb/v7e-m+fp/hard\libc_nano.a(libc_a-memmove.o)
                0x0800c168                memmove
 .text._fstat_r
                0x0800c19c       0x24 C:/ST/STM32CubeIDE_1.17.0/STM32CubeIDE/plugins/com.st.stm32cube.ide.mcu.externaltools.gnu-tools-for-stm32.12.3.rel1.win32_1.1.0.202410251130/tools/bin/../lib/gcc/arm-none-eabi/12.3.1/../../../../arm-none-eabi/lib/thumb/v7e-m+fp/hard\libc_nano.a(libc_a-fstatr.o)
                0x0800c19c                _fstat_r
 .text._isatty_r
                0x0800c1c0       0x20 C:/ST/STM32CubeIDE_1.17.0/STM32CubeIDE/plugins/com.st.stm32cube.ide.mcu.externaltools.gnu-tools-for-stm32.12.3.rel1.win32_1.1.0.202410251130/tools/bin/../lib/gcc/arm-none-eabi/12.3.1/../../../../arm-none-eabi/lib/thumb/v7e-m+fp/hard\libc_nano.a(libc_a-isattyr.o)
                0x0800c1c0                _isatty_r
 .text._sbrk_r  0x0800c1e0       0x20 C:/ST/STM32CubeIDE_1.17.0/STM32CubeIDE/plugins/com.st.stm32cube.ide.mcu.externaltools.gnu-tools-for-stm32.12.3.rel1.win32_1.1.0.202410251130/tools/bin/../lib/gcc/arm-none-eabi/12.3.1/../../../../arm-none-eabi/lib/thumb/v7e-m+fp/hard\libc_nano.a(libc_a-sbrkr.o)
                0x0800c1e0                _sbrk_r
 .text.nan      0x0800c200       0x10 C:/ST/STM32CubeIDE_1.17.0/STM32CubeIDE/plugins/com.st.stm32cube.ide.mcu.externaltools.gnu-tools-for-stm32.12.3.rel1.win32_1.1.0.202410251130/tools/bin/../lib/gcc/arm-none-eabi/12.3.1/../../../../arm-none-eabi/lib/thumb/v7e-m+fp/hard\libc_nano.a(libm_a-s_nan.o)
                0x0800c200                nan
 .text.abort    0x0800c210        0xe C:/ST/STM32CubeIDE_1.17.0/STM32CubeIDE/plugins/com.st.stm32cube.ide.mcu.externaltools.gnu-tools-for-stm32.12.3.rel1.win32_1.1.0.202410251130/tools/bin/../lib/gcc/arm-none-eabi/12.3.1/../../../../arm-none-eabi/lib/thumb/v7e-m+fp/hard\libc_nano.a(libc_a-abort.o)
                0x0800c210                abort
 .text._calloc_r
                0x0800c21e       0x28 C:/ST/STM32CubeIDE_1.17.0/STM32CubeIDE/plugins/com.st.stm32cube.ide.mcu.externaltools.gnu-tools-for-stm32.12.3.rel1.win32_1.1.0.202410251130/tools/bin/../lib/gcc/arm-none-eabi/12.3.1/../../../../arm-none-eabi/lib/thumb/v7e-m+fp/hard\libc_nano.a(libc_a-callocr.o)
                0x0800c21e                _calloc_r
 .text.rshift   0x0800c246       0xa4 C:/ST/STM32CubeIDE_1.17.0/STM32CubeIDE/plugins/com.st.stm32cube.ide.mcu.externaltools.gnu-tools-for-stm32.12.3.rel1.win32_1.1.0.202410251130/tools/bin/../lib/gcc/arm-none-eabi/12.3.1/../../../../arm-none-eabi/lib/thumb/v7e-m+fp/hard\libc_nano.a(libc_a-gdtoa-gethex.o)
 .text.__hexdig_fun
                0x0800c2ea       0x2a C:/ST/STM32CubeIDE_1.17.0/STM32CubeIDE/plugins/com.st.stm32cube.ide.mcu.externaltools.gnu-tools-for-stm32.12.3.rel1.win32_1.1.0.202410251130/tools/bin/../lib/gcc/arm-none-eabi/12.3.1/../../../../arm-none-eabi/lib/thumb/v7e-m+fp/hard\libc_nano.a(libc_a-gdtoa-gethex.o)
                0x0800c2ea                __hexdig_fun
 .text.__gethex
                0x0800c314      0x420 C:/ST/STM32CubeIDE_1.17.0/STM32CubeIDE/plugins/com.st.stm32cube.ide.mcu.externaltools.gnu-tools-for-stm32.12.3.rel1.win32_1.1.0.202410251130/tools/bin/../lib/gcc/arm-none-eabi/12.3.1/../../../../arm-none-eabi/lib/thumb/v7e-m+fp/hard\libc_nano.a(libc_a-gdtoa-gethex.o)
                0x0800c314                __gethex
 .text.L_shift  0x0800c734       0x24 C:/ST/STM32CubeIDE_1.17.0/STM32CubeIDE/plugins/com.st.stm32cube.ide.mcu.externaltools.gnu-tools-for-stm32.12.3.rel1.win32_1.1.0.202410251130/tools/bin/../lib/gcc/arm-none-eabi/12.3.1/../../../../arm-none-eabi/lib/thumb/v7e-m+fp/hard\libc_nano.a(libc_a-gdtoa-hexnan.o)
 .text.__match  0x0800c758       0x28 C:/ST/STM32CubeIDE_1.17.0/STM32CubeIDE/plugins/com.st.stm32cube.ide.mcu.externaltools.gnu-tools-for-stm32.12.3.rel1.win32_1.1.0.202410251130/tools/bin/../lib/gcc/arm-none-eabi/12.3.1/../../../../arm-none-eabi/lib/thumb/v7e-m+fp/hard\libc_nano.a(libc_a-gdtoa-hexnan.o)
                0x0800c758                __match
 .text.__hexnan
                0x0800c780      0x136 C:/ST/STM32CubeIDE_1.17.0/STM32CubeIDE/plugins/com.st.stm32cube.ide.mcu.externaltools.gnu-tools-for-stm32.12.3.rel1.win32_1.1.0.202410251130/tools/bin/../lib/gcc/arm-none-eabi/12.3.1/../../../../arm-none-eabi/lib/thumb/v7e-m+fp/hard\libc_nano.a(libc_a-gdtoa-hexnan.o)
                0x0800c780                __hexnan
 .text.__ascii_mbtowc
                0x0800c8b6       0x24 C:/ST/STM32CubeIDE_1.17.0/STM32CubeIDE/plugins/com.st.stm32cube.ide.mcu.externaltools.gnu-tools-for-stm32.12.3.rel1.win32_1.1.0.202410251130/tools/bin/../lib/gcc/arm-none-eabi/12.3.1/../../../../arm-none-eabi/lib/thumb/v7e-m+fp/hard\libc_nano.a(libc_a-mbtowc_r.o)
                0x0800c8b6                __ascii_mbtowc
 .text._realloc_r
                0x0800c8da       0x5c C:/ST/STM32CubeIDE_1.17.0/STM32CubeIDE/plugins/com.st.stm32cube.ide.mcu.externaltools.gnu-tools-for-stm32.12.3.rel1.win32_1.1.0.202410251130/tools/bin/../lib/gcc/arm-none-eabi/12.3.1/../../../../arm-none-eabi/lib/thumb/v7e-m+fp/hard\libc_nano.a(libc_a-reallocr.o)
                0x0800c8da                _realloc_r
 .text.__ascii_wctomb
                0x0800c936       0x1a C:/ST/STM32CubeIDE_1.17.0/STM32CubeIDE/plugins/com.st.stm32cube.ide.mcu.externaltools.gnu-tools-for-stm32.12.3.rel1.win32_1.1.0.202410251130/tools/bin/../lib/gcc/arm-none-eabi/12.3.1/../../../../arm-none-eabi/lib/thumb/v7e-m+fp/hard\libc_nano.a(libc_a-wctomb_r.o)
                0x0800c936                __ascii_wctomb
 .text._raise_r
                0x0800c950       0x50 C:/ST/STM32CubeIDE_1.17.0/STM32CubeIDE/plugins/com.st.stm32cube.ide.mcu.externaltools.gnu-tools-for-stm32.12.3.rel1.win32_1.1.0.202410251130/tools/bin/../lib/gcc/arm-none-eabi/12.3.1/../../../../arm-none-eabi/lib/thumb/v7e-m+fp/hard\libc_nano.a(libc_a-signal.o)
                0x0800c950                _raise_r
 .text.raise    0x0800c9a0       0x10 C:/ST/STM32CubeIDE_1.17.0/STM32CubeIDE/plugins/com.st.stm32cube.ide.mcu.externaltools.gnu-tools-for-stm32.12.3.rel1.win32_1.1.0.202410251130/tools/bin/../lib/gcc/arm-none-eabi/12.3.1/../../../../arm-none-eabi/lib/thumb/v7e-m+fp/hard\libc_nano.a(libc_a-signal.o)
                0x0800c9a0                raise
 .text._kill_r  0x0800c9b0       0x24 C:/ST/STM32CubeIDE_1.17.0/STM32CubeIDE/plugins/com.st.stm32cube.ide.mcu.externaltools.gnu-tools-for-stm32.12.3.rel1.win32_1.1.0.202410251130/tools/bin/../lib/gcc/arm-none-eabi/12.3.1/../../../../arm-none-eabi/lib/thumb/v7e-m+fp/hard\libc_nano.a(libc_a-signalr.o)
                0x0800c9b0                _kill_r
 .text._getpid_r
                0x0800c9d4        0x4 C:/ST/STM32CubeIDE_1.17.0/STM32CubeIDE/plugins/com.st.stm32cube.ide.mcu.externaltools.gnu-tools-for-stm32.12.3.rel1.win32_1.1.0.202410251130/tools/bin/../lib/gcc/arm-none-eabi/12.3.1/../../../../arm-none-eabi/lib/thumb/v7e-m+fp/hard\libc_nano.a(libc_a-signalr.o)
                0x0800c9d4                _getpid_r
 .text._malloc_usable_size_r
                0x0800c9d8       0x10 C:/ST/STM32CubeIDE_1.17.0/STM32CubeIDE/plugins/com.st.stm32cube.ide.mcu.externaltools.gnu-tools-for-stm32.12.3.rel1.win32_1.1.0.202410251130/tools/bin/../lib/gcc/arm-none-eabi/12.3.1/../../../../arm-none-eabi/lib/thumb/v7e-m+fp/hard\libc_nano.a(libc_a-msizer.o)
                0x0800c9d8                _malloc_usable_size_r
 *(.glue_7)
 .glue_7        0x0800c9e8        0x0 linker stubs
 *(.glue_7t)
 .glue_7t       0x0800c9e8        0x0 linker stubs
 *(.eh_frame)
 .eh_frame      0x0800c9e8        0x0 C:/ST/STM32CubeIDE_1.17.0/STM32CubeIDE/plugins/com.st.stm32cube.ide.mcu.externaltools.gnu-tools-for-stm32.12.3.rel1.win32_1.1.0.202410251130/tools/bin/../lib/gcc/arm-none-eabi/12.3.1/thumb/v7e-m+fp/hard/crtbegin.o
 *(.init)
 .init          0x0800c9e8        0x4 C:/ST/STM32CubeIDE_1.17.0/STM32CubeIDE/plugins/com.st.stm32cube.ide.mcu.externaltools.gnu-tools-for-stm32.12.3.rel1.win32_1.1.0.202410251130/tools/bin/../lib/gcc/arm-none-eabi/12.3.1/thumb/v7e-m+fp/hard/crti.o
                0x0800c9e8                _init
 .init          0x0800c9ec        0x8 C:/ST/STM32CubeIDE_1.17.0/STM32CubeIDE/plugins/com.st.stm32cube.ide.mcu.externaltools.gnu-tools-for-stm32.12.3.rel1.win32_1.1.0.202410251130/tools/bin/../lib/gcc/arm-none-eabi/12.3.1/thumb/v7e-m+fp/hard/crtn.o
 *(.fini)
 .fini          0x0800c9f4        0x4 C:/ST/STM32CubeIDE_1.17.0/STM32CubeIDE/plugins/com.st.stm32cube.ide.mcu.externaltools.gnu-tools-for-stm32.12.3.rel1.win32_1.1.0.202410251130/tools/bin/../lib/gcc/arm-none-eabi/12.3.1/thumb/v7e-m+fp/hard/crti.o
                0x0800c9f4                _fini
 .fini          0x0800c9f8        0x8 C:/ST/STM32CubeIDE_1.17.0/STM32CubeIDE/plugins/com.st.stm32cube.ide.mcu.externaltools.gnu-tools-for-stm32.12.3.rel1.win32_1.1.0.202410251130/tools/bin/../lib/gcc/arm-none-eabi/12.3.1/thumb/v7e-m+fp/hard/crtn.o
                0x0800ca00                        . = ALIGN (0x4)
                0x0800ca00                        _etext = .

.vfp11_veneer   0x0800ca00        0x0
 .vfp11_veneer  0x0800ca00        0x0 linker stubs

.v4_bx          0x0800ca00        0x0
 .v4_bx         0x0800ca00        0x0 linker stubs

.iplt           0x0800ca00        0x0
 .iplt          0x0800ca00        0x0 C:/ST/STM32CubeIDE_1.17.0/STM32CubeIDE/plugins/com.st.stm32cube.ide.mcu.externaltools.gnu-tools-for-stm32.12.3.rel1.win32_1.1.0.202410251130/tools/bin/../lib/gcc/arm-none-eabi/12.3.1/thumb/v7e-m+fp/hard/crtbegin.o

.rodata         0x0800ca00      0xdd4
                0x0800ca00                        . = ALIGN (0x4)
 *(.rodata)
 .rodata        0x0800ca00      0x3e8 ./Application/User/main.o
 .rodata        0x0800cde8      0x51a ./Application/WIFI/es_wifi.o
 *(.rodata*)
 *fill*         0x0800d302        0x2 
 .rodata.AHBPrescTable
                0x0800d304       0x10 ./Drivers/CMSIS/system_stm32l4xx.o
                0x0800d304                AHBPrescTable
 .rodata.APBPrescTable
                0x0800d314        0x8 ./Drivers/CMSIS/system_stm32l4xx.o
                0x0800d314                APBPrescTable
 .rodata.MSIRangeTable
                0x0800d31c       0x30 ./Drivers/CMSIS/system_stm32l4xx.o
                0x0800d31c                MSIRangeTable
 .rodata._printf_float.str1.1
                0x0800d34c       0x12 C:/ST/STM32CubeIDE_1.17.0/STM32CubeIDE/plugins/com.st.stm32cube.ide.mcu.externaltools.gnu-tools-for-stm32.12.3.rel1.win32_1.1.0.202410251130/tools/bin/../lib/gcc/arm-none-eabi/12.3.1/../../../../arm-none-eabi/lib/thumb/v7e-m+fp/hard\libc_nano.a(libc_a-nano-vfprintf_float.o)
 .rodata._printf_i.str1.1
                0x0800d35e       0x22 C:/ST/STM32CubeIDE_1.17.0/STM32CubeIDE/plugins/com.st.stm32cube.ide.mcu.externaltools.gnu-tools-for-stm32.12.3.rel1.win32_1.1.0.202410251130/tools/bin/../lib/gcc/arm-none-eabi/12.3.1/../../../../arm-none-eabi/lib/thumb/v7e-m+fp/hard\libc_nano.a(libc_a-nano-vfprintf_i.o)
 .rodata._scanf_float.str1.1
                0x0800d380        0x5 C:/ST/STM32CubeIDE_1.17.0/STM32CubeIDE/plugins/com.st.stm32cube.ide.mcu.externaltools.gnu-tools-for-stm32.12.3.rel1.win32_1.1.0.202410251130/tools/bin/../lib/gcc/arm-none-eabi/12.3.1/../../../../arm-none-eabi/lib/thumb/v7e-m+fp/hard\libc_nano.a(libc_a-nano-vfscanf_float.o)
                                  0x6 (size before relaxing)
 .rodata.strtok.str1.1
                0x0800d385       0x71 C:/ST/STM32CubeIDE_1.17.0/STM32CubeIDE/plugins/com.st.stm32cube.ide.mcu.externaltools.gnu-tools-for-stm32.12.3.rel1.win32_1.1.0.202410251130/tools/bin/../lib/gcc/arm-none-eabi/12.3.1/../../../../arm-none-eabi/lib/thumb/v7e-m+fp/hard\libc_nano.a(libc_a-strtok.o)
 .rodata.__assert_func.str1.1
                0x0800d3f6       0x3c C:/ST/STM32CubeIDE_1.17.0/STM32CubeIDE/plugins/com.st.stm32cube.ide.mcu.externaltools.gnu-tools-for-stm32.12.3.rel1.win32_1.1.0.202410251130/tools/bin/../lib/gcc/arm-none-eabi/12.3.1/../../../../arm-none-eabi/lib/thumb/v7e-m+fp/hard\libc_nano.a(libc_a-assert.o)
                                 0x3d (size before relaxing)
 .rodata._dtoa_r.str1.1
                0x0800d432       0x76 C:/ST/STM32CubeIDE_1.17.0/STM32CubeIDE/plugins/com.st.stm32cube.ide.mcu.externaltools.gnu-tools-for-stm32.12.3.rel1.win32_1.1.0.202410251130/tools/bin/../lib/gcc/arm-none-eabi/12.3.1/../../../../arm-none-eabi/lib/thumb/v7e-m+fp/hard\libc_nano.a(libc_a-dtoa.o)
                                 0x8f (size before relaxing)
 .rodata._Balloc.str1.1
                0x0800d4a8       0x59 C:/ST/STM32CubeIDE_1.17.0/STM32CubeIDE/plugins/com.st.stm32cube.ide.mcu.externaltools.gnu-tools-for-stm32.12.3.rel1.win32_1.1.0.202410251130/tools/bin/../lib/gcc/arm-none-eabi/12.3.1/../../../../arm-none-eabi/lib/thumb/v7e-m+fp/hard\libc_nano.a(libc_a-mprec.o)
                                 0x70 (size before relaxing)
 .rodata.__multadd.str1.1
                0x0800d501       0x11 C:/ST/STM32CubeIDE_1.17.0/STM32CubeIDE/plugins/com.st.stm32cube.ide.mcu.externaltools.gnu-tools-for-stm32.12.3.rel1.win32_1.1.0.202410251130/tools/bin/../lib/gcc/arm-none-eabi/12.3.1/../../../../arm-none-eabi/lib/thumb/v7e-m+fp/hard\libc_nano.a(libc_a-mprec.o)
 *fill*         0x0800d501        0x3 
 .rodata.p05.0  0x0800d504        0xc C:/ST/STM32CubeIDE_1.17.0/STM32CubeIDE/plugins/com.st.stm32cube.ide.mcu.externaltools.gnu-tools-for-stm32.12.3.rel1.win32_1.1.0.202410251130/tools/bin/../lib/gcc/arm-none-eabi/12.3.1/../../../../arm-none-eabi/lib/thumb/v7e-m+fp/hard\libc_nano.a(libc_a-mprec.o)
 .rodata.__mprec_bigtens
                0x0800d510       0x28 C:/ST/STM32CubeIDE_1.17.0/STM32CubeIDE/plugins/com.st.stm32cube.ide.mcu.externaltools.gnu-tools-for-stm32.12.3.rel1.win32_1.1.0.202410251130/tools/bin/../lib/gcc/arm-none-eabi/12.3.1/../../../../arm-none-eabi/lib/thumb/v7e-m+fp/hard\libc_nano.a(libc_a-mprec.o)
                0x0800d510                __mprec_bigtens
 .rodata.__mprec_tens
                0x0800d538       0xc8 C:/ST/STM32CubeIDE_1.17.0/STM32CubeIDE/plugins/com.st.stm32cube.ide.mcu.externaltools.gnu-tools-for-stm32.12.3.rel1.win32_1.1.0.202410251130/tools/bin/../lib/gcc/arm-none-eabi/12.3.1/../../../../arm-none-eabi/lib/thumb/v7e-m+fp/hard\libc_nano.a(libc_a-mprec.o)
                0x0800d538                __mprec_tens
 .rodata._strtod_l.str1.1
                0x0800d600        0x2 C:/ST/STM32CubeIDE_1.17.0/STM32CubeIDE/plugins/com.st.stm32cube.ide.mcu.externaltools.gnu-tools-for-stm32.12.3.rel1.win32_1.1.0.202410251130/tools/bin/../lib/gcc/arm-none-eabi/12.3.1/../../../../arm-none-eabi/lib/thumb/v7e-m+fp/hard\libc_nano.a(libc_a-strtod.o)
                                  0xf (size before relaxing)
 *fill*         0x0800d602        0x2 
 .rodata.fpinan.0
                0x0800d604       0x14 C:/ST/STM32CubeIDE_1.17.0/STM32CubeIDE/plugins/com.st.stm32cube.ide.mcu.externaltools.gnu-tools-for-stm32.12.3.rel1.win32_1.1.0.202410251130/tools/bin/../lib/gcc/arm-none-eabi/12.3.1/../../../../arm-none-eabi/lib/thumb/v7e-m+fp/hard\libc_nano.a(libc_a-strtod.o)
 .rodata.fpi.1  0x0800d618       0x14 C:/ST/STM32CubeIDE_1.17.0/STM32CubeIDE/plugins/com.st.stm32cube.ide.mcu.externaltools.gnu-tools-for-stm32.12.3.rel1.win32_1.1.0.202410251130/tools/bin/../lib/gcc/arm-none-eabi/12.3.1/../../../../arm-none-eabi/lib/thumb/v7e-m+fp/hard\libc_nano.a(libc_a-strtod.o)
 *fill*         0x0800d62c        0x4 
 .rodata.tinytens
                0x0800d630       0x28 C:/ST/STM32CubeIDE_1.17.0/STM32CubeIDE/plugins/com.st.stm32cube.ide.mcu.externaltools.gnu-tools-for-stm32.12.3.rel1.win32_1.1.0.202410251130/tools/bin/../lib/gcc/arm-none-eabi/12.3.1/../../../../arm-none-eabi/lib/thumb/v7e-m+fp/hard\libc_nano.a(libc_a-strtod.o)
 .rodata._ctype_
                0x0800d658      0x101 C:/ST/STM32CubeIDE_1.17.0/STM32CubeIDE/plugins/com.st.stm32cube.ide.mcu.externaltools.gnu-tools-for-stm32.12.3.rel1.win32_1.1.0.202410251130/tools/bin/../lib/gcc/arm-none-eabi/12.3.1/../../../../arm-none-eabi/lib/thumb/v7e-m+fp/hard\libc_nano.a(libc_a-ctype_.o)
                0x0800d658                _ctype_
 .rodata._svfprintf_r.str1.1
                0x0800d759       0x11 C:/ST/STM32CubeIDE_1.17.0/STM32CubeIDE/plugins/com.st.stm32cube.ide.mcu.externaltools.gnu-tools-for-stm32.12.3.rel1.win32_1.1.0.202410251130/tools/bin/../lib/gcc/arm-none-eabi/12.3.1/../../../../arm-none-eabi/lib/thumb/v7e-m+fp/hard\libc_nano.a(libc_a-nano-svfprintf.o)
 .rodata._vfprintf_r.str1.1
                0x0800d76a       0x11 C:/ST/STM32CubeIDE_1.17.0/STM32CubeIDE/plugins/com.st.stm32cube.ide.mcu.externaltools.gnu-tools-for-stm32.12.3.rel1.win32_1.1.0.202410251130/tools/bin/../lib/gcc/arm-none-eabi/12.3.1/../../../../arm-none-eabi/lib/thumb/v7e-m+fp/hard\libc_nano.a(libc_a-nano-vfprintf.o)
 .rodata._setlocale_r.str1.1
                0x0800d76a        0x8 C:/ST/STM32CubeIDE_1.17.0/STM32CubeIDE/plugins/com.st.stm32cube.ide.mcu.externaltools.gnu-tools-for-stm32.12.3.rel1.win32_1.1.0.202410251130/tools/bin/../lib/gcc/arm-none-eabi/12.3.1/../../../../arm-none-eabi/lib/thumb/v7e-m+fp/hard\libc_nano.a(libc_a-locale.o)
                                  0x9 (size before relaxing)
 .rodata.str1.1
                0x0800d772        0x2 C:/ST/STM32CubeIDE_1.17.0/STM32CubeIDE/plugins/com.st.stm32cube.ide.mcu.externaltools.gnu-tools-for-stm32.12.3.rel1.win32_1.1.0.202410251130/tools/bin/../lib/gcc/arm-none-eabi/12.3.1/../../../../arm-none-eabi/lib/thumb/v7e-m+fp/hard\libc_nano.a(libc_a-locale.o)
 .rodata.__gethex.str1.1
                0x0800d772       0x60 C:/ST/STM32CubeIDE_1.17.0/STM32CubeIDE/plugins/com.st.stm32cube.ide.mcu.externaltools.gnu-tools-for-stm32.12.3.rel1.win32_1.1.0.202410251130/tools/bin/../lib/gcc/arm-none-eabi/12.3.1/../../../../arm-none-eabi/lib/thumb/v7e-m+fp/hard\libc_nano.a(libc_a-gdtoa-gethex.o)
                                 0x73 (size before relaxing)
                0x0800d7d4                        . = ALIGN (0x4)
 *fill*         0x0800d7d2        0x2 

.ARM.extab      0x0800d7d4        0x0
                0x0800d7d4                        . = ALIGN (0x4)
 *(.ARM.extab* .gnu.linkonce.armextab.*)
                0x0800d7d4                        . = ALIGN (0x4)

.ARM            0x0800d7d4        0x8
                0x0800d7d4                        . = ALIGN (0x4)
                0x0800d7d4                        __exidx_start = .
 *(.ARM.exidx*)
 .ARM.exidx     0x0800d7d4        0x8 C:/ST/STM32CubeIDE_1.17.0/STM32CubeIDE/plugins/com.st.stm32cube.ide.mcu.externaltools.gnu-tools-for-stm32.12.3.rel1.win32_1.1.0.202410251130/tools/bin/../lib/gcc/arm-none-eabi/12.3.1/../../../../arm-none-eabi/lib/thumb/v7e-m+fp/hard\libc_nano.a(libc_a-memchr.o)
 .ARM.exidx     0x0800d7dc        0x0 C:/ST/STM32CubeIDE_1.17.0/STM32CubeIDE/plugins/com.st.stm32cube.ide.mcu.externaltools.gnu-tools-for-stm32.12.3.rel1.win32_1.1.0.202410251130/tools/bin/../lib/gcc/arm-none-eabi/12.3.1/../../../../arm-none-eabi/lib/thumb/v7e-m+fp/hard\libc_nano.a(libc_a-strlen.o)
                                  0x8 (size before relaxing)
 .ARM.exidx     0x0800d7dc        0x0 C:/ST/STM32CubeIDE_1.17.0/STM32CubeIDE/plugins/com.st.stm32cube.ide.mcu.externaltools.gnu-tools-for-stm32.12.3.rel1.win32_1.1.0.202410251130/tools/bin/../lib/gcc/arm-none-eabi/12.3.1/thumb/v7e-m+fp/hard\libgcc.a(_udivmoddi4.o)
                                  0x8 (size before relaxing)
                0x0800d7dc                        __exidx_end = .
                0x0800d7dc                        . = ALIGN (0x4)

.preinit_array  0x0800d7dc        0x0
                0x0800d7dc                        . = ALIGN (0x4)
                0x0800d7dc                        PROVIDE (__preinit_array_start = .)
 *(.preinit_array*)
                0x0800d7dc                        PROVIDE (__preinit_array_end = .)