Archive member included to satisfy reference by file (symbol)

C:/ST/STM32CubeIDE_1.17.0/STM32CubeIDE/plugins/com.st.stm32cube.ide.mcu.externaltools.gnu-tools-for-stm32.12.3.rel1.win32_1.1.0.202410251130/tools/bin/../lib/gcc/arm-none-eabi/12.3.1/../../../../arm-none-eabi/lib/thumb/v7e-m+fp/hard\libc_nano.a(libc_a-exit.o)
                              C:/ST/STM32CubeIDE_1.17.0/STM32CubeIDE/plugins/com.st.stm32cube.ide.mcu.externaltools.gnu-tools-for-stm32.12.3.rel1.win32_1.1.0.202410251130/tools/bin/../lib/gcc/arm-none-eabi/12.3.1/../../../../arm-none-eabi/lib/thumb/v7e-m+fp/hard/crt0.o (exit)
C:/ST/STM32CubeIDE_1.17.0/STM32CubeIDE/plugins/com.st.stm32cube.ide.mcu.externaltools.gnu-tools-for-stm32.12.3.rel1.win32_1.1.0.202410251130/tools/bin/../lib/gcc/arm-none-eabi/12.3.1/../../../../arm-none-eabi/lib/thumb/v7e-m+fp/hard\libc_nano.a(libc_a-findfp.o)
                              C:/ST/STM32CubeIDE_1.17.0/STM32CubeIDE/plugins/com.st.stm32cube.ide.mcu.externaltools.gnu-tools-for-stm32.12.3.rel1.win32_1.1.0.202410251130/tools/bin/../lib/gcc/arm-none-eabi/12.3.1/../../../../arm-none-eabi/lib/thumb/v7e-m+fp/hard\libc_nano.a(libc_a-exit.o) (__stdio_exit_handler)
C:/ST/STM32CubeIDE_1.17.0/STM32CubeIDE/plugins/com.st.stm32cube.ide.mcu.externaltools.gnu-tools-for-stm32.12.3.rel1.win32_1.1.0.202410251130/tools/bin/../lib/gcc/arm-none-eabi/12.3.1/../../../../arm-none-eabi/lib/thumb/v7e-m+fp/hard\libc_nano.a(libc_a-fwalk.o)
                              C:/ST/STM32CubeIDE_1.17.0/STM32CubeIDE/plugins/com.st.stm32cube.ide.mcu.externaltools.gnu-tools-for-stm32.12.3.rel1.win32_1.1.0.202410251130/tools/bin/../lib/gcc/arm-none-eabi/12.3.1/../../../../arm-none-eabi/lib/thumb/v7e-m+fp/hard\libc_nano.a(libc_a-findfp.o) (_fwalk_sglue)
C:/ST/STM32CubeIDE_1.17.0/STM32CubeIDE/plugins/com.st.stm32cube.ide.mcu.externaltools.gnu-tools-for-stm32.12.3.rel1.win32_1.1.0.202410251130/tools/bin/../lib/gcc/arm-none-eabi/12.3.1/../../../../arm-none-eabi/lib/thumb/v7e-m+fp/hard\libc_nano.a(libc_a-stdio.o)
                              C:/ST/STM32CubeIDE_1.17.0/STM32CubeIDE/plugins/com.st.stm32cube.ide.mcu.externaltools.gnu-tools-for-stm32.12.3.rel1.win32_1.1.0.202410251130/tools/bin/../lib/gcc/arm-none-eabi/12.3.1/../../../../arm-none-eabi/lib/thumb/v7e-m+fp/hard\libc_nano.a(libc_a-findfp.o) (__sread)
C:/ST/STM32CubeIDE_1.17.0/STM32CubeIDE/plugins/com.st.stm32cube.ide.mcu.externaltools.gnu-tools-for-stm32.12.3.rel1.win32_1.1.0.202410251130/tools/bin/../lib/gcc/arm-none-eabi/12.3.1/../../../../arm-none-eabi/lib/thumb/v7e-m+fp/hard\libc_nano.a(libc_a-memset.o)
                              C:/ST/STM32CubeIDE_1.17.0/STM32CubeIDE/plugins/com.st.stm32cube.ide.mcu.externaltools.gnu-tools-for-stm32.12.3.rel1.win32_1.1.0.202410251130/tools/bin/../lib/gcc/arm-none-eabi/12.3.1/../../../../arm-none-eabi/lib/thumb/v7e-m+fp/hard/crt0.o (memset)
C:/ST/STM32CubeIDE_1.17.0/STM32CubeIDE/plugins/com.st.stm32cube.ide.mcu.externaltools.gnu-tools-for-stm32.12.3.rel1.win32_1.1.0.202410251130/tools/bin/../lib/gcc/arm-none-eabi/12.3.1/../../../../arm-none-eabi/lib/thumb/v7e-m+fp/hard\libc_nano.a(libc_a-closer.o)
                              C:/ST/STM32CubeIDE_1.17.0/STM32CubeIDE/plugins/com.st.stm32cube.ide.mcu.externaltools.gnu-tools-for-stm32.12.3.rel1.win32_1.1.0.202410251130/tools/bin/../lib/gcc/arm-none-eabi/12.3.1/../../../../arm-none-eabi/lib/thumb/v7e-m+fp/hard\libc_nano.a(libc_a-stdio.o) (_close_r)
C:/ST/STM32CubeIDE_1.17.0/STM32CubeIDE/plugins/com.st.stm32cube.ide.mcu.externaltools.gnu-tools-for-stm32.12.3.rel1.win32_1.1.0.202410251130/tools/bin/../lib/gcc/arm-none-eabi/12.3.1/../../../../arm-none-eabi/lib/thumb/v7e-m+fp/hard\libc_nano.a(libc_a-reent.o)
                              C:/ST/STM32CubeIDE_1.17.0/STM32CubeIDE/plugins/com.st.stm32cube.ide.mcu.externaltools.gnu-tools-for-stm32.12.3.rel1.win32_1.1.0.202410251130/tools/bin/../lib/gcc/arm-none-eabi/12.3.1/../../../../arm-none-eabi/lib/thumb/v7e-m+fp/hard\libc_nano.a(libc_a-closer.o) (errno)
C:/ST/STM32CubeIDE_1.17.0/STM32CubeIDE/plugins/com.st.stm32cube.ide.mcu.externaltools.gnu-tools-for-stm32.12.3.rel1.win32_1.1.0.202410251130/tools/bin/../lib/gcc/arm-none-eabi/12.3.1/../../../../arm-none-eabi/lib/thumb/v7e-m+fp/hard\libc_nano.a(libc_a-impure.o)
                              C:/ST/STM32CubeIDE_1.17.0/STM32CubeIDE/plugins/com.st.stm32cube.ide.mcu.externaltools.gnu-tools-for-stm32.12.3.rel1.win32_1.1.0.202410251130/tools/bin/../lib/gcc/arm-none-eabi/12.3.1/../../../../arm-none-eabi/lib/thumb/v7e-m+fp/hard\libc_nano.a(libc_a-reent.o) (_impure_ptr)
C:/ST/STM32CubeIDE_1.17.0/STM32CubeIDE/plugins/com.st.stm32cube.ide.mcu.externaltools.gnu-tools-for-stm32.12.3.rel1.win32_1.1.0.202410251130/tools/bin/../lib/gcc/arm-none-eabi/12.3.1/../../../../arm-none-eabi/lib/thumb/v7e-m+fp/hard\libc_nano.a(libc_a-lseekr.o)
[...]
Memory Configuration

Name             Origin             Length             Attributes
RAM              0x20000000         0x00018000         xrw
RAM2             0x10000000         0x00008000         xrw
FLASH            0x08000000         0x00100000         xr
*default*        0x00000000         0xffffffff

Linker script and memory map

LOAD C:/ST/STM32CubeIDE_1.17.0/STM32CubeIDE/plugins/com.st.stm32cube.ide.mcu.externaltools.gnu-tools-for-stm32.12.3.rel1.win32_1.1.0.202410251130/tools/bin/../lib/gcc/arm-none-eabi/12.3.1/thumb/v7e-m+fp/hard/crti.o
LOAD C:/ST/STM32CubeIDE_1.17.0/STM32CubeIDE/plugins/com.st.stm32cube.ide.mcu.externaltools.gnu-tools-for-stm32.12.3.rel1.win32_1.1.0.202410251130/tools/bin/../lib/gcc/arm-none-eabi/12.3.1/thumb/v7e-m+fp/hard/crtbegin.o
LOAD C:/ST/STM32CubeIDE_1.17.0/STM32CubeIDE/plugins/com.st.stm32cube.ide.mcu.externaltools.gnu-tools-for-stm32.12.3.rel1.win32_1.1.0.202410251130/tools/bin/../lib/gcc/arm-none-eabi/12.3.1/../../../../arm-none-eabi/lib/thumb/v7e-m+fp/hard/crt0.o
LOAD ./Core/Src/freertos.o
LOAD ./Core/Src/main.o
LOAD ./Core/Src/stm32l4xx_hal_msp.o
LOAD ./Core/Src/stm32l4xx_it.o
LOAD ./Core/Src/syscalls.o
LOAD ./Core/Src/sysmem.o
LOAD ./Core/Src/system_stm32l4xx.o
LOAD ./Core/Startup/startup_stm32l475vgtx.o
LOAD ./Drivers/STM32L4xx_HAL_Driver/stm32l4xx_hal.o
LOAD ./Drivers/STM32L4xx_HAL_Driver/stm32l4xx_hal_cortex.o
LOAD ./Drivers/STM32L4xx_HAL_Driver/stm32l4xx_hal_dfsdm.o
LOAD ./Drivers/STM32L4xx_HAL_Driver/stm32l4xx_hal_dma.o
LOAD ./Drivers/STM32L4xx_HAL_Driver/stm32l4xx_hal_dma_ex.o
LOAD ./Drivers/STM32L4xx_HAL_Driver/stm32l4xx_hal_exti.o
LOAD ./Drivers/STM32L4xx_HAL_Driver/stm32l4xx_hal_flash.o
LOAD ./Drivers/STM32L4xx_HAL_Driver/stm32l4xx_hal_flash_ex.o
LOAD ./Drivers/STM32L4xx_HAL_Driver/stm32l4xx_hal_flash_ramfunc.o
LOAD ./Drivers/STM32L4xx_HAL_Driver/stm32l4xx_hal_gpio.o
LOAD ./Drivers/STM32L4xx_HAL_Driver/stm32l4xx_hal_i2c.o
LOAD ./Drivers/STM32L4xx_HAL_Driver/stm32l4xx_hal_i2c_ex.o
LOAD ./Drivers/STM32L4xx_HAL_Driver/stm32l4xx_hal_pcd.o
LOAD ./Drivers/STM32L4xx_HAL_Driver/stm32l4xx_hal_pcd_ex.o
LOAD ./Drivers/STM32L4xx_HAL_Driver/stm32l4xx_hal_pwr.o
LOAD ./Drivers/STM32L4xx_HAL_Driver/stm32l4xx_hal_pwr_ex.o
LOAD ./Drivers/STM32L4xx_HAL_Driver/stm32l4xx_hal_qspi.o
LOAD ./Drivers/STM32L4xx_HAL_Driver/stm32l4xx_hal_rcc.o
LOAD ./Drivers/STM32L4xx_HAL_Driver/stm32l4xx_hal_rcc_ex.o
LOAD ./Drivers/STM32L4xx_HAL_Driver/stm32l4xx_hal_spi.o
LOAD ./Drivers/STM32L4xx_HAL_Driver/stm32l4xx_hal_spi_ex.o
LOAD ./Drivers/STM32L4xx_HAL_Driver/stm32l4xx_hal_uart.o
LOAD ./Drivers/STM32L4xx_HAL_Driver/stm32l4xx_hal_uart_ex.o
LOAD ./Drivers/STM32L4xx_HAL_Driver/stm32l4xx_ll_usb.o
LOAD ./Middlewares/FreeRTOS/cmsis_os2.o
LOAD ./Middlewares/FreeRTOS/croutine.o
LOAD ./Middlewares/FreeRTOS/event_groups.o
LOAD ./Middlewares/FreeRTOS/heap_4.o
LOAD ./Middlewares/FreeRTOS/list.o
LOAD ./Middlewares/FreeRTOS/port.o
LOAD ./Middlewares/FreeRTOS/queue.o
LOAD ./Middlewares/FreeRTOS/stream_buffer.o
LOAD ./Middlewares/FreeRTOS/tasks.o
LOAD ./Middlewares/FreeRTOS/timers.o
START GROUP
LOAD C:/ST/STM32CubeIDE_1.17.0/STM32CubeIDE/plugins/com.st.stm32cube.ide.mcu.externaltools.gnu-tools-for-stm32.12.3.rel1.win32_1.1.0.202410251130/tools/bin/../lib/gcc/arm-none-eabi/12.3.1/../../../../arm-none-eabi/lib/thumb/v7e-m+fp/hard\libc_nano.a
LOAD C:/ST/STM32CubeIDE_1.17.0/STM32CubeIDE/plugins/com.st.stm32cube.ide.mcu.externaltools.gnu-tools-for-stm32.12.3.rel1.win32_1.1.0.202410251130/tools/bin/../lib/gcc/arm-none-eabi/12.3.1/../../../../arm-none-eabi/lib/thumb/v7e-m+fp/hard\libm.a
END GROUP
START GROUP
LOAD C:/ST/STM32CubeIDE_1.17.0/STM32CubeIDE/plugins/com.st.stm32cube.ide.mcu.externaltools.gnu-tools-for-stm32.12.3.rel1.win32_1.1.0.202410251130/tools/bin/../lib/gcc/arm-none-eabi/12.3.1/thumb/v7e-m+fp/hard\libgcc.a
LOAD C:/ST/STM32CubeIDE_1.17.0/STM32CubeIDE/plugins/com.st.stm32cube.ide.mcu.externaltools.gnu-tools-for-stm32.12.3.rel1.win32_1.1.0.202410251130/tools/bin/../lib/gcc/arm-none-eabi/12.3.1/../../../../arm-none-eabi/lib/thumb/v7e-m+fp/hard\libc_nano.a
END GROUP
START GROUP
LOAD C:/ST/STM32CubeIDE_1.17.0/STM32CubeIDE/plugins/com.st.stm32cube.ide.mcu.externaltools.gnu-tools-for-stm32.12.3.rel1.win32_1.1.0.202410251130/tools/bin/../lib/gcc/arm-none-eabi/12.3.1/thumb/v7e-m+fp/hard\libgcc.a
LOAD C:/ST/STM32CubeIDE_1.17.0/STM32CubeIDE/plugins/com.st.stm32cube.ide.mcu.externaltools.gnu-tools-for-stm32.12.3.rel1.win32_1.1.0.202410251130/tools/bin/../lib/gcc/arm-none-eabi/12.3.1/../../../../arm-none-eabi/lib/thumb/v7e-m+fp/hard\libc_nano.a
LOAD C:/ST/STM32CubeIDE_1.17.0/STM32CubeIDE/plugins/com.st.stm32cube.ide.mcu.externaltools.gnu-tools-for-stm32.12.3.rel1.win32_1.1.0.202410251130/tools/bin/../lib/gcc/arm-none-eabi/12.3.1/../../../../arm-none-eabi/lib/thumb/v7e-m+fp/hard\libnosys.a
END GROUP
START GROUP
LOAD C:/ST/STM32CubeIDE_1.17.0/STM32CubeIDE/plugins/com.st.stm32cube.ide.mcu.externaltools.gnu-tools-for-stm32.12.3.rel1.win32_1.1.0.202410251130/tools/bin/../lib/gcc/arm-none-eabi/12.3.1/thumb/v7e-m+fp/hard\libgcc.a
LOAD C:/ST/STM32CubeIDE_1.17.0/STM32CubeIDE/plugins/com.st.stm32cube.ide.mcu.externaltools.gnu-tools-for-stm32.12.3.rel1.win32_1.1.0.202410251130/tools/bin/../lib/gcc/arm-none-eabi/12.3.1/../../../../arm-none-eabi/lib/thumb/v7e-m+fp/hard\libc_nano.a
LOAD C:/ST/STM32CubeIDE_1.17.0/STM32CubeIDE/plugins/com.st.stm32cube.ide.mcu.externaltools.gnu-tools-for-stm32.12.3.rel1.win32_1.1.0.202410251130/tools/bin/../lib/gcc/arm-none-eabi/12.3.1/../../../../arm-none-eabi/lib/thumb/v7e-m+fp/hard\libnosys.a
END GROUP
LOAD C:/ST/STM32CubeIDE_1.17.0/STM32CubeIDE/plugins/com.st.stm32cube.ide.mcu.externaltools.gnu-tools-for-stm32.12.3.rel1.win32_1.1.0.202410251130/tools/bin/../lib/gcc/arm-none-eabi/12.3.1/thumb/v7e-m+fp/hard/crtend.o
LOAD C:/ST/STM32CubeIDE_1.17.0/STM32CubeIDE/plugins/com.st.stm32cube.ide.mcu.externaltools.gnu-tools-for-stm32.12.3.rel1.win32_1.1.0.202410251130/tools/bin/../lib/gcc/arm-none-eabi/12.3.1/thumb/v7e-m+fp/hard/crtn.o
                0x20018000                        _estack = (ORIGIN (RAM) + LENGTH (RAM))
                0x00000200                        _Min_Heap_Size = 0x200
                0x00000400                        _Min_Stack_Size = 0x400

.isr_vector     0x08000000      0x188
                0x08000000                        . = ALIGN (0x4)
 *(.isr_vector)
 .isr_vector    0x08000000      0x188 ./Core/Startup/startup_stm32l475vgtx.o
                0x08000000                g_pfnVectors
                0x08000188                        . = ALIGN (0x4)

.text           0x08000190     0x7ce4
                0x08000190                        . = ALIGN (0x4)
 *(.text)
 .text          0x08000190       0x40 C:/ST/STM32CubeIDE_1.17.0/STM32CubeIDE/plugins/com.st.stm32cube.ide.mcu.externaltools.gnu-tools-for-stm32.12.3.rel1.win32_1.1.0.202410251130/tools/bin/../lib/gcc/arm-none-eabi/12.3.1/thumb/v7e-m+fp/hard/crtbegin.o
 .text          0x080001d0       0x30 C:/ST/STM32CubeIDE_1.17.0/STM32CubeIDE/plugins/com.st.stm32cube.ide.mcu.externaltools.gnu-tools-for-stm32.12.3.rel1.win32_1.1.0.202410251130/tools/bin/../lib/gcc/arm-none-eabi/12.3.1/thumb/v7e-m+fp/hard\libgcc.a(_aeabi_uldivmod.o)
                0x080001d0                __aeabi_uldivmod
 .text          0x08000200      0x2bc C:/ST/STM32CubeIDE_1.17.0/STM32CubeIDE/plugins/com.st.stm32cube.ide.mcu.externaltools.gnu-tools-for-stm32.12.3.rel1.win32_1.1.0.202410251130/tools/bin/../lib/gcc/arm-none-eabi/12.3.1/thumb/v7e-m+fp/hard\libgcc.a(_udivmoddi4.o)
                0x08000200                __udivmoddi4
 .text          0x080004bc        0x4 C:/ST/STM32CubeIDE_1.17.0/STM32CubeIDE/plugins/com.st.stm32cube.ide.mcu.externaltools.gnu-tools-for-stm32.12.3.rel1.win32_1.1.0.202410251130/tools/bin/../lib/gcc/arm-none-eabi/12.3.1/thumb/v7e-m+fp/hard\libgcc.a(_dvmd_tls.o)
                0x080004bc                __aeabi_idiv0
                0x080004bc                __aeabi_ldiv0
 *(.text*)
 .text.main     0x080004c0       0xb4 ./Core/Src/main.o
                0x080004c0                main
 .text.SystemClock_Config
                0x08000574       0xc4 ./Core/Src/main.o
                0x08000574                SystemClock_Config
 .text.MX_DFSDM1_Init
                0x08000638       0x70 ./Core/Src/main.o
 .text.MX_I2C2_Init
                0x080006a8       0x7c ./Core/Src/main.o
 .text.MX_QUADSPI_Init
                0x08000724       0x4c ./Core/Src/main.o
 .text.MX_SPI3_Init
                0x08000770       0x7c ./Core/Src/main.o
 .text.MX_USART1_UART_Init
                0x080007ec       0x60 ./Core/Src/main.o
 .text.MX_USART3_UART_Init
                0x0800084c       0x60 ./Core/Src/main.o
 .text.MX_USB_OTG_FS_PCD_Init
                0x080008ac       0x5c ./Core/Src/main.o
 .text.MX_GPIO_Init
                0x08000908      0x364 ./Core/Src/main.o
 .text.HAL_GPIO_EXTI_Callback
                0x08000c6c       0x9c ./Core/Src/main.o
                0x08000c6c                HAL_GPIO_EXTI_Callback
 .text.StartDefaultTask
                0x08000d08       0xb4 ./Core/Src/main.o
                0x08000d08                StartDefaultTask
 .text.Callback01
                0x08000dbc       0x28 ./Core/Src/main.o
                0x08000dbc                Callback01
 .text.Callback02
                0x08000de4       0x14 ./Core/Src/main.o
                0x08000de4                Callback02
 .text.Error_Handler
                0x08000df8        0xc ./Core/Src/main.o
                0x08000df8                Error_Handler
 .text.HAL_MspInit
                0x08000e04       0x50 ./Core/Src/stm32l4xx_hal_msp.o
                0x08000e04                HAL_MspInit
 .text.HAL_DFSDM_ChannelMspInit
                0x08000e54       0xc8 ./Core/Src/stm32l4xx_hal_msp.o
                0x08000e54                HAL_DFSDM_ChannelMspInit
 .text.HAL_I2C_MspInit
                0x08000f1c       0xbc ./Core/Src/stm32l4xx_hal_msp.o
                0x08000f1c                HAL_I2C_MspInit
 .text.HAL_QSPI_MspInit
                0x08000fd8       0x88 ./Core/Src/stm32l4xx_hal_msp.o
                0x08000fd8                HAL_QSPI_MspInit
 .text.HAL_SPI_MspInit
                0x08001060       0x88 ./Core/Src/stm32l4xx_hal_msp.o
                0x08001060                HAL_SPI_MspInit
 .text.HAL_UART_MspInit
                0x080010e8      0x148 ./Core/Src/stm32l4xx_hal_msp.o
                0x080010e8                HAL_UART_MspInit
 .text.HAL_PCD_MspInit
                0x08001230      0x138 ./Core/Src/stm32l4xx_hal_msp.o
                0x08001230                HAL_PCD_MspInit
 .text.NMI_Handler
                0x08001368        0x8 ./Core/Src/stm32l4xx_it.o
                0x08001368                NMI_Handler
 .text.HardFault_Handler
                0x08001370        0x8 ./Core/Src/stm32l4xx_it.o
                0x08001370                HardFault_Handler
 .text.MemManage_Handler
                0x08001378        0x8 ./Core/Src/stm32l4xx_it.o
                0x08001378                MemManage_Handler
 .text.BusFault_Handler
                0x08001380        0x8 ./Core/Src/stm32l4xx_it.o
                0x08001380                BusFault_Handler
 .text.UsageFault_Handler
                0x08001388        0x8 ./Core/Src/stm32l4xx_it.o
                0x08001388                UsageFault_Handler
 .text.DebugMon_Handler
                0x08001390        0xe ./Core/Src/stm32l4xx_it.o
                0x08001390                DebugMon_Handler
 .text.SysTick_Handler
                0x0800139e       0x1a ./Core/Src/stm32l4xx_it.o
                0x0800139e                SysTick_Handler
 .text.EXTI9_5_IRQHandler
                0x080013b8       0x22 ./Core/Src/stm32l4xx_it.o
                0x080013b8                EXTI9_5_IRQHandler
 .text.EXTI15_10_IRQHandler
                0x080013da       0x30 ./Core/Src/stm32l4xx_it.o
                0x080013da                EXTI15_10_IRQHandler
 *fill*         0x0800140a        0x2 
 .text.SystemInit
                0x0800140c       0x24 ./Core/Src/system_stm32l4xx.o
                0x0800140c                SystemInit
 .text.Reset_Handler
                0x08001430       0x50 ./Core/Startup/startup_stm32l475vgtx.o
                0x08001430                Reset_Handler
 .text.Default_Handler
                0x08001480        0x2 ./Core/Startup/startup_stm32l475vgtx.o
                0x08001480                RTC_Alarm_IRQHandler
                0x08001480                EXTI2_IRQHandler
                0x08001480                TIM8_TRG_COM_IRQHandler
                0x08001480                TIM8_CC_IRQHandler
                0x08001480                TIM1_CC_IRQHandler
                0x08001480                TSC_IRQHandler
                0x08001480                TAMP_STAMP_IRQHandler
                0x08001480                EXTI3_IRQHandler
                0x08001480                LPTIM2_IRQHandler
                0x08001480                DFSDM1_FLT1_IRQHandler
                0x08001480                I2C3_ER_IRQHandler
                0x08001480                DFSDM1_FLT2_IRQHandler
                0x08001480                EXTI0_IRQHandler
                0x08001480                I2C2_EV_IRQHandler
                0x08001480                CAN1_RX0_IRQHandler
                0x08001480                FPU_IRQHandler
                0x08001480                TIM1_UP_TIM16_IRQHandler
                0x08001480                ADC1_2_IRQHandler
                0x08001480                SPI1_IRQHandler
                0x08001480                TIM6_DAC_IRQHandler
                0x08001480                TIM8_UP_IRQHandler
                0x08001480                DMA2_Channel2_IRQHandler
                0x08001480                DMA1_Channel4_IRQHandler
                0x08001480                SAI2_IRQHandler
                0x08001480                DFSDM1_FLT3_IRQHandler
                0x08001480                USART3_IRQHandler
                0x08001480                DMA1_Channel7_IRQHandler
                0x08001480                CAN1_RX1_IRQHandler
                0x08001480                UART5_IRQHandler
                0x08001480                ADC3_IRQHandler
                0x08001480                TIM4_IRQHandler
                0x08001480                DMA2_Channel1_IRQHandler
                0x08001480                QUADSPI_IRQHandler
                0x08001480                I2C1_EV_IRQHandler
                0x08001480                DMA1_Channel6_IRQHandler
                0x08001480                UART4_IRQHandler
                0x08001480                DMA2_Channel4_IRQHandler
                0x08001480                TIM3_IRQHandler
                0x08001480                RCC_IRQHandler
                0x08001480                DMA1_Channel1_IRQHandler
                0x08001480                Default_Handler
                0x08001480                DMA2_Channel7_IRQHandler
                0x08001480                TIM7_IRQHandler
                0x08001480                SDMMC1_IRQHandler
                0x08001480                TIM5_IRQHandler
                0x08001480                I2C3_EV_IRQHandler
                0x08001480                RTC_WKUP_IRQHandler
                0x08001480                PVD_PVM_IRQHandler
                0x08001480                SPI2_IRQHandler
                0x08001480                CAN1_TX_IRQHandler
                0x08001480                DMA2_Channel5_IRQHandler
                0x08001480                DMA1_Channel5_IRQHandler
                0x08001480                EXTI4_IRQHandler
                0x08001480                RNG_IRQHandler
                0x08001480                TIM1_TRG_COM_TIM17_IRQHandler
                0x08001480                DMA1_Channel3_IRQHandler
                0x08001480                COMP_IRQHandler
                0x08001480                WWDG_IRQHandler
                0x08001480                LPUART1_IRQHandler
                0x08001480                DMA2_Channel6_IRQHandler
                0x08001480                TIM2_IRQHandler
                0x08001480                EXTI1_IRQHandler
                0x08001480                USART2_IRQHandler
                0x08001480                DFSDM1_FLT0_IRQHandler
                0x08001480                I2C2_ER_IRQHandler
                0x08001480                DMA1_Channel2_IRQHandler
                0x08001480                TIM8_BRK_IRQHandler
                0x08001480                CAN1_SCE_IRQHandler
                0x08001480                FLASH_IRQHandler
                0x08001480                USART1_IRQHandler
                0x08001480                OTG_FS_IRQHandler
                0x08001480                SPI3_IRQHandler
                0x08001480                I2C1_ER_IRQHandler
                0x08001480                FMC_IRQHandler
                0x08001480                SWPMI1_IRQHandler
                0x08001480                LPTIM1_IRQHandler
                0x08001480                SAI1_IRQHandler
                0x08001480                DMA2_Channel3_IRQHandler
                0x08001480                TIM1_BRK_TIM15_IRQHandler
 .text.HAL_Init
                0x08001482       0x30 ./Drivers/STM32L4xx_HAL_Driver/stm32l4xx_hal.o
                0x08001482                HAL_Init
 *fill*         0x080014b2        0x2 
 .text.HAL_InitTick
                0x080014b4       0x78 ./Drivers/STM32L4xx_HAL_Driver/stm32l4xx_hal.o
                0x080014b4                HAL_InitTick
 .text.HAL_IncTick
                0x0800152c       0x28 ./Drivers/STM32L4xx_HAL_Driver/stm32l4xx_hal.o
                0x0800152c                HAL_IncTick
 .text.HAL_GetTick
                0x08001554       0x18 ./Drivers/STM32L4xx_HAL_Driver/stm32l4xx_hal.o
                0x08001554                HAL_GetTick
 .text.HAL_Delay
                0x0800156c       0x48 ./Drivers/STM32L4xx_HAL_Driver/stm32l4xx_hal.o
                0x0800156c                HAL_Delay
 .text.__NVIC_SetPriorityGrouping
                0x080015b4       0x48 ./Drivers/STM32L4xx_HAL_Driver/stm32l4xx_hal_cortex.o
 .text.__NVIC_GetPriorityGrouping
                0x080015fc       0x1c ./Drivers/STM32L4xx_HAL_Driver/stm32l4xx_hal_cortex.o
 .text.__NVIC_EnableIRQ
                0x08001618       0x3c ./Drivers/STM32L4xx_HAL_Driver/stm32l4xx_hal_cortex.o
 .text.__NVIC_SetPriority
                0x08001654       0x54 ./Drivers/STM32L4xx_HAL_Driver/stm32l4xx_hal_cortex.o
 .text.NVIC_EncodePriority
                0x080016a8       0x66 ./Drivers/STM32L4xx_HAL_Driver/stm32l4xx_hal_cortex.o
 *fill*         0x0800170e        0x2 
 .text.SysTick_Config
                0x08001710       0x44 ./Drivers/STM32L4xx_HAL_Driver/stm32l4xx_hal_cortex.o
 .text.HAL_NVIC_SetPriorityGrouping
                0x08001754       0x16 ./Drivers/STM32L4xx_HAL_Driver/stm32l4xx_hal_cortex.o
                0x08001754                HAL_NVIC_SetPriorityGrouping
 .text.HAL_NVIC_SetPriority
                0x0800176a       0x38 ./Drivers/STM32L4xx_HAL_Driver/stm32l4xx_hal_cortex.o
                0x0800176a                HAL_NVIC_SetPriority
 .text.HAL_NVIC_EnableIRQ
                0x080017a2       0x1c ./Drivers/STM32L4xx_HAL_Driver/stm32l4xx_hal_cortex.o
                0x080017a2                HAL_NVIC_EnableIRQ
 .text.HAL_SYSTICK_Config
                0x080017be       0x18 ./Drivers/STM32L4xx_HAL_Driver/stm32l4xx_hal_cortex.o
                0x080017be                HAL_SYSTICK_Config
 *fill*         0x080017d6        0x2 
 .text.HAL_DFSDM_ChannelInit
                0x080017d8      0x180 ./Drivers/STM32L4xx_HAL_Driver/stm32l4xx_hal_dfsdm.o
                0x080017d8                HAL_DFSDM_ChannelInit
 .text.DFSDM_GetChannelFromInstance
                0x08001958       0x98 ./Drivers/STM32L4xx_HAL_Driver/stm32l4xx_hal_dfsdm.o
 .text.HAL_GPIO_Init
                0x080019f0      0x354 ./Drivers/STM32L4xx_HAL_Driver/stm32l4xx_hal_gpio.o
                0x080019f0                HAL_GPIO_Init
 .text.HAL_GPIO_WritePin
                0x08001d44       0x30 ./Drivers/STM32L4xx_HAL_Driver/stm32l4xx_hal_gpio.o
                0x08001d44                HAL_GPIO_WritePin
 .text.HAL_GPIO_TogglePin
                0x08001d74       0x34 ./Drivers/STM32L4xx_HAL_Driver/stm32l4xx_hal_gpio.o
                0x08001d74                HAL_GPIO_TogglePin
 .text.HAL_GPIO_EXTI_IRQHandler
                0x08001da8       0x30 ./Drivers/STM32L4xx_HAL_Driver/stm32l4xx_hal_gpio.o
                0x08001da8                HAL_GPIO_EXTI_IRQHandler
 .text.HAL_I2C_Init
                0x08001dd8      0x136 ./Drivers/STM32L4xx_HAL_Driver/stm32l4xx_hal_i2c.o
                0x08001dd8                HAL_I2C_Init
 .text.HAL_I2CEx_ConfigAnalogFilter
                0x08001f0e       0x96 ./Drivers/STM32L4xx_HAL_Driver/stm32l4xx_hal_i2c_ex.o
                0x08001f0e                HAL_I2CEx_ConfigAnalogFilter
 .text.HAL_I2CEx_ConfigDigitalFilter
                0x08001fa4       0x98 ./Drivers/STM32L4xx_HAL_Driver/stm32l4xx_hal_i2c_ex.o
                0x08001fa4                HAL_I2CEx_ConfigDigitalFilter
 .text.HAL_PCD_Init
                0x0800203c      0x21e ./Drivers/STM32L4xx_HAL_Driver/stm32l4xx_hal_pcd.o
                0x0800203c                HAL_PCD_Init
 .text.HAL_PCDEx_ActivateLPM
                0x0800225a       0x48 ./Drivers/STM32L4xx_HAL_Driver/stm32l4xx_hal_pcd_ex.o
                0x0800225a                HAL_PCDEx_ActivateLPM
 *fill*         0x080022a2        0x2 
 .text.HAL_PWR_EnableBkUpAccess
                0x080022a4       0x20 ./Drivers/STM32L4xx_HAL_Driver/stm32l4xx_hal_pwr.o
                0x080022a4                HAL_PWR_EnableBkUpAccess
 .text.HAL_PWREx_GetVoltageRange
                0x080022c4       0x1c ./Drivers/STM32L4xx_HAL_Driver/stm32l4xx_hal_pwr_ex.o
                0x080022c4                HAL_PWREx_GetVoltageRange
 .text.HAL_PWREx_ControlVoltageScaling
                0x080022e0       0xac ./Drivers/STM32L4xx_HAL_Driver/stm32l4xx_hal_pwr_ex.o
                0x080022e0                HAL_PWREx_ControlVoltageScaling
 .text.HAL_PWREx_EnableVddUSB
                0x0800238c       0x20 ./Drivers/STM32L4xx_HAL_Driver/stm32l4xx_hal_pwr_ex.o
                0x0800238c                HAL_PWREx_EnableVddUSB
 .text.HAL_QSPI_Init
                0x080023ac       0xec ./Drivers/STM32L4xx_HAL_Driver/stm32l4xx_hal_qspi.o
                0x080023ac                HAL_QSPI_Init
 .text.HAL_QSPI_SetTimeout
                0x08002498       0x1c ./Drivers/STM32L4xx_HAL_Driver/stm32l4xx_hal_qspi.o
                0x08002498                HAL_QSPI_SetTimeout
 .text.QSPI_WaitFlagStateUntilTimeout
                0x080024b4       0x6e ./Drivers/STM32L4xx_HAL_Driver/stm32l4xx_hal_qspi.o
 *fill*         0x08002522        0x2 
 .text.HAL_RCC_OscConfig
                0x08002524      0x7b8 ./Drivers/STM32L4xx_HAL_Driver/stm32l4xx_hal_rcc.o
                0x08002524                HAL_RCC_OscConfig
 .text.HAL_RCC_ClockConfig
                0x08002cdc      0x200 ./Drivers/STM32L4xx_HAL_Driver/stm32l4xx_hal_rcc.o
                0x08002cdc                HAL_RCC_ClockConfig
 .text.HAL_RCC_GetSysClockFreq
                0x08002edc      0x118 ./Drivers/STM32L4xx_HAL_Driver/stm32l4xx_hal_rcc.o
                0x08002edc                HAL_RCC_GetSysClockFreq
 .text.HAL_RCC_GetHCLKFreq
                0x08002ff4       0x18 ./Drivers/STM32L4xx_HAL_Driver/stm32l4xx_hal_rcc.o
                0x08002ff4                HAL_RCC_GetHCLKFreq
 .text.HAL_RCC_GetPCLK1Freq
                0x0800300c       0x2c ./Drivers/STM32L4xx_HAL_Driver/stm32l4xx_hal_rcc.o
                0x0800300c                HAL_RCC_GetPCLK1Freq
 .text.HAL_RCC_GetPCLK2Freq
                0x08003038       0x2c ./Drivers/STM32L4xx_HAL_Driver/stm32l4xx_hal_rcc.o
                0x08003038                HAL_RCC_GetPCLK2Freq
 .text.RCC_SetFlashLatencyFromMSIRange
                0x08003064       0xc0 ./Drivers/STM32L4xx_HAL_Driver/stm32l4xx_hal_rcc.o
 .text.HAL_RCCEx_PeriphCLKConfig
                0x08003124      0x5d4 ./Drivers/STM32L4xx_HAL_Driver/stm32l4xx_hal_rcc_ex.o
                0x08003124                HAL_RCCEx_PeriphCLKConfig
 .text.HAL_RCCEx_EnableMSIPLLMode
                0x080036f8       0x20 ./Drivers/STM32L4xx_HAL_Driver/stm32l4xx_hal_rcc_ex.o
                0x080036f8                HAL_RCCEx_EnableMSIPLLMode
 .text.RCCEx_PLLSAI1_Config
                0x08003718      0x1e8 ./Drivers/STM32L4xx_HAL_Driver/stm32l4xx_hal_rcc_ex.o
 .text.RCCEx_PLLSAI2_Config
                0x08003900      0x1bc ./Drivers/STM32L4xx_HAL_Driver/stm32l4xx_hal_rcc_ex.o
 .text.HAL_SPI_Init
                0x08003abc      0x146 ./Drivers/STM32L4xx_HAL_Driver/stm32l4xx_hal_spi.o
                0x08003abc                HAL_SPI_Init
 .text.HAL_UART_Init
                0x08003c02       0x9c ./Drivers/STM32L4xx_HAL_Driver/stm32l4xx_hal_uart.o
                0x08003c02                HAL_UART_Init
 *fill*         0x08003c9e        0x2 
 .text.UART_SetConfig
                0x08003ca0      0x570 ./Drivers/STM32L4xx_HAL_Driver/stm32l4xx_hal_uart.o
                0x08003ca0                UART_SetConfig
 .text.UART_AdvFeatureConfig
                0x08004210      0x144 ./Drivers/STM32L4xx_HAL_Driver/stm32l4xx_hal_uart.o
                0x08004210                UART_AdvFeatureConfig
 .text.UART_CheckIdleState
                0x08004354      0x150 ./Drivers/STM32L4xx_HAL_Driver/stm32l4xx_hal_uart.o
                0x08004354                UART_CheckIdleState
 .text.UART_WaitOnFlagUntilTimeout
                0x080044a4       0xda ./Drivers/STM32L4xx_HAL_Driver/stm32l4xx_hal_uart.o
                0x080044a4                UART_WaitOnFlagUntilTimeout
 .text.UART_EndRxTransfer
                0x0800457e       0xc8 ./Drivers/STM32L4xx_HAL_Driver/stm32l4xx_hal_uart.o
 .text.USB_CoreInit
                0x08004646       0x5a ./Drivers/STM32L4xx_HAL_Driver/stm32l4xx_ll_usb.o
                0x08004646                USB_CoreInit
 .text.USB_DisableGlobalInt
                0x080046a0       0x22 ./Drivers/STM32L4xx_HAL_Driver/stm32l4xx_ll_usb.o
                0x080046a0                USB_DisableGlobalInt
 .text.USB_SetCurrentMode
                0x080046c2       0x98 ./Drivers/STM32L4xx_HAL_Driver/stm32l4xx_ll_usb.o
                0x080046c2                USB_SetCurrentMode
 *fill*         0x0800475a        0x2 
 .text.USB_DevInit
                0x0800475c      0x290 ./Drivers/STM32L4xx_HAL_Driver/stm32l4xx_ll_usb.o
                0x0800475c                USB_DevInit
 .text.USB_FlushTxFifo
                0x080049ec       0x64 ./Drivers/STM32L4xx_HAL_Driver/stm32l4xx_ll_usb.o
                0x080049ec                USB_FlushTxFifo
 .text.USB_FlushRxFifo
                0x08004a50       0x5c ./Drivers/STM32L4xx_HAL_Driver/stm32l4xx_ll_usb.o
                0x08004a50                USB_FlushRxFifo
 .text.USB_SetDevSpeed
                0x08004aac       0x32 ./Drivers/STM32L4xx_HAL_Driver/stm32l4xx_ll_usb.o
                0x08004aac                USB_SetDevSpeed
 .text.USB_DevDisconnect
                0x08004ade       0x42 ./Drivers/STM32L4xx_HAL_Driver/stm32l4xx_ll_usb.o
                0x08004ade                USB_DevDisconnect
 .text.USB_GetMode
                0x08004b20       0x1c ./Drivers/STM32L4xx_HAL_Driver/stm32l4xx_ll_usb.o
                0x08004b20                USB_GetMode
 .text.USB_CoreReset
                0x08004b3c       0x62 ./Drivers/STM32L4xx_HAL_Driver/stm32l4xx_ll_usb.o
 *fill*         0x08004b9e        0x2 
 .text.__NVIC_SetPriority
                0x08004ba0       0x54 ./Middlewares/FreeRTOS/cmsis_os2.o
 .text.SVC_Setup
                0x08004bf4       0x12 ./Middlewares/FreeRTOS/cmsis_os2.o
 *fill*         0x08004c06        0x2 
 .text.osKernelInitialize
                0x08004c08       0x48 ./Middlewares/FreeRTOS/cmsis_os2.o
                0x08004c08                osKernelInitialize
 .text.osKernelStart
                0x08004c50       0x4c ./Middlewares/FreeRTOS/cmsis_os2.o
                0x08004c50                osKernelStart
 .text.osThreadNew
                0x08004c9c      0x124 ./Middlewares/FreeRTOS/cmsis_os2.o
                0x08004c9c                osThreadNew
 .text.osDelay  0x08004dc0       0x36 ./Middlewares/FreeRTOS/cmsis_os2.o
                0x08004dc0                osDelay
 .text.TimerCallback
                0x08004df6       0x2a ./Middlewares/FreeRTOS/cmsis_os2.o
 .text.osTimerNew
                0x08004e20       0xf8 ./Middlewares/FreeRTOS/cmsis_os2.o
                0x08004e20                osTimerNew
 .text.osTimerStart
                0x08004f18       0x5c ./Middlewares/FreeRTOS/cmsis_os2.o
                0x08004f18                osTimerStart
 .text.osMessageQueueNew
                0x08004f74       0xe6 ./Middlewares/FreeRTOS/cmsis_os2.o
                0x08004f74                osMessageQueueNew
 *fill*         0x0800505a        0x2 
 .text.osMessageQueuePut
                0x0800505c       0xc0 ./Middlewares/FreeRTOS/cmsis_os2.o
                0x0800505c                osMessageQueuePut
 .text.osMessageQueueGet
                0x0800511c       0xbc ./Middlewares/FreeRTOS/cmsis_os2.o
                0x0800511c                osMessageQueueGet
 .text.vApplicationGetIdleTaskMemory
                0x080051d8       0x34 ./Middlewares/FreeRTOS/cmsis_os2.o
                0x080051d8                vApplicationGetIdleTaskMemory
 .text.vApplicationGetTimerTaskMemory
                0x0800520c       0x34 ./Middlewares/FreeRTOS/cmsis_os2.o
                0x0800520c                vApplicationGetTimerTaskMemory
 .text.pvPortMalloc
                0x08005240      0x19c ./Middlewares/FreeRTOS/heap_4.o
                0x08005240                pvPortMalloc
 .text.vPortFree
                0x080053dc       0xc8 ./Middlewares/FreeRTOS/heap_4.o
                0x080053dc                vPortFree
 .text.prvHeapInit
                0x080054a4       0xc4 ./Middlewares/FreeRTOS/heap_4.o
 .text.prvInsertBlockIntoFreeList
                0x08005568       0xb4 ./Middlewares/FreeRTOS/heap_4.o
 .text.vListInitialise
                0x0800561c       0x40 ./Middlewares/FreeRTOS/list.o
                0x0800561c                vListInitialise
 .text.vListInitialiseItem
                0x0800565c       0x1a ./Middlewares/FreeRTOS/list.o
                0x0800565c                vListInitialiseItem
 .text.vListInsertEnd
                0x08005676       0x48 ./Middlewares/FreeRTOS/list.o
                0x08005676                vListInsertEnd
 .text.vListInsert
                0x080056be       0x72 ./Middlewares/FreeRTOS/list.o
                0x080056be                vListInsert
 .text.uxListRemove
                0x08005730       0x54 ./Middlewares/FreeRTOS/list.o
                0x08005730                uxListRemove
 .text.pxPortInitialiseStack
                0x08005784       0x68 ./Middlewares/FreeRTOS/port.o
                0x08005784                pxPortInitialiseStack
 .text.prvTaskExitError
                0x080057ec       0x5c ./Middlewares/FreeRTOS/port.o
 *fill*         0x08005848        0x8 
 .text.SVC_Handler
                0x08005850       0x28 ./Middlewares/FreeRTOS/port.o
                0x08005850                SVC_Handler
 .text.prvPortStartFirstTask
                0x08005878       0x28 ./Middlewares/FreeRTOS/port.o
 .text.xPortStartScheduler
                0x080058a0      0x148 ./Middlewares/FreeRTOS/port.o
                0x080058a0                xPortStartScheduler
 .text.vPortEnterCritical
                0x080059e8       0x64 ./Middlewares/FreeRTOS/port.o
                0x080059e8                vPortEnterCritical
 .text.vPortExitCritical
                0x08005a4c       0x54 ./Middlewares/FreeRTOS/port.o
                0x08005a4c                vPortExitCritical
 .text.PendSV_Handler
                0x08005aa0       0x68 ./Middlewares/FreeRTOS/port.o
                0x08005aa0                PendSV_Handler
 .text.xPortSysTickHandler
                0x08005b08       0x44 ./Middlewares/FreeRTOS/port.o
                0x08005b08                xPortSysTickHandler
 .text.vPortSetupTimerInterrupt
                0x08005b4c       0x48 ./Middlewares/FreeRTOS/port.o
                0x08005b4c                vPortSetupTimerInterrupt
 .text.vPortEnableVFP
                0x08005b94       0x14 ./Middlewares/FreeRTOS/port.o
 .text.vPortValidateInterruptPriority
                0x08005ba8       0x84 ./Middlewares/FreeRTOS/port.o
                0x08005ba8                vPortValidateInterruptPriority
 .text.xQueueGenericReset
                0x08005c2c       0xd4 ./Middlewares/FreeRTOS/queue.o
                0x08005c2c                xQueueGenericReset
 .text.xQueueGenericCreateStatic
                0x08005d00       0xfa ./Middlewares/FreeRTOS/queue.o
                0x08005d00                xQueueGenericCreateStatic
 .text.xQueueGenericCreate
                0x08005dfa       0x76 ./Middlewares/FreeRTOS/queue.o
                0x08005dfa                xQueueGenericCreate
 .text.prvInitialiseNewQueue
                0x08005e70       0x46 ./Middlewares/FreeRTOS/queue.o
 *fill*         0x08005eb6        0x2 
 .text.xQueueGenericSend
                0x08005eb8      0x204 ./Middlewares/FreeRTOS/queue.o
                0x08005eb8                xQueueGenericSend
 .text.xQueueGenericSendFromISR
                0x080060bc      0x13c ./Middlewares/FreeRTOS/queue.o
                0x080060bc                xQueueGenericSendFromISR
 .text.xQueueReceive
                0x080061f8      0x1c4 ./Middlewares/FreeRTOS/queue.o
                0x080061f8                xQueueReceive
 .text.xQueueReceiveFromISR
                0x080063bc      0x104 ./Middlewares/FreeRTOS/queue.o
                0x080063bc                xQueueReceiveFromISR
 .text.prvCopyDataToQueue
                0x080064c0       0xd4 ./Middlewares/FreeRTOS/queue.o
 .text.prvCopyDataFromQueue
                0x08006594       0x4c ./Middlewares/FreeRTOS/queue.o
 .text.prvUnlockQueue
                0x080065e0       0xa4 ./Middlewares/FreeRTOS/queue.o
 .text.prvIsQueueEmpty
                0x08006684       0x2c ./Middlewares/FreeRTOS/queue.o
 .text.prvIsQueueFull
                0x080066b0       0x30 ./Middlewares/FreeRTOS/queue.o
 .text.vQueueAddToRegistry
                0x080066e0       0x54 ./Middlewares/FreeRTOS/queue.o
                0x080066e0                vQueueAddToRegistry
 .text.vQueueWaitForMessageRestricted
                0x08006734       0x68 ./Middlewares/FreeRTOS/queue.o
                0x08006734                vQueueWaitForMessageRestricted
 .text.xTaskCreateStatic
                0x0800679c       0xc0 ./Middlewares/FreeRTOS/tasks.o
                0x0800679c                xTaskCreateStatic
 .text.xTaskCreate
                0x0800685c       0x8a ./Middlewares/FreeRTOS/tasks.o
                0x0800685c                xTaskCreate
 .text.prvInitialiseNewTask
                0x080068e6      0x120 ./Middlewares/FreeRTOS/tasks.o
 *fill*         0x08006a06        0x2 
 .text.prvAddNewTaskToReadyList
                0x08006a08       0xe0 ./Middlewares/FreeRTOS/tasks.o
 .text.vTaskDelay
                0x08006ae8       0x6c ./Middlewares/FreeRTOS/tasks.o
                0x08006ae8                vTaskDelay
 .text.vTaskStartScheduler
                0x08006b54       0xd0 ./Middlewares/FreeRTOS/tasks.o
                0x08006b54                vTaskStartScheduler
 .text.vTaskSuspendAll
                0x08006c24       0x1c ./Middlewares/FreeRTOS/tasks.o
                0x08006c24                vTaskSuspendAll
 .text.xTaskResumeAll
                0x08006c40      0x13c ./Middlewares/FreeRTOS/tasks.o
                0x08006c40                xTaskResumeAll
 .text.xTaskGetTickCount
                0x08006d7c       0x20 ./Middlewares/FreeRTOS/tasks.o
                0x08006d7c                xTaskGetTickCount
 .text.xTaskIncrementTick
                0x08006d9c      0x174 ./Middlewares/FreeRTOS/tasks.o
                0x08006d9c                xTaskIncrementTick
 .text.vTaskSwitchContext
                0x08006f10       0xbc ./Middlewares/FreeRTOS/tasks.o
                0x08006f10                vTaskSwitchContext
 .text.vTaskPlaceOnEventList
                0x08006fcc       0x4c ./Middlewares/FreeRTOS/tasks.o
                0x08006fcc                vTaskPlaceOnEventList
 .text.vTaskPlaceOnEventListRestricted
                0x08007018       0x58 ./Middlewares/FreeRTOS/tasks.o
                0x08007018                vTaskPlaceOnEventListRestricted
 .text.xTaskRemoveFromEventList
                0x08007070       0xc8 ./Middlewares/FreeRTOS/tasks.o
                0x08007070                xTaskRemoveFromEventList
 .text.vTaskInternalSetTimeOutState
                0x08007138       0x2c ./Middlewares/FreeRTOS/tasks.o
                0x08007138                vTaskInternalSetTimeOutState
 .text.xTaskCheckForTimeOut
                0x08007164       0xc8 ./Middlewares/FreeRTOS/tasks.o
                0x08007164                xTaskCheckForTimeOut
 .text.vTaskMissedYield
                0x0800722c       0x18 ./Middlewares/FreeRTOS/tasks.o
                0x0800722c                vTaskMissedYield
 .text.prvIdleTask
                0x08007244       0x30 ./Middlewares/FreeRTOS/tasks.o
 .text.prvInitialiseTaskLists
                0x08007274       0x80 ./Middlewares/FreeRTOS/tasks.o
 .text.prvCheckTasksWaitingTermination
                0x080072f4       0x5c ./Middlewares/FreeRTOS/tasks.o
 .text.prvDeleteTCB
                0x08007350       0x60 ./Middlewares/FreeRTOS/tasks.o
 .text.prvResetNextTaskUnblockTime
                0x080073b0       0x40 ./Middlewares/FreeRTOS/tasks.o
 .text.xTaskGetSchedulerState
                0x080073f0       0x3c ./Middlewares/FreeRTOS/tasks.o
                0x080073f0                xTaskGetSchedulerState
 .text.xTaskPriorityDisinherit
                0x0800742c       0xe0 ./Middlewares/FreeRTOS/tasks.o
                0x0800742c                xTaskPriorityDisinherit
 .text.prvAddCurrentTaskToDelayedList
                0x0800750c       0xa8 ./Middlewares/FreeRTOS/tasks.o
 .text.xTimerCreateTimerTask
                0x080075b4       0x94 ./Middlewares/FreeRTOS/timers.o
                0x080075b4                xTimerCreateTimerTask
 .text.xTimerCreate
                0x08007648       0x42 ./Middlewares/FreeRTOS/timers.o
                0x08007648                xTimerCreate
 .text.xTimerCreateStatic
                0x0800768a       0x80 ./Middlewares/FreeRTOS/timers.o
                0x0800768a                xTimerCreateStatic
 .text.prvInitialiseNewTimer
                0x0800770a       0x78 ./Middlewares/FreeRTOS/timers.o
 *fill*         0x08007782        0x2 
 .text.xTimerGenericCommand
                0x08007784       0x9c ./Middlewares/FreeRTOS/timers.o
                0x08007784                xTimerGenericCommand
 .text.prvProcessExpiredTimer
                0x08007820       0x9c ./Middlewares/FreeRTOS/timers.o
 .text.prvTimerTask
                0x080078bc       0x26 ./Middlewares/FreeRTOS/timers.o
 *fill*         0x080078e2        0x2 
 .text.prvProcessTimerOrBlockTask
                0x080078e4       0x9c ./Middlewares/FreeRTOS/timers.o
 .text.prvGetNextExpireTime
                0x08007980       0x48 ./Middlewares/FreeRTOS/timers.o
 .text.prvSampleTimeNow
                0x080079c8       0x40 ./Middlewares/FreeRTOS/timers.o
 .text.prvInsertTimerInActiveList
                0x08007a08       0x84 ./Middlewares/FreeRTOS/timers.o
 .text.prvProcessReceivedCommands
                0x08007a8c      0x1cc ./Middlewares/FreeRTOS/timers.o
 .text.prvSwitchTimerLists
                0x08007c58       0xcc ./Middlewares/FreeRTOS/timers.o
 .text.prvCheckForValidListAndQueue
                0x08007d24       0x80 ./Middlewares/FreeRTOS/timers.o
 .text.pvTimerGetTimerID
                0x08007da4       0x42 ./Middlewares/FreeRTOS/timers.o
                0x08007da4                pvTimerGetTimerID
 .text.memset   0x08007de6       0x10 C:/ST/STM32CubeIDE_1.17.0/STM32CubeIDE/plugins/com.st.stm32cube.ide.mcu.externaltools.gnu-tools-for-stm32.12.3.rel1.win32_1.1.0.202410251130/tools/bin/../lib/gcc/arm-none-eabi/12.3.1/../../../../arm-none-eabi/lib/thumb/v7e-m+fp/hard\libc_nano.a(libc_a-memset.o)
                0x08007de6                memset
 *fill*         0x08007df6        0x2 
 .text.__libc_init_array
                0x08007df8       0x48 C:/ST/STM32CubeIDE_1.17.0/STM32CubeIDE/plugins/com.st.stm32cube.ide.mcu.externaltools.gnu-tools-for-stm32.12.3.rel1.win32_1.1.0.202410251130/tools/bin/../lib/gcc/arm-none-eabi/12.3.1/../../../../arm-none-eabi/lib/thumb/v7e-m+fp/hard\libc_nano.a(libc_a-init.o)
                0x08007df8                __libc_init_array
 .text.memcpy   0x08007e40       0x1c C:/ST/STM32CubeIDE_1.17.0/STM32CubeIDE/plugins/com.st.stm32cube.ide.mcu.externaltools.gnu-tools-for-stm32.12.3.rel1.win32_1.1.0.202410251130/tools/bin/../lib/gcc/arm-none-eabi/12.3.1/../../../../arm-none-eabi/lib/thumb/v7e-m+fp/hard\libc_nano.a(libc_a-memcpy-stub.o)
                0x08007e40                memcpy
 *(.glue_7)
 .glue_7        0x08007e5c        0x0 linker stubs
 *(.glue_7t)
 .glue_7t       0x08007e5c        0x0 linker stubs
 *(.eh_frame)
 .eh_frame      0x08007e5c        0x0 C:/ST/STM32CubeIDE_1.17.0/STM32CubeIDE/plugins/com.st.stm32cube.ide.mcu.externaltools.gnu-tools-for-stm32.12.3.rel1.win32_1.1.0.202410251130/tools/bin/../lib/gcc/arm-none-eabi/12.3.1/thumb/v7e-m+fp/hard/crtbegin.o
 *(.init)
 .init          0x08007e5c        0x4 C:/ST/STM32CubeIDE_1.17.0/STM32CubeIDE/plugins/com.st.stm32cube.ide.mcu.externaltools.gnu-tools-for-stm32.12.3.rel1.win32_1.1.0.202410251130/tools/bin/../lib/gcc/arm-none-eabi/12.3.1/thumb/v7e-m+fp/hard/crti.o
                0x08007e5c                _init
 .init          0x08007e60        0x8 C:/ST/STM32CubeIDE_1.17.0/STM32CubeIDE/plugins/com.st.stm32cube.ide.mcu.externaltools.gnu-tools-for-stm32.12.3.rel1.win32_1.1.0.202410251130/tools/bin/../lib/gcc/arm-none-eabi/12.3.1/thumb/v7e-m+fp/hard/crtn.o
 *(.fini)
 .fini          0x08007e68        0x4 C:/ST/STM32CubeIDE_1.17.0/STM32CubeIDE/plugins/com.st.stm32cube.ide.mcu.externaltools.gnu-tools-for-stm32.12.3.rel1.win32_1.1.0.202410251130/tools/bin/../lib/gcc/arm-none-eabi/12.3.1/thumb/v7e-m+fp/hard/crti.o
                0x08007e68                _fini
 .fini          0x08007e6c        0x8 C:/ST/STM32CubeIDE_1.17.0/STM32CubeIDE/plugins/com.st.stm32cube.ide.mcu.externaltools.gnu-tools-for-stm32.12.3.rel1.win32_1.1.0.202410251130/tools/bin/../lib/gcc/arm-none-eabi/12.3.1/thumb/v7e-m+fp/hard/crtn.o
                0x08007e74                        . = ALIGN (0x4)
                0x08007e74                        _etext = .

.vfp11_veneer   0x08007e74        0x0
 .vfp11_veneer  0x08007e74        0x0 linker stubs

.v4_bx          0x08007e74        0x0
 .v4_bx         0x08007e74        0x0 linker stubs

.iplt           0x08007e74        0x0
 .iplt          0x08007e74        0x0 C:/ST/STM32CubeIDE_1.17.0/STM32CubeIDE/plugins/com.st.stm32cube.ide.mcu.externaltools.gnu-tools-for-stm32.12.3.rel1.win32_1.1.0.202410251130/tools/bin/../lib/gcc/arm-none-eabi/12.3.1/thumb/v7e-m+fp/hard/crtbegin.o

.rodata         0x08007e74       0xfc
                0x08007e74                        . = ALIGN (0x4)
 *(.rodata)
 .rodata        0x08007e74       0x3d ./Core/Src/main.o
 *fill*         0x08007eb1        0x3 
 .rodata        0x08007eb4        0x5 ./Middlewares/FreeRTOS/tasks.o
 *fill*         0x08007eb9        0x3 
 .rodata        0x08007ebc        0xd ./Middlewares/FreeRTOS/timers.o
 *(.rodata*)
 *fill*         0x08007ec9        0x3 
 .rodata.defaultTask_attributes
                0x08007ecc       0x24 ./Core/Src/main.o
                0x08007ecc                defaultTask_attributes
 .rodata.Task_Queue_attributes
                0x08007ef0       0x18 ./Core/Src/main.o
                0x08007ef0                Task_Queue_attributes
 .rodata.Periodic_Blink_attributes
                0x08007f08       0x10 ./Core/Src/main.o
                0x08007f08                Periodic_Blink_attributes
 .rodata.Long_Press_Detection_attributes
                0x08007f18       0x10 ./Core/Src/main.o
                0x08007f18                Long_Press_Detection_attributes
 .rodata.AHBPrescTable
                0x08007f28       0x10 ./Core/Src/system_stm32l4xx.o
                0x08007f28                AHBPrescTable
 .rodata.APBPrescTable
                0x08007f38        0x8 ./Core/Src/system_stm32l4xx.o
                0x08007f38                APBPrescTable
 .rodata.MSIRangeTable
                0x08007f40       0x30 ./Core/Src/system_stm32l4xx.o
                0x08007f40                MSIRangeTable
                0x08007f70                        . = ALIGN (0x4)

.ARM.extab      0x08007f70        0x0
                0x08007f70                        . = ALIGN (0x4)
 *(.ARM.extab* .gnu.linkonce.armextab.*)
                0x08007f70                        . = ALIGN (0x4)

.ARM            0x08007f70        0x8
                0x08007f70                        . = ALIGN (0x4)
                0x08007f70                        __exidx_start = .
 *(.ARM.exidx*)
 .ARM.exidx     0x08007f70        0x8 C:/ST/STM32CubeIDE_1.17.0/STM32CubeIDE/plugins/com.st.stm32cube.ide.mcu.externaltools.gnu-tools-for-stm32.12.3.rel1.win32_1.1.0.202410251130/tools/bin/../lib/gcc/arm-none-eabi/12.3.1/thumb/v7e-m+fp/hard\libgcc.a(_udivmoddi4.o)
                0x08007f78                        __exidx_end = .
                0x08007f78                        . = ALIGN (0x4)

.preinit_array  0x08007f78        0x0
                0x08007f78                        . = ALIGN (0x4)
                0x08007f78                        PROVIDE (__preinit_array_start = .)
 *(.preinit_array*)
                0x08007f78                        PROVIDE (__preinit_array_end = .)
                0x08007f78                        . = ALIGN (0x4)

.init_array     0x08007f78        0x4
                0x08007f78                        . = ALIGN (0x4)
                0x08007f78                        PROVIDE (__init_array_start = .)
 *(SORT_BY_NAME(.init_array.*))
 *(.init_array*)
 .init_array    0x08007f78        0x4 C:/ST/STM32CubeIDE_1.17.0/STM32CubeIDE/plugins/com.st.stm32cube.ide.mcu.externaltools.gnu-tools-for-stm32.12.3.rel1.win32_1.1.0.202410251130/tools/bin/../lib/gcc/arm-none-eabi/12.3.1/thumb/v7e-m+fp/hard/crtbegin.o
                0x08007f7c                        PROVIDE (__init_array_end = .)
                0x08007f7c                        . = ALIGN (0x4)

.fini_array     0x08007f7c        0x4
                0x08007f7c                        . = ALIGN (0x4)
                [!provide]                        PROVIDE (__fini_array_start = .)
 *(SORT_BY_NAME(.fini_array.*))
 *(.fini_array*)
 .fini_array    0x08007f7c        0x4 C:/ST/STM32CubeIDE_1.17.0/STM32CubeIDE/plugins/com.st.stm32cube.ide.mcu.externaltools.gnu-tools-for-stm32.12.3.rel1.win32_1.1.0.202410251130/tools/bin/../lib/gcc/arm-none-eabi/12.3.1/thumb/v7e-m+fp/hard/crtbegin.o
                [!provide]                        PROVIDE (__fini_array_end = .)
                0x08007f80                        . = ALIGN (0x4)
                0x08007f80                        _sidata = LOADADDR (.data)

.rel.dyn        0x08007f80        0x0
 .rel.iplt      0x08007f80        0x0 C:/ST/STM32CubeIDE_1.17.0/STM32CubeIDE/plugins/com.st.stm32cube.ide.mcu.externaltools.gnu-tools-for-stm32.12.3.rel1.win32_1.1.0.202410251130/tools/bin/../lib/gcc/arm-none-eabi/12.3.1/thumb/v7e-m+fp/hard/crtbegin.o

.data           0x20000000       0x10 load address 0x08007f80
                0x20000000                        . = ALIGN (0x4)
                0x20000000                        _sdata = .
 *(.data)
 *(.data*)
 .data.SystemCoreClock
                0x20000000        0x4 ./Core/Src/system_stm32l4xx.o
                0x20000000                SystemCoreClock
 .data.uwTickPrio
                0x20000004        0x4 ./Drivers/STM32L4xx_HAL_Driver/stm32l4xx_hal.o
                0x20000004                uwTickPrio
 .data.uwTickFreq
                0x20000008        0x1 ./Drivers/STM32L4xx_HAL_Driver/stm32l4xx_hal.o
                0x20000008                uwTickFreq
 *fill*         0x20000009        0x3 
 .data.uxCriticalNesting
                0x2000000c        0x4 ./Middlewares/FreeRTOS/port.o
 *(.RamFunc)
 *(.RamFunc*)
                0x20000010                        . = ALIGN (0x4)
                0x20000010                        _edata = .

.igot.plt       0x20000010        0x0 load address 0x08007f90
 .igot.plt      0x20000010        0x0 C:/ST/STM32CubeIDE_1.17.0/STM32CubeIDE/plugins/com.st.stm32cube.ide.mcu.externaltools.gnu-tools-for-stm32.12.3.rel1.win32_1.1.0.202410251130/tools/bin/../lib/gcc/arm-none-eabi/12.3.1/thumb/v7e-m+fp/hard/crtbegin.o
                0x20000010                        . = ALIGN (0x4)

.bss            0x20000010     0x2094 load address 0x08007f90
                0x20000010                        _sbss = .
                0x20000010                        __bss_start__ = _sbss
 *(.bss)
 .bss           0x20000010       0x1c C:/ST/STM32CubeIDE_1.17.0/STM32CubeIDE/plugins/com.st.stm32cube.ide.mcu.externaltools.gnu-tools-for-stm32.12.3.rel1.win32_1.1.0.202410251130/tools/bin/../lib/gcc/arm-none-eabi/12.3.1/thumb/v7e-m+fp/hard/crtbegin.o
 *(.bss*)
 .bss.hdfsdm1_channel1
                0x2000002c       0x38 ./Core/Src/main.o
                0x2000002c                hdfsdm1_channel1
 .bss.hi2c2     0x20000064       0x54 ./Core/Src/main.o
                0x20000064                hi2c2
 .bss.hqspi     0x200000b8       0x44 ./Core/Src/main.o
                0x200000b8                hqspi
 .bss.hspi3     0x200000fc       0x64 ./Core/Src/main.o
                0x200000fc                hspi3
 .bss.huart1    0x20000160       0x88 ./Core/Src/main.o
                0x20000160                huart1
 .bss.huart3    0x200001e8       0x88 ./Core/Src/main.o
                0x200001e8                huart3
 .bss.hpcd_USB_OTG_FS
                0x20000270      0x4e4 ./Core/Src/main.o
                0x20000270                hpcd_USB_OTG_FS
 .bss.defaultTaskHandle
                0x20000754        0x4 ./Core/Src/main.o
                0x20000754                defaultTaskHandle
 .bss.Task_QueueHandle
                0x20000758        0x4 ./Core/Src/main.o
                0x20000758                Task_QueueHandle
 .bss.Periodic_BlinkHandle
                0x2000075c        0x4 ./Core/Src/main.o
                0x2000075c                Periodic_BlinkHandle
 .bss.Long_Press_DetectionHandle
                0x20000760        0x4 ./Core/Src/main.o
                0x20000760                Long_Press_DetectionHandle
 .bss.rising_falling
                0x20000764        0x4 ./Core/Src/main.o
 .bss.presstime
                0x20000768        0x4 ./Core/Src/main.o
                0x20000768                presstime
 .bss.releasetime
                0x2000076c        0x4 ./Core/Src/main.o
                0x2000076c                releasetime
 .bss.DFSDM1_Init
                0x20000770        0x4 ./Core/Src/stm32l4xx_hal_msp.o
 .bss.uwTick    0x20000774        0x4 ./Drivers/STM32L4xx_HAL_Driver/stm32l4xx_hal.o
                0x20000774                uwTick
 .bss.v_dfsdm1ChannelCounter
                0x20000778        0x4 ./Drivers/STM32L4xx_HAL_Driver/stm32l4xx_hal_dfsdm.o
 .bss.a_dfsdm1ChannelHandle
                0x2000077c       0x20 ./Drivers/STM32L4xx_HAL_Driver/stm32l4xx_hal_dfsdm.o
 .bss.KernelState
                0x2000079c        0x4 ./Middlewares/FreeRTOS/cmsis_os2.o
 .bss.Idle_TCB.3
                0x200007a0       0x5c ./Middlewares/FreeRTOS/cmsis_os2.o
 .bss.Idle_Stack.2
                0x200007fc      0x200 ./Middlewares/FreeRTOS/cmsis_os2.o
 .bss.Timer_TCB.1
                0x200009fc       0x5c ./Middlewares/FreeRTOS/cmsis_os2.o
 .bss.Timer_Stack.0
                0x20000a58      0x400 ./Middlewares/FreeRTOS/cmsis_os2.o
 .bss.ucHeap    0x20000e58      0xbb8 ./Middlewares/FreeRTOS/heap_4.o
 .bss.xStart    0x20001a10        0x8 ./Middlewares/FreeRTOS/heap_4.o
 .bss.pxEnd     0x20001a18        0x4 ./Middlewares/FreeRTOS/heap_4.o
 .bss.xFreeBytesRemaining
                0x20001a1c        0x4 ./Middlewares/FreeRTOS/heap_4.o
 .bss.xMinimumEverFreeBytesRemaining
                0x20001a20        0x4 ./Middlewares/FreeRTOS/heap_4.o
 .bss.xNumberOfSuccessfulAllocations
                0x20001a24        0x4 ./Middlewares/FreeRTOS/heap_4.o
 .bss.xNumberOfSuccessfulFrees
                0x20001a28        0x4 ./Middlewares/FreeRTOS/heap_4.o
 .bss.xBlockAllocatedBit
                0x20001a2c        0x4 ./Middlewares/FreeRTOS/heap_4.o
 .bss.ucMaxSysCallPriority
                0x20001a30        0x1 ./Middlewares/FreeRTOS/port.o
 *fill*         0x20001a31        0x3 
 .bss.ulMaxPRIGROUPValue
                0x20001a34        0x4 ./Middlewares/FreeRTOS/port.o
 .bss.xQueueRegistry
                0x20001a38       0x40 ./Middlewares/FreeRTOS/queue.o
                0x20001a38                xQueueRegistry
 .bss.pxCurrentTCB
                0x20001a78        0x4 ./Middlewares/FreeRTOS/tasks.o
                0x20001a78                pxCurrentTCB
 .bss.pxReadyTasksLists
                0x20001a7c      0x460 ./Middlewares/FreeRTOS/tasks.o
 .bss.xDelayedTaskList1
                0x20001edc       0x14 ./Middlewares/FreeRTOS/tasks.o
 .bss.xDelayedTaskList2
                0x20001ef0       0x14 ./Middlewares/FreeRTOS/tasks.o
 .bss.pxDelayedTaskList
                0x20001f04        0x4 ./Middlewares/FreeRTOS/tasks.o
 .bss.pxOverflowDelayedTaskList
                0x20001f08        0x4 ./Middlewares/FreeRTOS/tasks.o
 .bss.xPendingReadyList
                0x20001f0c       0x14 ./Middlewares/FreeRTOS/tasks.o
 .bss.xTasksWaitingTermination
                0x20001f20       0x14 ./Middlewares/FreeRTOS/tasks.o
 .bss.uxDeletedTasksWaitingCleanUp
                0x20001f34        0x4 ./Middlewares/FreeRTOS/tasks.o
 .bss.xSuspendedTaskList
                0x20001f38       0x14 ./Middlewares/FreeRTOS/tasks.o
 .bss.uxCurrentNumberOfTasks
                0x20001f4c        0x4 ./Middlewares/FreeRTOS/tasks.o
 .bss.xTickCount
                0x20001f50        0x4 ./Middlewares/FreeRTOS/tasks.o
 .bss.uxTopReadyPriority
                0x20001f54        0x4 ./Middlewares/FreeRTOS/tasks.o
 .bss.xSchedulerRunning
                0x20001f58        0x4 ./Middlewares/FreeRTOS/tasks.o
 .bss.xPendedTicks
                0x20001f5c        0x4 ./Middlewares/FreeRTOS/tasks.o
 .bss.xYieldPending
                0x20001f60        0x4 ./Middlewares/FreeRTOS/tasks.o
 .bss.xNumOfOverflows
                0x20001f64        0x4 ./Middlewares/FreeRTOS/tasks.o
 .bss.uxTaskNumber
                0x20001f68        0x4 ./Middlewares/FreeRTOS/tasks.o
 .bss.xNextTaskUnblockTime
                0x20001f6c        0x4 ./Middlewares/FreeRTOS/tasks.o
 .bss.xIdleTaskHandle
                0x20001f70        0x4 ./Middlewares/FreeRTOS/tasks.o
 .bss.uxSchedulerSuspended
                0x20001f74        0x4 ./Middlewares/FreeRTOS/tasks.o
 .bss.xActiveTimerList1
                0x20001f78       0x14 ./Middlewares/FreeRTOS/timers.o
 .bss.xActiveTimerList2
                0x20001f8c       0x14 ./Middlewares/FreeRTOS/timers.o
 .bss.pxCurrentTimerList
                0x20001fa0        0x4 ./Middlewares/FreeRTOS/timers.o
 .bss.pxOverflowTimerList
                0x20001fa4        0x4 ./Middlewares/FreeRTOS/timers.o
 .bss.xTimerQueue
                0x20001fa8        0x4 ./Middlewares/FreeRTOS/timers.o
 .bss.xTimerTaskHandle
                0x20001fac        0x4 ./Middlewares/FreeRTOS/timers.o
 .bss.xLastTime.2
                0x20001fb0        0x4 ./Middlewares/FreeRTOS/timers.o
 .bss.ucStaticTimerQueueStorage.1
                0x20001fb4       0xa0 ./Middlewares/FreeRTOS/timers.o
 .bss.xStaticTimerQueue.0
                0x20002054       0x50 ./Middlewares/FreeRTOS/timers.o
 *(COMMON)
                0x200020a4                        . = ALIGN (0x4)
                0x200020a4                        _ebss = .
                0x200020a4                        __bss_end__ = _ebss

._user_heap_stack
                0x200020a4      0x604 load address 0x08007f90
                0x200020a8                        . = ALIGN (0x8)
 *fill*         0x200020a4        0x4 
                [!provide]                        PROVIDE (end = .)
                0x200020a8                        PROVIDE (_end = .)
                0x200022a8                        . = (. + _Min_Heap_Size)
 *fill*         0x200020a8      0x200 
                0x200026a8                        . = (. + _Min_Stack_Size)
 *fill*         0x200022a8      0x400 
                0x200026a8                        . = ALIGN (0x8)

/DISCARD/
 libc.a(*)
 libm.a(*)
 libgcc.a(*)

.ARM.attributes
                0x00000000       0x30
 *(.ARM.attributes)
 .ARM.attributes
                0x00000000       0x22 C:/ST/STM32CubeIDE_1.17.0/STM32CubeIDE/plugins/com.st.stm32cube.ide.mcu.externaltools.gnu-tools-for-stm32.12.3.rel1.win32_1.1.0.202410251130/tools/bin/../lib/gcc/arm-none-eabi/12.3.1/thumb/v7e-m+fp/hard/crti.o
 .ARM.attributes
                0x00000022       0x34 C:/ST/STM32CubeIDE_1.17.0/STM32CubeIDE/plugins/com.st.stm32cube.ide.mcu.externaltools.gnu-tools-for-stm32.12.3.rel1.win32_1.1.0.202410251130/tools/bin/../lib/gcc/arm-none-eabi/12.3.1/thumb/v7e-m+fp/hard/crtbegin.o
 .ARM.attributes
                0x00000056       0x34 ./Core/Src/main.o
 .ARM.attributes
                0x0000008a       0x34 ./Core/Src/stm32l4xx_hal_msp.o
 .ARM.attributes
                0x000000be       0x34 ./Core/Src/stm32l4xx_it.o
 .ARM.attributes
                0x000000f2       0x34 ./Core/Src/system_stm32l4xx.o
 .ARM.attributes
                0x00000126       0x21 ./Core/Startup/startup_stm32l475vgtx.o
 .ARM.attributes
                0x00000147       0x34 ./Drivers/STM32L4xx_HAL_Driver/stm32l4xx_hal.o
 .ARM.attributes
                0x0000017b       0x34 ./Drivers/STM32L4xx_HAL_Driver/stm32l4xx_hal_cortex.o
 .ARM.attributes
                0x000001af       0x34 ./Drivers/STM32L4xx_HAL_Driver/stm32l4xx_hal_dfsdm.o
 .ARM.attributes
                0x000001e3       0x34 ./Drivers/STM32L4xx_HAL_Driver/stm32l4xx_hal_gpio.o
 .ARM.attributes
                0x00000217       0x34 ./Drivers/STM32L4xx_HAL_Driver/stm32l4xx_hal_i2c.o
 .ARM.attributes
                0x0000024b       0x34 ./Drivers/STM32L4xx_HAL_Driver/stm32l4xx_hal_i2c_ex.o
 .ARM.attributes
                0x0000027f       0x34 ./Drivers/STM32L4xx_HAL_Driver/stm32l4xx_hal_pcd.o
 .ARM.attributes
                0x000002b3       0x34 ./Drivers/STM32L4xx_HAL_Driver/stm32l4xx_hal_pcd_ex.o
 .ARM.attributes
                0x000002e7       0x34 ./Drivers/STM32L4xx_HAL_Driver/stm32l4xx_hal_pwr.o
 .ARM.attributes
                0x0000031b       0x34 ./Drivers/STM32L4xx_HAL_Driver/stm32l4xx_hal_pwr_ex.o
 .ARM.attributes
                0x0000034f       0x34 ./Drivers/STM32L4xx_HAL_Driver/stm32l4xx_hal_qspi.o
 .ARM.attributes
                0x00000383       0x34 ./Drivers/STM32L4xx_HAL_Driver/stm32l4xx_hal_rcc.o
 .ARM.attributes
                0x000003b7       0x34 ./Drivers/STM32L4xx_HAL_Driver/stm32l4xx_hal_rcc_ex.o
 .ARM.attributes
                0x000003eb       0x34 ./Drivers/STM32L4xx_HAL_Driver/stm32l4xx_hal_spi.o
 .ARM.attributes
                0x0000041f       0x34 ./Drivers/STM32L4xx_HAL_Driver/stm32l4xx_hal_uart.o
 .ARM.attributes
                0x00000453       0x34 ./Drivers/STM32L4xx_HAL_Driver/stm32l4xx_ll_usb.o
 .ARM.attributes
                0x00000487       0x34 ./Middlewares/FreeRTOS/cmsis_os2.o
 .ARM.attributes
                0x000004bb       0x34 ./Middlewares/FreeRTOS/heap_4.o
 .ARM.attributes
                0x000004ef       0x34 ./Middlewares/FreeRTOS/list.o
 .ARM.attributes
                0x00000523       0x34 ./Middlewares/FreeRTOS/port.o
 .ARM.attributes
                0x00000557       0x34 ./Middlewares/FreeRTOS/queue.o
 .ARM.attributes
                0x0000058b       0x34 ./Middlewares/FreeRTOS/tasks.o
 .ARM.attributes
                0x000005bf       0x34 ./Middlewares/FreeRTOS/timers.o
 .ARM.attributes
                0x000005f3       0x34 C:/ST/STM32CubeIDE_1.17.0/STM32CubeIDE/plugins/com.st.stm32cube.ide.mcu.externaltools.gnu-tools-for-stm32.12.3.rel1.win32_1.1.0.202410251130/tools/bin/../lib/gcc/arm-none-eabi/12.3.1/../../../../arm-none-eabi/lib/thumb/v7e-m+fp/hard\libc_nano.a(libc_a-memset.o)
 .ARM.attributes
                0x00000627       0x34 C:/ST/STM32CubeIDE_1.17.0/STM32CubeIDE/plugins/com.st.stm32cube.ide.mcu.externaltools.gnu-tools-for-stm32.12.3.rel1.win32_1.1.0.202410251130/tools/bin/../lib/gcc/arm-none-eabi/12.3.1/../../../../arm-none-eabi/lib/thumb/v7e-m+fp/hard\libc_nano.a(libc_a-init.o)
 .ARM.attributes
                0x0000065b       0x34 C:/ST/STM32CubeIDE_1.17.0/STM32CubeIDE/plugins/com.st.stm32cube.ide.mcu.externaltools.gnu-tools-for-stm32.12.3.rel1.win32_1.1.0.202410251130/tools/bin/../lib/gcc/arm-none-eabi/12.3.1/../../../../arm-none-eabi/lib/thumb/v7e-m+fp/hard\libc_nano.a(libc_a-memcpy-stub.o)
 .ARM.attributes
                0x0000068f       0x22 C:/ST/STM32CubeIDE_1.17.0/STM32CubeIDE/plugins/com.st.stm32cube.ide.mcu.externaltools.gnu-tools-for-stm32.12.3.rel1.win32_1.1.0.202410251130/tools/bin/../lib/gcc/arm-none-eabi/12.3.1/thumb/v7e-m+fp/hard\libgcc.a(_aeabi_uldivmod.o)
 .ARM.attributes
                0x000006b1       0x34 C:/ST/STM32CubeIDE_1.17.0/STM32CubeIDE/plugins/com.st.stm32cube.ide.mcu.externaltools.gnu-tools-for-stm32.12.3.rel1.win32_1.1.0.202410251130/tools/bin/../lib/gcc/arm-none-eabi/12.3.1/thumb/v7e-m+fp/hard\libgcc.a(_udivmoddi4.o)
 .ARM.attributes
                0x000006e5       0x22 C:/ST/STM32CubeIDE_1.17.0/STM32CubeIDE/plugins/com.st.stm32cube.ide.mcu.externaltools.gnu-tools-for-stm32.12.3.rel1.win32_1.1.0.202410251130/tools/bin/../lib/gcc/arm-none-eabi/12.3.1/thumb/v7e-m+fp/hard\libgcc.a(_dvmd_tls.o)
 .ARM.attributes
                0x00000707       0x22 C:/ST/STM32CubeIDE_1.17.0/STM32CubeIDE/plugins/com.st.stm32cube.ide.mcu.externaltools.gnu-tools-for-stm32.12.3.rel1.win32_1.1.0.202410251130/tools/bin/../lib/gcc/arm-none-eabi/12.3.1/thumb/v7e-m+fp/hard/crtn.o
OUTPUT(ESLAB_P1_merge.elf elf32-littlearm)
LOAD linker stubs
LOAD C:/ST/STM32CubeIDE_1.17.0/STM32CubeIDE/plugins/com.st.stm32cube.ide.mcu.externaltools.gnu-tools-for-stm32.12.3.rel1.win32_1.1.0.202410251130/tools/bin/../lib/gcc/arm-none-eabi/12.3.1/../../../../arm-none-eabi/lib/thumb/v7e-m+fp/hard\libc.a
LOAD C:/ST/STM32CubeIDE_1.17.0/STM32CubeIDE/plugins/com.st.stm32cube.ide.mcu.externaltools.gnu-tools-for-stm32.12.3.rel1.win32_1.1.0.202410251130/tools/bin/../lib/gcc/arm-none-eabi/12.3.1/../../../../arm-none-eabi/lib/thumb/v7e-m+fp/hard\libm.a
LOAD C:/ST/STM32CubeIDE_1.17.0/STM32CubeIDE/plugins/com.st.stm32cube.ide.mcu.externaltools.gnu-tools-for-stm32.12.3.rel1.win32_1.1.0.202410251130/tools/bin/../lib/gcc/arm-none-eabi/12.3.1/thumb/v7e-m+fp/hard\libgcc.a

.debug_info     0x00000000    0x21300
 .debug_info    0x00000000     0x2729 ./Core/Src/main.o
 .debug_info    0x00002729     0x21ce ./Core/Src/stm32l4xx_hal_msp.o
 .debug_info    0x000048f7      0x164 ./Core/Src/stm32l4xx_it.o
 .debug_info    0x00004a5b      0x5b1 ./Core/Src/system_stm32l4xx.o
 .debug_info    0x0000500c       0x30 ./Core/Startup/startup_stm32l475vgtx.o
 .debug_info    0x0000503c      0xae5 ./Drivers/STM32L4xx_HAL_Driver/stm32l4xx_hal.o
 .debug_info    0x00005b21      0xd7b ./Drivers/STM32L4xx_HAL_Driver/stm32l4xx_hal_cortex.o
 .debug_info    0x0000689c     0x1a51 ./Drivers/STM32L4xx_HAL_Driver/stm32l4xx_hal_dfsdm.o
 .debug_info    0x000082ed      0x757 ./Drivers/STM32L4xx_HAL_Driver/stm32l4xx_hal_gpio.o
 .debug_info    0x00008a44     0x20d2 ./Drivers/STM32L4xx_HAL_Driver/stm32l4xx_hal_i2c.o
 .debug_info    0x0000ab16      0x975 ./Drivers/STM32L4xx_HAL_Driver/stm32l4xx_hal_i2c_ex.o
 .debug_info    0x0000b48b     0x14d6 ./Drivers/STM32L4xx_HAL_Driver/stm32l4xx_hal_pcd.o
 .debug_info    0x0000c961      0x8a0 ./Drivers/STM32L4xx_HAL_Driver/stm32l4xx_hal_pcd_ex.o
 .debug_info    0x0000d201      0x91e ./Drivers/STM32L4xx_HAL_Driver/stm32l4xx_hal_pwr.o
 .debug_info    0x0000db1f      0x97a ./Drivers/STM32L4xx_HAL_Driver/stm32l4xx_hal_pwr_ex.o
 .debug_info    0x0000e499     0x115d ./Drivers/STM32L4xx_HAL_Driver/stm32l4xx_hal_qspi.o
 .debug_info    0x0000f5f6      0xc14 ./Drivers/STM32L4xx_HAL_Driver/stm32l4xx_hal_rcc.o
 .debug_info    0x0001020a      0xe11 ./Drivers/STM32L4xx_HAL_Driver/stm32l4xx_hal_rcc_ex.o
 .debug_info    0x0001101b     0x1549 ./Drivers/STM32L4xx_HAL_Driver/stm32l4xx_hal_spi.o
 .debug_info    0x00012564     0x3b69 ./Drivers/STM32L4xx_HAL_Driver/stm32l4xx_hal_uart.o
 .debug_info    0x000160cd     0x1994 ./Drivers/STM32L4xx_HAL_Driver/stm32l4xx_ll_usb.o
 .debug_info    0x00017a61     0x3a50 ./Middlewares/FreeRTOS/cmsis_os2.o
 .debug_info    0x0001b4b1      0x4d5 ./Middlewares/FreeRTOS/heap_4.o
 .debug_info    0x0001b986      0x2af ./Middlewares/FreeRTOS/list.o
 .debug_info    0x0001bc35      0x4de ./Middlewares/FreeRTOS/port.o
 .debug_info    0x0001c113     0x1b79 ./Middlewares/FreeRTOS/queue.o
 .debug_info    0x0001dc8c     0x21ec ./Middlewares/FreeRTOS/tasks.o
 .debug_info    0x0001fe78     0x1488 ./Middlewares/FreeRTOS/timers.o

.debug_abbrev   0x00000000     0x4319
 .debug_abbrev  0x00000000      0x329 ./Core/Src/main.o
 .debug_abbrev  0x00000329      0x27c ./Core/Src/stm32l4xx_hal_msp.o
 .debug_abbrev  0x000005a5       0xc8 ./Core/Src/stm32l4xx_it.o
 .debug_abbrev  0x0000066d      0x11a ./Core/Src/system_stm32l4xx.o
 .debug_abbrev  0x00000787       0x24 ./Core/Startup/startup_stm32l475vgtx.o
 .debug_abbrev  0x000007ab      0x242 ./Drivers/STM32L4xx_HAL_Driver/stm32l4xx_hal.o
 .debug_abbrev  0x000009ed      0x31c ./Drivers/STM32L4xx_HAL_Driver/stm32l4xx_hal_cortex.o
 .debug_abbrev  0x00000d09      0x27e ./Drivers/STM32L4xx_HAL_Driver/stm32l4xx_hal_dfsdm.o
 .debug_abbrev  0x00000f87      0x1cb ./Drivers/STM32L4xx_HAL_Driver/stm32l4xx_hal_gpio.o
 .debug_abbrev  0x00001152      0x261 ./Drivers/STM32L4xx_HAL_Driver/stm32l4xx_hal_i2c.o
 .debug_abbrev  0x000013b3      0x1c3 ./Drivers/STM32L4xx_HAL_Driver/stm32l4xx_hal_i2c_ex.o
 .debug_abbrev  0x00001576      0x2da ./Drivers/STM32L4xx_HAL_Driver/stm32l4xx_hal_pcd.o
 .debug_abbrev  0x00001850      0x256 ./Drivers/STM32L4xx_HAL_Driver/stm32l4xx_hal_pcd_ex.o
 .debug_abbrev  0x00001aa6      0x1d4 ./Drivers/STM32L4xx_HAL_Driver/stm32l4xx_hal_pwr.o
 .debug_abbrev  0x00001c7a      0x1f9 ./Drivers/STM32L4xx_HAL_Driver/stm32l4xx_hal_pwr_ex.o
 .debug_abbrev  0x00001e73      0x250 ./Drivers/STM32L4xx_HAL_Driver/stm32l4xx_hal_qspi.o
 .debug_abbrev  0x000020c3      0x2cb ./Drivers/STM32L4xx_HAL_Driver/stm32l4xx_hal_rcc.o
 .debug_abbrev  0x0000238e      0x2a6 ./Drivers/STM32L4xx_HAL_Driver/stm32l4xx_hal_rcc_ex.o
 .debug_abbrev  0x00002634      0x260 ./Drivers/STM32L4xx_HAL_Driver/stm32l4xx_hal_spi.o
 .debug_abbrev  0x00002894      0x2d0 ./Drivers/STM32L4xx_HAL_Driver/stm32l4xx_hal_uart.o
 .debug_abbrev  0x00002b64      0x2b1 ./Drivers/STM32L4xx_HAL_Driver/stm32l4xx_ll_usb.o
 .debug_abbrev  0x00002e15      0x508 ./Middlewares/FreeRTOS/cmsis_os2.o
 .debug_abbrev  0x0000331d      0x21d ./Middlewares/FreeRTOS/heap_4.o
 .debug_abbrev  0x0000353a       0xf5 ./Middlewares/FreeRTOS/list.o
 .debug_abbrev  0x0000362f      0x25c ./Middlewares/FreeRTOS/port.o
 .debug_abbrev  0x0000388b      0x3b6 ./Middlewares/FreeRTOS/queue.o
 .debug_abbrev  0x00003c41      0x386 ./Middlewares/FreeRTOS/tasks.o
 .debug_abbrev  0x00003fc7      0x352 ./Middlewares/FreeRTOS/timers.o

.debug_aranges  0x00000000     0x1d80
 .debug_aranges
                0x00000000       0x90 ./Core/Src/main.o
 .debug_aranges
                0x00000090       0x80 ./Core/Src/stm32l4xx_hal_msp.o
 .debug_aranges
                0x00000110       0x60 ./Core/Src/stm32l4xx_it.o
 .debug_aranges
                0x00000170       0x28 ./Core/Src/system_stm32l4xx.o
 .debug_aranges
                0x00000198       0x28 ./Core/Startup/startup_stm32l475vgtx.o
 .debug_aranges
                0x000001c0      0x130 ./Drivers/STM32L4xx_HAL_Driver/stm32l4xx_hal.o
 .debug_aranges
                0x000002f0      0x128 ./Drivers/STM32L4xx_HAL_Driver/stm32l4xx_hal_cortex.o
 .debug_aranges
                0x00000418      0x248 ./Drivers/STM32L4xx_HAL_Driver/stm32l4xx_hal_dfsdm.o
 .debug_aranges
                0x00000660       0x58 ./Drivers/STM32L4xx_HAL_Driver/stm32l4xx_hal_gpio.o
 .debug_aranges
                0x000006b8      0x2a0 ./Drivers/STM32L4xx_HAL_Driver/stm32l4xx_hal_i2c.o
 .debug_aranges
                0x00000958       0x48 ./Drivers/STM32L4xx_HAL_Driver/stm32l4xx_hal_i2c_ex.o
 .debug_aranges
                0x000009a0      0x138 ./Drivers/STM32L4xx_HAL_Driver/stm32l4xx_hal_pcd.o
 .debug_aranges
                0x00000ad8       0x60 ./Drivers/STM32L4xx_HAL_Driver/stm32l4xx_hal_pcd_ex.o
 .debug_aranges
                0x00000b38       0x98 ./Drivers/STM32L4xx_HAL_Driver/stm32l4xx_hal_pwr.o
 .debug_aranges
                0x00000bd0      0x150 ./Drivers/STM32L4xx_HAL_Driver/stm32l4xx_hal_pwr_ex.o
 .debug_aranges
                0x00000d20      0x160 ./Drivers/STM32L4xx_HAL_Driver/stm32l4xx_hal_qspi.o
 .debug_aranges
                0x00000e80       0x90 ./Drivers/STM32L4xx_HAL_Driver/stm32l4xx_hal_rcc.o
 .debug_aranges
                0x00000f10       0xc0 ./Drivers/STM32L4xx_HAL_Driver/stm32l4xx_hal_rcc_ex.o
 .debug_aranges
                0x00000fd0      0x1d8 ./Drivers/STM32L4xx_HAL_Driver/stm32l4xx_hal_spi.o
 .debug_aranges
                0x000011a8      0x228 ./Drivers/STM32L4xx_HAL_Driver/stm32l4xx_hal_uart.o
 .debug_aranges
                0x000013d0      0x1a0 ./Drivers/STM32L4xx_HAL_Driver/stm32l4xx_ll_usb.o
 .debug_aranges
                0x00001570      0x2a8 ./Middlewares/FreeRTOS/cmsis_os2.o
 .debug_aranges
                0x00001818       0x58 ./Middlewares/FreeRTOS/heap_4.o
 .debug_aranges
                0x00001870       0x40 ./Middlewares/FreeRTOS/list.o
 .debug_aranges
                0x000018b0       0x80 ./Middlewares/FreeRTOS/port.o
 .debug_aranges
                0x00001930      0x158 ./Middlewares/FreeRTOS/queue.o
 .debug_aranges
                0x00001a88      0x208 ./Middlewares/FreeRTOS/tasks.o
 .debug_aranges
                0x00001c90       0xf0 ./Middlewares/FreeRTOS/timers.o

.debug_rnglists
                0x00000000     0x16e1
 .debug_rnglists
                0x00000000       0x6c ./Core/Src/main.o
 .debug_rnglists
                0x0000006c       0x61 ./Core/Src/stm32l4xx_hal_msp.o
 .debug_rnglists
                0x000000cd       0x43 ./Core/Src/stm32l4xx_it.o
 .debug_rnglists
                0x00000110       0x1a ./Core/Src/system_stm32l4xx.o
 .debug_rnglists
                0x0000012a       0x19 ./Core/Startup/startup_stm32l475vgtx.o
 .debug_rnglists
                0x00000143       0xdf ./Drivers/STM32L4xx_HAL_Driver/stm32l4xx_hal.o
 .debug_rnglists
                0x00000222       0xda ./Drivers/STM32L4xx_HAL_Driver/stm32l4xx_hal_cortex.o
 .debug_rnglists
                0x000002fc      0x1c7 ./Drivers/STM32L4xx_HAL_Driver/stm32l4xx_hal_dfsdm.o
 .debug_rnglists
                0x000004c3       0x3f ./Drivers/STM32L4xx_HAL_Driver/stm32l4xx_hal_gpio.o
 .debug_rnglists
                0x00000502      0x228 ./Drivers/STM32L4xx_HAL_Driver/stm32l4xx_hal_i2c.o
 .debug_rnglists
                0x0000072a       0x35 ./Drivers/STM32L4xx_HAL_Driver/stm32l4xx_hal_i2c_ex.o
 .debug_rnglists
                0x0000075f       0xed ./Drivers/STM32L4xx_HAL_Driver/stm32l4xx_hal_pcd.o
 .debug_rnglists
                0x0000084c       0x45 ./Drivers/STM32L4xx_HAL_Driver/stm32l4xx_hal_pcd_ex.o
 .debug_rnglists
                0x00000891       0x6e ./Drivers/STM32L4xx_HAL_Driver/stm32l4xx_hal_pwr.o
 .debug_rnglists
                0x000008ff       0xfd ./Drivers/STM32L4xx_HAL_Driver/stm32l4xx_hal_pwr_ex.o
 .debug_rnglists
                0x000009fc      0x113 ./Drivers/STM32L4xx_HAL_Driver/stm32l4xx_hal_qspi.o
 .debug_rnglists
                0x00000b0f       0x6d ./Drivers/STM32L4xx_HAL_Driver/stm32l4xx_hal_rcc.o
 .debug_rnglists
                0x00000b7c       0x95 ./Drivers/STM32L4xx_HAL_Driver/stm32l4xx_hal_rcc_ex.o
 .debug_rnglists
                0x00000c11      0x178 ./Drivers/STM32L4xx_HAL_Driver/stm32l4xx_hal_spi.o
 .debug_rnglists
                0x00000d89      0x1db ./Drivers/STM32L4xx_HAL_Driver/stm32l4xx_hal_uart.o
 .debug_rnglists
                0x00000f64      0x146 ./Drivers/STM32L4xx_HAL_Driver/stm32l4xx_ll_usb.o
 .debug_rnglists
                0x000010aa      0x20c ./Middlewares/FreeRTOS/cmsis_os2.o
 .debug_rnglists
                0x000012b6       0x42 ./Middlewares/FreeRTOS/heap_4.o
 .debug_rnglists
                0x000012f8       0x2b ./Middlewares/FreeRTOS/list.o
 .debug_rnglists
                0x00001323       0x5d ./Middlewares/FreeRTOS/port.o
 .debug_rnglists
                0x00001380      0x109 ./Middlewares/FreeRTOS/queue.o
 .debug_rnglists
                0x00001489      0x1a0 ./Middlewares/FreeRTOS/tasks.o
 .debug_rnglists
                0x00001629       0xb8 ./Middlewares/FreeRTOS/timers.o

.debug_macro    0x00000000     0x4401
 .debug_macro   0x00000000      0x2b1 ./Core/Src/main.o
 .debug_macro   0x000002b1      0x169 ./Core/Src/main.o
 .debug_macro   0x0000041a       0x66 ./Core/Src/main.o
 .debug_macro   0x00000480       0x74 ./Core/Src/main.o
 .debug_macro   0x000004f4       0xdd ./Core/Src/main.o
 .debug_macro   0x000005d1      0x221 ./Core/Src/stm32l4xx_hal_msp.o
 .debug_macro   0x000007f2      0x293 ./Core/Src/stm32l4xx_it.o
 .debug_macro   0x00000a85      0x212 ./Core/Src/system_stm32l4xx.o
 .debug_macro   0x00000c97      0x260 ./Drivers/STM32L4xx_HAL_Driver/stm32l4xx_hal.o
 .debug_macro   0x00000ef7      0x212 ./Drivers/STM32L4xx_HAL_Driver/stm32l4xx_hal_cortex.o
 .debug_macro   0x00001109      0x236 ./Drivers/STM32L4xx_HAL_Driver/stm32l4xx_hal_dfsdm.o
 .debug_macro   0x0000133f      0x219 ./Drivers/STM32L4xx_HAL_Driver/stm32l4xx_hal_gpio.o
 .debug_macro   0x00001558      0x2de ./Drivers/STM32L4xx_HAL_Driver/stm32l4xx_hal_i2c.o
 .debug_macro   0x00001836      0x212 ./Drivers/STM32L4xx_HAL_Driver/stm32l4xx_hal_i2c_ex.o
 .debug_macro   0x00001a48      0x21e ./Drivers/STM32L4xx_HAL_Driver/stm32l4xx_hal_pcd.o
 .debug_macro   0x00001c66      0x212 ./Drivers/STM32L4xx_HAL_Driver/stm32l4xx_hal_pcd_ex.o
 .debug_macro   0x00001e78      0x22a ./Drivers/STM32L4xx_HAL_Driver/stm32l4xx_hal_pwr.o
 .debug_macro   0x000020a2      0x236 ./Drivers/STM32L4xx_HAL_Driver/stm32l4xx_hal_pwr_ex.o
 .debug_macro   0x000022d8      0x236 ./Drivers/STM32L4xx_HAL_Driver/stm32l4xx_hal_qspi.o
 .debug_macro   0x0000250e      0x254 ./Drivers/STM32L4xx_HAL_Driver/stm32l4xx_hal_rcc.o
 .debug_macro   0x00002762      0x248 ./Drivers/STM32L4xx_HAL_Driver/stm32l4xx_hal_rcc_ex.o
 .debug_macro   0x000029aa      0x21a ./Drivers/STM32L4xx_HAL_Driver/stm32l4xx_hal_spi.o
 .debug_macro   0x00002bc4      0x23d ./Drivers/STM32L4xx_HAL_Driver/stm32l4xx_hal_uart.o
 .debug_macro   0x00002e01      0x212 ./Drivers/STM32L4xx_HAL_Driver/stm32l4xx_ll_usb.o
 .debug_macro   0x00003013      0x409 ./Middlewares/FreeRTOS/cmsis_os2.o
 .debug_macro   0x0000341c       0x10 ./Middlewares/FreeRTOS/cmsis_os2.o
 .debug_macro   0x0000342c       0x20 ./Middlewares/FreeRTOS/cmsis_os2.o
 .debug_macro   0x0000344c       0x10 ./Middlewares/FreeRTOS/cmsis_os2.o
 .debug_macro   0x0000345c       0xf5 ./Middlewares/FreeRTOS/cmsis_os2.o
 .debug_macro   0x00003551       0x91 ./Middlewares/FreeRTOS/cmsis_os2.o
 .debug_macro   0x000035e2       0x8d ./Middlewares/FreeRTOS/cmsis_os2.o
 .debug_macro   0x0000366f       0x9a ./Middlewares/FreeRTOS/cmsis_os2.o
 .debug_macro   0x00003709       0x22 ./Middlewares/FreeRTOS/cmsis_os2.o
 .debug_macro   0x0000372b       0x56 ./Middlewares/FreeRTOS/cmsis_os2.o
 .debug_macro   0x00003781      0x1ae ./Middlewares/FreeRTOS/heap_4.o
 .debug_macro   0x0000392f      0x187 ./Middlewares/FreeRTOS/list.o
 .debug_macro   0x00003ab6      0x196 ./Middlewares/FreeRTOS/port.o
 .debug_macro   0x00003c4c      0x216 ./Middlewares/FreeRTOS/queue.o
 .debug_macro   0x00003e62       0x16 ./Middlewares/FreeRTOS/queue.o
 .debug_macro   0x00003e78       0x87 ./Middlewares/FreeRTOS/queue.o
 .debug_macro   0x00003eff      0x27f ./Middlewares/FreeRTOS/tasks.o
 .debug_macro   0x0000417e       0x10 ./Middlewares/FreeRTOS/tasks.o
 .debug_macro   0x0000418e      0x1dc ./Middlewares/FreeRTOS/timers.o
 .debug_macro   0x0000436a       0x97 ./Middlewares/FreeRTOS/timers.o

.debug_line     0x00000000    0x233a0
 .debug_line    0x00000000      0xf8c ./Core/Src/main.o
 .debug_line    0x00000f8c      0xb76 ./Core/Src/stm32l4xx_hal_msp.o
 .debug_line    0x00001b02      0xb26 ./Core/Src/stm32l4xx_it.o
 .debug_line    0x00002628      0x96f ./Core/Src/system_stm32l4xx.o
 .debug_line    0x00002f97       0x7a ./Core/Startup/startup_stm32l475vgtx.o
 .debug_line    0x00003011      0xd03 ./Drivers/STM32L4xx_HAL_Driver/stm32l4xx_hal.o
 .debug_line    0x00003d14      0xecc ./Drivers/STM32L4xx_HAL_Driver/stm32l4xx_hal_cortex.o
 .debug_line    0x00004be0     0x2098 ./Drivers/STM32L4xx_HAL_Driver/stm32l4xx_hal_dfsdm.o
 .debug_line    0x00006c78      0xd8f ./Drivers/STM32L4xx_HAL_Driver/stm32l4xx_hal_gpio.o
 .debug_line    0x00007a07     0x3c36 ./Drivers/STM32L4xx_HAL_Driver/stm32l4xx_hal_i2c.o
 .debug_line    0x0000b63d      0xb2b ./Drivers/STM32L4xx_HAL_Driver/stm32l4xx_hal_i2c_ex.o
 .debug_line    0x0000c168     0x1556 ./Drivers/STM32L4xx_HAL_Driver/stm32l4xx_hal_pcd.o
 .debug_line    0x0000d6be      0xb1b ./Drivers/STM32L4xx_HAL_Driver/stm32l4xx_hal_pcd_ex.o
 .debug_line    0x0000e1d9      0xada ./Drivers/STM32L4xx_HAL_Driver/stm32l4xx_hal_pwr.o
 .debug_line    0x0000ecb3      0xec5 ./Drivers/STM32L4xx_HAL_Driver/stm32l4xx_hal_pwr_ex.o
 .debug_line    0x0000fb78     0x1643 ./Drivers/STM32L4xx_HAL_Driver/stm32l4xx_hal_qspi.o
 .debug_line    0x000111bb     0x117c ./Drivers/STM32L4xx_HAL_Driver/stm32l4xx_hal_rcc.o
 .debug_line    0x00012337     0x16ee ./Drivers/STM32L4xx_HAL_Driver/stm32l4xx_hal_rcc_ex.o
 .debug_line    0x00013a25     0x21d9 ./Drivers/STM32L4xx_HAL_Driver/stm32l4xx_hal_spi.o
 .debug_line    0x00015bfe     0x3415 ./Drivers/STM32L4xx_HAL_Driver/stm32l4xx_hal_uart.o
 .debug_line    0x00019013     0x1d12 ./Drivers/STM32L4xx_HAL_Driver/stm32l4xx_ll_usb.o
 .debug_line    0x0001ad25     0x25ac ./Middlewares/FreeRTOS/cmsis_os2.o
 .debug_line    0x0001d2d1      0xa62 ./Middlewares/FreeRTOS/heap_4.o
 .debug_line    0x0001dd33      0x837 ./Middlewares/FreeRTOS/list.o
 .debug_line    0x0001e56a      0x8a3 ./Middlewares/FreeRTOS/port.o
 .debug_line    0x0001ee0d     0x1801 ./Middlewares/FreeRTOS/queue.o
 .debug_line    0x0002060e     0x1ed3 ./Middlewares/FreeRTOS/tasks.o
 .debug_line    0x000224e1      0xebf ./Middlewares/FreeRTOS/timers.o

.debug_str      0x00000000    0xfdb78
 .debug_str     0x00000000    0xeef93 ./Core/Src/main.o
                              0xef51d (size before relaxing)
 .debug_str     0x000eef93      0x3b6 ./Core/Src/stm32l4xx_hal_msp.o
                              0xea502 (size before relaxing)
 .debug_str     0x000ef349      0x11a ./Core/Src/stm32l4xx_it.o
                              0xec8df (size before relaxing)
 .debug_str     0x000ef463       0xf2 ./Core/Src/system_stm32l4xx.o
                              0xe78c2 (size before relaxing)
 .debug_str     0x000ef555       0x44 ./Core/Startup/startup_stm32l475vgtx.o
                                 0x70 (size before relaxing)
 .debug_str     0x000ef599      0x661 ./Drivers/STM32L4xx_HAL_Driver/stm32l4xx_hal.o
                              0xe8485 (size before relaxing)
 .debug_str     0x000efbfa      0x38f ./Drivers/STM32L4xx_HAL_Driver/stm32l4xx_hal_cortex.o
                              0xe816b (size before relaxing)
 .debug_str     0x000eff89      0xc6a ./Drivers/STM32L4xx_HAL_Driver/stm32l4xx_hal_dfsdm.o
                              0xe8807 (size before relaxing)
 .debug_str     0x000f0bf3      0x110 ./Drivers/STM32L4xx_HAL_Driver/stm32l4xx_hal_gpio.o
                              0xe7a74 (size before relaxing)
 .debug_str     0x000f0d03      0xe17 ./Drivers/STM32L4xx_HAL_Driver/stm32l4xx_hal_i2c.o
                              0xe8afc (size before relaxing)
 .debug_str     0x000f1b1a       0xf1 ./Drivers/STM32L4xx_HAL_Driver/stm32l4xx_hal_i2c_ex.o
                              0xe7e08 (size before relaxing)
 .debug_str     0x000f1c0b      0x822 ./Drivers/STM32L4xx_HAL_Driver/stm32l4xx_hal_pcd.o
                              0xe837c (size before relaxing)
 .debug_str     0x000f242d      0x1ad ./Drivers/STM32L4xx_HAL_Driver/stm32l4xx_hal_pcd_ex.o
                              0xe7d4a (size before relaxing)
 .debug_str     0x000f25da      0x384 ./Drivers/STM32L4xx_HAL_Driver/stm32l4xx_hal_pwr.o
                              0xe7c66 (size before relaxing)
 .debug_str     0x000f295e      0x3e4 ./Drivers/STM32L4xx_HAL_Driver/stm32l4xx_hal_pwr_ex.o
                              0xe7e1b (size before relaxing)
 .debug_str     0x000f2d42      0x6d5 ./Drivers/STM32L4xx_HAL_Driver/stm32l4xx_hal_qspi.o
                              0xe8236 (size before relaxing)
 .debug_str     0x000f3417      0x3c6 ./Drivers/STM32L4xx_HAL_Driver/stm32l4xx_hal_rcc.o
                              0xe7f41 (size before relaxing)
 .debug_str     0x000f37dd      0x3aa ./Drivers/STM32L4xx_HAL_Driver/stm32l4xx_hal_rcc_ex.o
                              0xe80ba (size before relaxing)
 .debug_str     0x000f3b87      0x562 ./Drivers/STM32L4xx_HAL_Driver/stm32l4xx_hal_spi.o
                              0xe8116 (size before relaxing)
 .debug_str     0x000f40e9      0x8df ./Drivers/STM32L4xx_HAL_Driver/stm32l4xx_hal_uart.o
                              0xe8653 (size before relaxing)
 .debug_str     0x000f49c8      0x4a8 ./Drivers/STM32L4xx_HAL_Driver/stm32l4xx_ll_usb.o
                              0xe8254 (size before relaxing)
 .debug_str     0x000f4e70     0x6058 ./Middlewares/FreeRTOS/cmsis_os2.o
                              0xf2488 (size before relaxing)
 .debug_str     0x000faec8      0x4ae ./Middlewares/FreeRTOS/heap_4.o
                               0xb451 (size before relaxing)
 .debug_str     0x000fb376      0x15b ./Middlewares/FreeRTOS/list.o
                               0xab0f (size before relaxing)
 .debug_str     0x000fb4d1      0x857 ./Middlewares/FreeRTOS/port.o
                               0x8758 (size before relaxing)
 .debug_str     0x000fbd28      0x851 ./Middlewares/FreeRTOS/queue.o
                               0xc64f (size before relaxing)
 .debug_str     0x000fc579     0x1020 ./Middlewares/FreeRTOS/tasks.o
                               0xd10c (size before relaxing)
 .debug_str     0x000fd599      0x5df ./Middlewares/FreeRTOS/timers.o
                               0xcb81 (size before relaxing)

.comment        0x00000000       0x43
 .comment       0x00000000       0x43 ./Core/Src/main.o
                                 0x44 (size before relaxing)
 .comment       0x00000043       0x44 ./Core/Src/stm32l4xx_hal_msp.o
 .comment       0x00000043       0x44 ./Core/Src/stm32l4xx_it.o
 .comment       0x00000043       0x44 ./Core/Src/system_stm32l4xx.o
 .comment       0x00000043       0x44 ./Drivers/STM32L4xx_HAL_Driver/stm32l4xx_hal.o
 .comment       0x00000043       0x44 ./Drivers/STM32L4xx_HAL_Driver/stm32l4xx_hal_cortex.o
 .comment       0x00000043       0x44 ./Drivers/STM32L4xx_HAL_Driver/stm32l4xx_hal_dfsdm.o
 .comment       0x00000043       0x44 ./Drivers/STM32L4xx_HAL_Driver/stm32l4xx_hal_gpio.o
 .comment       0x00000043       0x44 ./Drivers/STM32L4xx_HAL_Driver/stm32l4xx_hal_i2c.o
 .comment       0x00000043       0x44 ./Drivers/STM32L4xx_HAL_Driver/stm32l4xx_hal_i2c_ex.o
 .comment       0x00000043       0x44 ./Drivers/STM32L4xx_HAL_Driver/stm32l4xx_hal_pcd.o
 .comment       0x00000043       0x44 ./Drivers/STM32L4xx_HAL_Driver/stm32l4xx_hal_pcd_ex.o
 .comment       0x00000043       0x44 ./Drivers/STM32L4xx_HAL_Driver/stm32l4xx_hal_pwr.o
 .comment       0x00000043       0x44 ./Drivers/STM32L4xx_HAL_Driver/stm32l4xx_hal_pwr_ex.o
 .comment       0x00000043       0x44 ./Drivers/STM32L4xx_HAL_Driver/stm32l4xx_hal_qspi.o
 .comment       0x00000043       0x44 ./Drivers/STM32L4xx_HAL_Driver/stm32l4xx_hal_rcc.o
 .comment       0x00000043       0x44 ./Drivers/STM32L4xx_HAL_Driver/stm32l4xx_hal_rcc_ex.o
 .comment       0x00000043       0x44 ./Drivers/STM32L4xx_HAL_Driver/stm32l4xx_hal_spi.o
 .comment       0x00000043       0x44 ./Drivers/STM32L4xx_HAL_Driver/stm32l4xx_hal_uart.o
 .comment       0x00000043       0x44 ./Drivers/STM32L4xx_HAL_Driver/stm32l4xx_ll_usb.o
 .comment       0x00000043       0x44 ./Middlewares/FreeRTOS/cmsis_os2.o
 .comment       0x00000043       0x44 ./Middlewares/FreeRTOS/heap_4.o
 .comment       0x00000043       0x44 ./Middlewares/FreeRTOS/list.o
 .comment       0x00000043       0x44 ./Middlewares/FreeRTOS/port.o
 .comment       0x00000043       0x44 ./Middlewares/FreeRTOS/queue.o
 .comment       0x00000043       0x44 ./Middlewares/FreeRTOS/tasks.o
 .comment       0x00000043       0x44 ./Middlewares/FreeRTOS/timers.o

.debug_frame    0x00000000     0x7e98
 .debug_frame   0x00000000      0x1e4 ./Core/Src/main.o
 .debug_frame   0x000001e4      0x1f4 ./Core/Src/stm32l4xx_hal_msp.o
 .debug_frame   0x000003d8       0xfc ./Core/Src/stm32l4xx_it.o
 .debug_frame   0x000004d4       0x58 ./Core/Src/system_stm32l4xx.o
 .debug_frame   0x0000052c      0x498 ./Drivers/STM32L4xx_HAL_Driver/stm32l4xx_hal.o
 .debug_frame   0x000009c4      0x4e8 ./Drivers/STM32L4xx_HAL_Driver/stm32l4xx_hal_cortex.o
 .debug_frame   0x00000eac      0xa78 ./Drivers/STM32L4xx_HAL_Driver/stm32l4xx_hal_dfsdm.o
 .debug_frame   0x00001924      0x14c ./Drivers/STM32L4xx_HAL_Driver/stm32l4xx_hal_gpio.o
 .debug_frame   0x00001a70      0xc38 ./Drivers/STM32L4xx_HAL_Driver/stm32l4xx_hal_i2c.o
 .debug_frame   0x000026a8      0x100 ./Drivers/STM32L4xx_HAL_Driver/stm32l4xx_hal_i2c_ex.o
 .debug_frame   0x000027a8      0x564 ./Drivers/STM32L4xx_HAL_Driver/stm32l4xx_hal_pcd.o
 .debug_frame   0x00002d0c      0x174 ./Drivers/STM32L4xx_HAL_Driver/stm32l4xx_hal_pcd_ex.o
 .debug_frame   0x00002e80      0x230 ./Drivers/STM32L4xx_HAL_Driver/stm32l4xx_hal_pwr.o
 .debug_frame   0x000030b0      0x544 ./Drivers/STM32L4xx_HAL_Driver/stm32l4xx_hal_pwr_ex.o
 .debug_frame   0x000035f4      0x658 ./Drivers/STM32L4xx_HAL_Driver/stm32l4xx_hal_qspi.o
 .debug_frame   0x00003c4c      0x21c ./Drivers/STM32L4xx_HAL_Driver/stm32l4xx_hal_rcc.o
 .debug_frame   0x00003e68      0x2fc ./Drivers/STM32L4xx_HAL_Driver/stm32l4xx_hal_rcc_ex.o
 .debug_frame   0x00004164      0x860 ./Drivers/STM32L4xx_HAL_Driver/stm32l4xx_hal_spi.o
 .debug_frame   0x000049c4      0x9f4 ./Drivers/STM32L4xx_HAL_Driver/stm32l4xx_hal_uart.o
 .debug_frame   0x000053b8      0x7bc ./Drivers/STM32L4xx_HAL_Driver/stm32l4xx_ll_usb.o
 .debug_frame   0x00005b74      0xbc8 ./Middlewares/FreeRTOS/cmsis_os2.o
 .debug_frame   0x0000673c      0x12c ./Middlewares/FreeRTOS/heap_4.o
 .debug_frame   0x00006868       0xd8 ./Middlewares/FreeRTOS/list.o
 .debug_frame   0x00006940      0x1a8 ./Middlewares/FreeRTOS/port.o
 .debug_frame   0x00006ae8      0x5ec ./Middlewares/FreeRTOS/queue.o
 .debug_frame   0x000070d4      0x8f0 ./Middlewares/FreeRTOS/tasks.o
 .debug_frame   0x000079c4      0x400 ./Middlewares/FreeRTOS/timers.o
 .debug_frame   0x00007dc4       0x20 C:/ST/STM32CubeIDE_1.17.0/STM32CubeIDE/plugins/com.st.stm32cube.ide.mcu.externaltools.gnu-tools-for-stm32.12.3.rel1.win32_1.1.0.202410251130/tools/bin/../lib/gcc/arm-none-eabi/12.3.1/../../../../arm-none-eabi/lib/thumb/v7e-m+fp/hard\libc_nano.a(libc_a-memset.o)
 .debug_frame   0x00007de4       0x2c C:/ST/STM32CubeIDE_1.17.0/STM32CubeIDE/plugins/com.st.stm32cube.ide.mcu.externaltools.gnu-tools-for-stm32.12.3.rel1.win32_1.1.0.202410251130/tools/bin/../lib/gcc/arm-none-eabi/12.3.1/../../../../arm-none-eabi/lib/thumb/v7e-m+fp/hard\libc_nano.a(libc_a-init.o)
 .debug_frame   0x00007e10       0x28 C:/ST/STM32CubeIDE_1.17.0/STM32CubeIDE/plugins/com.st.stm32cube.ide.mcu.externaltools.gnu-tools-for-stm32.12.3.rel1.win32_1.1.0.202410251130/tools/bin/../lib/gcc/arm-none-eabi/12.3.1/../../../../arm-none-eabi/lib/thumb/v7e-m+fp/hard\libc_nano.a(libc_a-memcpy-stub.o)
 .debug_frame   0x00007e38       0x2c C:/ST/STM32CubeIDE_1.17.0/STM32CubeIDE/plugins/com.st.stm32cube.ide.mcu.externaltools.gnu-tools-for-stm32.12.3.rel1.win32_1.1.0.202410251130/tools/bin/../lib/gcc/arm-none-eabi/12.3.1/thumb/v7e-m+fp/hard\libgcc.a(_aeabi_uldivmod.o)
 .debug_frame   0x00007e64       0x34 C:/ST/STM32CubeIDE_1.17.0/STM32CubeIDE/plugins/com.st.stm32cube.ide.mcu.externaltools.gnu-tools-for-stm32.12.3.rel1.win32_1.1.0.202410251130/tools/bin/../lib/gcc/arm-none-eabi/12.3.1/thumb/v7e-m+fp/hard\libgcc.a(_udivmoddi4.o)

.debug_line_str
                0x00000000       0x54
 .debug_line_str
                0x00000000       0x54 ./Core/Startup/startup_stm32l475vgtx.o
