../Drivers/CMSIS/Include/core_cm4.h:1906:22:__NVIC_SetVector	24	static
../Core/Src/main.c:88:5:__io_putchar	16	static
../Core/Src/main.c:93:6:HAL_ADC_MspInit	24	static
../Core/Src/main.c:104:6:HAL_ADC_MspDeInit	16	static
../Core/Src/main.c:114:6:ADC1_Init	48	static
../Core/Src/main.c:171:6:HAL_ADC_ConvCpltCallback	24	static
../Core/Src/main.c:188:6:HAL_ADC_ConvHalfCpltCallback	24	static
../Core/Src/main.c:205:6:DMA1_Channel1_IRQHandler	8	static
../Core/Src/main.c:211:6:ADC1_DMA1CH1_init	16	static
../Core/Src/main.c:240:6:HAL_TIM_Base_MspInit	24	static
../Core/Src/main.c:248:6:HAL_TIM_Base_MspDeInit	16	static
../Core/Src/main.c:257:13:TIM1_Init	40	static
../Core/Src/main.c:291:5:main	88	static
../Core/Src/main.c:388:6:SystemClock_Config	96	static
../Core/Src/main.c:449:13:MX_DFSDM1_Init	8	static
../Core/Src/main.c:487:13:MX_I2C2_Init	8	static
../Core/Src/main.c:535:13:MX_QUADSPI_Init	8	static
../Core/Src/main.c:568:13:MX_SPI3_Init	8	static
../Core/Src/main.c:608:13:MX_USART1_UART_Init	8	static
../Core/Src/main.c:643:13:MX_USART3_UART_Init	8	static
../Core/Src/main.c:678:13:MX_USB_OTG_FS_PCD_Init	8	static
../Core/Src/main.c:713:13:MX_GPIO_Init	48	static
../Core/Src/main.c:912:6:StartDefaultTask	16	static
../Core/Src/main.c:933:6:StartTaskPrint	32	static
../Core/Src/main.c:967:6:Error_Handler	4	static,ignoring_inline_asm
