../Drivers/BSP/B-L475E-IOT01A1/b_l475e_iot01a1.c:103:9:BSP_GetVersion	4	static
../Drivers/BSP/B-L475E-IOT01A1/b_l475e_iot01a1.c:115:9:BSP_LED_Init	16	static
../Drivers/BSP/B-L475E-IOT01A1/b_l475e_iot01a1.c:130:9:BSP_LED_DeInit	40	static
../Drivers/BSP/B-L475E-IOT01A1/b_l475e_iot01a1.c:153:9:BSP_LED_On	16	static
../Drivers/BSP/B-L475E-IOT01A1/b_l475e_iot01a1.c:170:9:BSP_LED_Off	16	static
../Drivers/BSP/B-L475E-IOT01A1/b_l475e_iot01a1.c:187:9:BSP_LED_Toggle	16	static
../Drivers/BSP/B-L475E-IOT01A1/b_l475e_iot01a1.c:204:9:BSP_LED_GetState	16	static
../Drivers/BSP/B-L475E-IOT01A1/b_l475e_iot01a1.c:212:13:LED_USER_GPIO_Init	40	static
../Drivers/BSP/B-L475E-IOT01A1/b_l475e_iot01a1.c:246:9:BSP_PB_Init	24	static
../Drivers/BSP/B-L475E-IOT01A1/b_l475e_iot01a1.c:286:9:BSP_PB_DeInit	40	static
../Drivers/BSP/B-L475E-IOT01A1/b_l475e_iot01a1.c:304:9:BSP_PB_GetState	16	static
../Drivers/BSP/B-L475E-IOT01A1/b_l475e_iot01a1.c:313:6:BSP_PB_IRQHandler	16	static
../Drivers/BSP/B-L475E-IOT01A1/b_l475e_iot01a1.c:323:13:BSP_PB_Callback	16	static
../Drivers/BSP/B-L475E-IOT01A1/b_l475e_iot01a1.c:336:13:BUTTON_USER_EXTI_Callback	8	static
../Drivers/BSP/B-L475E-IOT01A1/b_l475e_iot01a1.c:345:13:BUTTON_USER_GPIO_Init	40	static
../Drivers/BSP/B-L475E-IOT01A1/b_l475e_iot01a1.c:372:9:BSP_COM_Init	24	static
../Drivers/BSP/B-L475E-IOT01A1/b_l475e_iot01a1.c:410:9:BSP_COM_DeInit	24	static
../Drivers/BSP/B-L475E-IOT01A1/b_l475e_iot01a1.c:447:26:MX_USART1_UART_Init	24	static
../Drivers/BSP/B-L475E-IOT01A1/b_l475e_iot01a1.c:551:9:BSP_COM_SelectLogPort	16	static
../Drivers/BSP/B-L475E-IOT01A1/b_l475e_iot01a1.c:597:5:__io_putchar	16	static
../Drivers/BSP/B-L475E-IOT01A1/b_l475e_iot01a1.c:610:13:USART1_MspInit	184	static
../Drivers/BSP/B-L475E-IOT01A1/b_l475e_iot01a1.c:651:13:USART1_MspDeInit	16	static
../Drivers/BSP/B-L475E-IOT01A1/b_l475e_iot01a1.c:673:13:I2Cx_MspInit	48	static
../Drivers/BSP/B-L475E-IOT01A1/b_l475e_iot01a1.c:715:13:I2Cx_MspDeInit	40	static
../Drivers/BSP/B-L475E-IOT01A1/b_l475e_iot01a1.c:734:13:I2Cx_Init	16	static
../Drivers/BSP/B-L475E-IOT01A1/b_l475e_iot01a1.c:759:13:I2Cx_DeInit	16	static
../Drivers/BSP/B-L475E-IOT01A1/b_l475e_iot01a1.c:775:26:I2Cx_ReadMultiple	48	static
../Drivers/BSP/B-L475E-IOT01A1/b_l475e_iot01a1.c:801:26:I2Cx_WriteMultiple	48	static
../Drivers/BSP/B-L475E-IOT01A1/b_l475e_iot01a1.c:824:26:I2Cx_IsDeviceReady	24	static
../Drivers/BSP/B-L475E-IOT01A1/b_l475e_iot01a1.c:835:13:I2Cx_Error	16	static
../Drivers/BSP/B-L475E-IOT01A1/b_l475e_iot01a1.c:857:6:SENSOR_IO_Init	8	static
../Drivers/BSP/B-L475E-IOT01A1/b_l475e_iot01a1.c:866:6:SENSOR_IO_DeInit	8	static
../Drivers/BSP/B-L475E-IOT01A1/b_l475e_iot01a1.c:878:6:SENSOR_IO_Write	24	static
../Drivers/BSP/B-L475E-IOT01A1/b_l475e_iot01a1.c:889:9:SENSOR_IO_Read	32	static
../Drivers/BSP/B-L475E-IOT01A1/b_l475e_iot01a1.c:907:10:SENSOR_IO_ReadMultiple	24	static
../Drivers/BSP/B-L475E-IOT01A1/b_l475e_iot01a1.c:921:6:SENSOR_IO_WriteMultiple	24	static
../Drivers/BSP/B-L475E-IOT01A1/b_l475e_iot01a1.c:933:19:SENSOR_IO_IsDeviceReady	16	static
../Drivers/BSP/B-L475E-IOT01A1/b_l475e_iot01a1.c:943:6:SENSOR_IO_Delay	16	static
../Drivers/BSP/B-L475E-IOT01A1/b_l475e_iot01a1.c:955:6:NFC_IO_Init	40	static
../Drivers/BSP/B-L475E-IOT01A1/b_l475e_iot01a1.c:997:6:NFC_IO_DeInit	8	static
../Drivers/BSP/B-L475E-IOT01A1/b_l475e_iot01a1.c:1009:10:NFC_IO_ReadMultiple	32	static
../Drivers/BSP/B-L475E-IOT01A1/b_l475e_iot01a1.c:1035:11:NFC_IO_WriteMultiple	32	static
../Drivers/BSP/B-L475E-IOT01A1/b_l475e_iot01a1.c:1060:12:NFC_IO_IsDeviceReady	32	static
../Drivers/BSP/B-L475E-IOT01A1/b_l475e_iot01a1.c:1088:6:NFC_IO_ReadState	16	static
../Drivers/BSP/B-L475E-IOT01A1/b_l475e_iot01a1.c:1097:6:NFC_IO_RfDisable	16	static
../Drivers/BSP/B-L475E-IOT01A1/b_l475e_iot01a1.c:1107:6:NFC_IO_Delay	16	static
