../Core/Src/main.c:138:5:main	120	static
../Core/Src/main.c:283:6:SystemClock_Config	96	static
../Core/Src/main.c:344:13:MX_DFSDM1_Init	8	static
../Core/Src/main.c:382:13:MX_I2C2_Init	8	static
../Core/Src/main.c:430:13:MX_QUADSPI_Init	8	static
../Core/Src/main.c:463:13:MX_SPI3_Init	8	static
../Core/Src/main.c:503:13:MX_USART1_UART_Init	8	static
../Core/Src/main.c:538:13:MX_USART3_UART_Init	8	static
../Core/Src/main.c:573:13:MX_USB_OTG_FS_PCD_Init	8	static
../Core/Src/main.c:608:13:MX_GPIO_Init	48	static
../Core/Src/main.c:804:6:Error_Handler	4	static,ignoring_inline_asm
