../Core/Src/main.c:101:5:main	72	static
../Core/Src/main.c:188:6:SystemClock_Config	96	static
../Core/Src/main.c:249:13:MX_DFSDM1_Init	8	static
../Core/Src/main.c:287:13:MX_I2C2_Init	8	static
../Core/Src/main.c:335:13:MX_QUADSPI_Init	8	static
../Core/Src/main.c:368:13:MX_USART3_UART_Init	8	static
../Core/Src/main.c:403:13:MX_USB_OTG_FS_PCD_Init	8	static
../Core/Src/main.c:438:13:MX_GPIO_Init	48	static
../Core/Src/main.c:649:6:Start_TASK_ACC	24	static
../Core/Src/main.c:683:6:StartTASK_BLE	16	static
../Core/Src/main.c:699:6:Error_Handler	4	static,ignoring_inline_asm
