../Core/Src/main.c:188:6:HAL_TIM_PeriodElapsedCallback	16	static
../Core/Src/main.c:202:5:main	8	static
../Core/Src/main.c:324:6:SystemClock_Config	96	static
../Core/Src/main.c:385:13:MX_DFSDM1_Init	8	static
../Core/Src/main.c:423:13:MX_I2C2_Init	8	static
../Core/Src/main.c:471:13:MX_QUADSPI_Init	8	static
../Core/Src/main.c:504:13:MX_SPI3_Init	8	static
../Core/Src/main.c:544:13:MX_TIM4_Init	40	static
../Core/Src/main.c:589:13:MX_USART1_UART_Init	8	static
../Core/Src/main.c:624:13:MX_USART3_UART_Init	8	static
../Core/Src/main.c:659:13:MX_USB_OTG_FS_PCD_Init	8	static
../Core/Src/main.c:694:13:MX_GPIO_Init	48	static
../Core/Src/main.c:893:6:StartSensorTask	40	static
../Core/Src/main.c:941:6:StartFilterTask	72	static
../Core/Src/main.c:987:6:StartTransmitTask	304	static
../Core/Src/main.c:1150:6:Error_Handler	4	static,ignoring_inline_asm
../Core/Src/main.c:1184:1:__io_putchar	16	static
../Core/Src/main.c:1199:6:HAL_GPIO_EXTI_Callback	16	static
../Core/Src/main.c:1215:6:SPI3_IRQHandler	8	static
